--------- beginning of main
05-28 20:48:58.928  3042  3042 I Launcher.NotificationListener: onNotificationPosted : com.android.systemui number : 0
05-28 20:48:58.930  4727  4727 I Edge.badge: updateBadge item = com.android.systemui:-1 1
05-28 20:48:58.953  2564  2564 D PluginAODManager: onNotificationInfoUpdated() 3
05-28 20:48:58.953  2564  2564 D PluginAODManager: onNotificationInfoUpdated() 0|com.sec.android.daemonapp|1|null|10167
05-28 20:48:58.953  2564  2564 D PluginAODManager: onNotificationInfoUpdated() 0|com.samsung.android.lool|2000|null|1000
05-28 20:48:58.953  2564  2564 D PluginAODManager: onNotificationInfoUpdated() 0|com.samsung.android.app.smartcapture|5755|null|10199
05-28 20:48:58.953  2564  2564 I AODNotificationManager: updateVisibleNotifications: 3
05-28 20:48:58.958  2564  2564 I FaceWidgetPositionAlgorithm: getClockContainerHeight() supplier = 412, bottom margin = 96, real height = 508
05-28 20:48:58.958  2564  2564 I FaceWidgetPositionAlgorithm: getMediaContainerHeight() height = 0 container Visibility = 8, isValid = false, mIsDozing = true, fraction = 1.0, source = 0, target = 0
05-28 20:48:58.958  2564  2564 I FaceWidgetPositionAlgorithm: getMediaContainerHeight() supplier = 0
05-28 20:48:58.958  2564  2564 I FaceWidgetPositionAlgorithm: getClockContainerHeight() supplier = 412, bottom margin = 0, real height = 508
05-28 20:48:58.959  2564  2564 I FaceWidgetPositionAlgorithm: getClockContainerHeight() supplier = 412, bottom margin = 96, real height = 508
05-28 20:48:58.959  2564  2564 I FaceWidgetPositionAlgorithm: getMediaContainerHeight() height = 0 container Visibility = 8, isValid = false, mIsDozing = true, fraction = 1.0, source = 0, target = 0
05-28 20:48:58.959  2564  2564 I FaceWidgetPositionAlgorithm: getMediaContainerHeight() supplier = 0
05-28 20:48:58.960  2564  2564 I FaceWidgetPositionAlgorithm: getClockContainerHeight() supplier = 412, bottom margin = 0, real height = 508
05-28 20:48:59.130  2564  2564 D BubblesManager: onEntryUpdated : shouldBubbleUp=true ,key=-1|com.android.systemui|2131428972|charging_state|10042
05-28 20:48:59.131  2564  2625 W Bubbles : Unable to create bubble -- no intent: -1|com.android.systemui|2131428972|charging_state|10042
05-28 20:48:59.132  2564  2564 D InterruptionStateProvider:  no Heads up : edgelighting enabled app. -1|com.android.systemui|2131428972|charging_state|10042
05-28 20:48:59.134  2564  2564 D PluginAODManager: onEntryUpdated: 
--------- beginning of system
05-28 20:48:59.144  1256  1256 D PowerManagerService: [api] release WakeLock DRAW_WAKE_LOCK                 'Window:NotificationShade' ACQ=-200ms (uid=1000 pid=1256 ws=WorkSource{10042 com.android.systemui} displayId=-1 lock=5aa7902)
05-28 20:48:59.146  1256  6166 D PowerManagerService: [api] acquire WakeLock DRAW_WAKE_LOCK                 'Window:NotificationShade' (uid=1000 pid=1256 ws=WorkSource{10042 com.android.systemui} displayId=-1 lock=5aa7902)
05-28 20:48:59.161  2564  2564 D PluginAODManager: onNotificationInfoUpdated() 3
05-28 20:48:59.161  2564  2564 D PluginAODManager: onNotificationInfoUpdated() 0|com.sec.android.daemonapp|1|null|10167
05-28 20:48:59.161  2564  2564 D PluginAODManager: onNotificationInfoUpdated() 0|com.samsung.android.lool|2000|null|1000
05-28 20:48:59.161  2564  2564 D PluginAODManager: onNotificationInfoUpdated() 0|com.samsung.android.app.smartcapture|5755|null|10199
05-28 20:48:59.161  2564  2564 I AODNotificationManager: updateVisibleNotifications: 3
05-28 20:48:59.162  2564  2564 I FaceWidgetPositionAlgorithm: getClockContainerHeight() supplier = 412, bottom margin = 96, real height = 508
05-28 20:48:59.162  2564  2564 I FaceWidgetPositionAlgorithm: getMediaContainerHeight() height = 0 container Visibility = 8, isValid = false, mIsDozing = true, fraction = 1.0, source = 0, target = 0
05-28 20:48:59.162  2564  2564 I FaceWidgetPositionAlgorithm: getMediaContainerHeight() supplier = 0
05-28 20:48:59.162  2564  2564 I FaceWidgetPositionAlgorithm: getClockContainerHeight() supplier = 412, bottom margin = 0, real height = 508
05-28 20:48:59.164  2564  2564 I FaceWidgetPositionAlgorithm: getClockContainerHeight() supplier = 412, bottom margin = 96, real height = 508
05-28 20:48:59.164  2564  2564 I FaceWidgetPositionAlgorithm: getMediaContainerHeight() height = 0 container Visibility = 8, isValid = false, mIsDozing = true, fraction = 1.0, source = 0, target = 0
05-28 20:48:59.164  2564  2564 I FaceWidgetPositionAlgorithm: getMediaContainerHeight() supplier = 0
05-28 20:48:59.164  2564  2564 I FaceWidgetPositionAlgorithm: getClockContainerHeight() supplier = 412, bottom margin = 0, real height = 508
05-28 20:48:59.201  2564  2564 D PluginAODManager: onNotificationInfoUpdated() 3
05-28 20:48:59.201  2564  2564 D PluginAODManager: onNotificationInfoUpdated() 0|com.sec.android.daemonapp|1|null|10167
05-28 20:48:59.201  2564  2564 D PluginAODManager: onNotificationInfoUpdated() 0|com.samsung.android.lool|2000|null|1000
05-28 20:48:59.201  2564  2564 D PluginAODManager: onNotificationInfoUpdated() 0|com.samsung.android.app.smartcapture|5755|null|10199
05-28 20:48:59.201  2564  2564 I AODNotificationManager: updateVisibleNotifications: 3
05-28 20:48:59.207  2564  2564 I FaceWidgetPositionAlgorithm: getClockContainerHeight() supplier = 412, bottom margin = 96, real height = 508
05-28 20:48:59.207  2564  2564 I FaceWidgetPositionAlgorithm: getMediaContainerHeight() height = 0 container Visibility = 8, isValid = false, mIsDozing = true, fraction = 1.0, source = 0, target = 0
05-28 20:48:59.207  2564  2564 I FaceWidgetPositionAlgorithm: getMediaContainerHeight() supplier = 0
05-28 20:48:59.207  2564  2564 I FaceWidgetPositionAlgorithm: getClockContainerHeight() supplier = 412, bottom margin = 0, real height = 508
05-28 20:48:59.208  2564  2564 I FaceWidgetPositionAlgorithm: getClockContainerHeight() supplier = 412, bottom margin = 96, real height = 508
05-28 20:48:59.208  2564  2564 I FaceWidgetPositionAlgorithm: getMediaContainerHeight() height = 0 container Visibility = 8, isValid = false, mIsDozing = true, fraction = 1.0, source = 0, target = 0
05-28 20:48:59.208  2564  2564 I FaceWidgetPositionAlgorithm: getMediaContainerHeight() supplier = 0
05-28 20:48:59.208  2564  2564 I FaceWidgetPositionAlgorithm: getClockContainerHeight() supplier = 412, bottom margin = 0, real height = 508
05-28 20:48:59.362  6626  6652 I ContactsProvider_EventLog: cp_s: [CONTACT con(0) dat(0) acc({}) calls([logtype:100 cnt:79, logtype:200 cnt:1, logtype:300 cnt:489, logtype:1150 cnt:2]) Iso(AU) uId(0) ]
05-28 20:48:59.362  6626  6652 I ContactsProvider_EventLog: cp_s: [ agr({}) ]
05-28 20:48:59.362  6626  6652 I ContactsProvider_EventLog: cp_s: [ cnt({acore(6626)=1}) ]
05-28 20:48:59.362  6626  6652 I ContactsProvider_EventLog: cp_s: [PROFILE ] [SAPROFILE con(1) acc({phone(1)=1}) ]
05-28 20:48:59.362  6626  6652 I ContactsProvider_EventLog: cp_s: [STATE R(T) ]
05-28 20:48:59.393  1256  1256 D PowerManagerService: [api] release WakeLock DRAW_WAKE_LOCK                 'Window:NotificationShade' ACQ=-246ms (uid=1000 pid=1256 ws=WorkSource{10042 com.android.systemui} displayId=-1 lock=5aa7902 acqCnt=1)
05-28 20:48:59.659  1364  2418 I bauth_FPBAuthService: pcf : 0x1012, 0 ,1 ,0 ,1 ,0 ,0, 7.0.0.0
05-28 20:48:59.659  1364  2418 I bauth_FPBAuthService: thread id : 1, preenroll_flag : 0, nd cnt : 0, cso : 0, et : 0
05-28 20:48:59.659  1364  2418 I bauth_FPBAuthService: FPBAuthService, 11511
05-28 20:48:59.731  1256  6166 D PowerManagerService: [api] release WakeLock DRAW_WAKE_LOCK                 'charging_info' ACQ=-1s5ms (uid=10042 pid=2564 displayId=-1 lock=2c78c67)
05-28 20:48:59.732  1256  6166 D PowerManagerService: displayReady: false groupId=0
05-28 20:48:59.733  1256  1687 D DisplayPowerController[0]: animateScreenStateChange: target=4, mLogicalDisplay.isEnabled()=true
05-28 20:48:59.735  1256  1687 D PowerManagerService: [PWL] sb acquire: PowerManagerService.Display
05-28 20:48:59.737  1256  1677 D BatteryExternalStatsWorker: update stats : screen-state (1)
05-28 20:48:59.738  1256  2314 D DisplayManagerService: !@display_state requestDisplayStateInternal: DOZE -> DOZE_SUSPEND displayId=0
05-28 20:48:59.738  1256  2314 D SemInputDeviceManagerService: currentDisplayState[1]:DOZE(3)
05-28 20:48:59.738  1256  2314 D SemInputDeviceManagerService: EARLY: Logical: DOZE_SUSPEND(4) Physical: DOZE_SUSPEND(4) [Using: DOZE_SUSPEND(4)] displayType: 1
05-28 20:48:59.739  1256  2314 D LocalDisplayAdapter: notifyStateChangeStart: com.samsung.android.hardware.secinputdev.SemInputDeviceManagerService$8@6d21dc took 0 ms
05-28 20:48:59.739  1256  2314 D LocalDisplayAdapter: !@display_state: DOZE -> DOZE_SUSPEND (id:4630947232161729153)
05-28 20:48:59.739  1256  1631 I DisplayDeviceRepository: Display device changed state: "内置屏幕", DOZE_SUSPEND
05-28 20:48:59.739  1127  1127 D SurfaceFlinger: Setting power mode 3 on display 4630947232161729153
05-28 20:48:59.742  1256  1256 D Native_CFMS: CFMS Change FPS For VRR(60)
05-28 20:48:59.743  1256  1256 D SGM:GameManager: onDisplayChanged. displyId: 0, state: 4
05-28 20:48:59.744  1256  2193 D SGM:FgCheckThread: onLooperPrepared(), msg: MSG_LCD_OFF
05-28 20:48:59.749  1023  1174 I SDM     : DisplayBase::SetDisplayState: Set state = 3, display 29-0, teardown = 0
05-28 20:48:59.749  1127  1127 D SurfaceFlinger: Finished setting power mode 3 on display 4630947232161729153
05-28 20:48:59.750  7962  7962 I BSS_SysUiClient: handleDisplayChanged: 4
05-28 20:48:59.751  1256  2314 D LocalDisplayAdapter: !@display_state: DOZE_SUSPEND took 12 ms
05-28 20:48:59.751  1256  2314 D SemInputDeviceManagerService: currentDisplayState[1]:DOZE_SUSPEND(4)
05-28 20:48:59.751  1256  2314 D SemInputDeviceManagerService: LATE: Logical: DOZE_SUSPEND(4) Physical: DOZE_SUSPEND(4) [Using: DOZE_SUSPEND(4)] displayType: 1
05-28 20:48:59.751  1256  2314 D LocalDisplayAdapter: notifyStateChangeFinish: com.samsung.android.hardware.secinputdev.SemInputDeviceManagerService$8@6d21dc took 0 ms
05-28 20:48:59.751  1256  2314 D DisplayPowerController[0]: setActualDisplayState: DOZE -> DOZE_SUSPEND
05-28 20:48:59.751  2564  2564 D DisplayLifecycle: updateDisplay id = 0
05-28 20:48:59.752  1256  1687 D DisplayPowerController[0]: animateScreenStateChange: target=4, mLogicalDisplay.isEnabled()=true
05-28 20:48:59.753  7962  7962 I BSS_InDisplaySensorWindow: handleScreenEvent : false, false, false
05-28 20:48:59.753  1256  1687 D DisplayPowerController[0]: animateScreenStateChange: target=4, mLogicalDisplay.isEnabled()=true
05-28 20:48:59.753  1256  1687 D PowerManagerService: displayReady: true groupId=0
05-28 20:48:59.753  1256  1687 D PowerManagerService: [PWL] sb release: PowerManagerService.Display
05-28 20:48:59.754  2564  2564 I AODTriggers: onAODEventDispatched = 4 / eventData = r7.a$d@ce5852e
05-28 20:48:59.754  2564  2564 I AOD_LIVE_CLOCK@LiveClockController: updateDisplayState: DISPLAY_STATE_DOZE_SUSPEND
05-28 20:48:59.758 12955 12955 I NearbyDiscovery: (REDACTED) FastPairDisplayObserver: %s -> %s
05-28 20:48:59.761  1256  1677 E KernelCpuSpeedReader: Failed to read cpu-freq: /sys/devices/system/cpu/cpu7/cpufreq/stats/time_in_state: open failed: ENOENT (No such file or directory)
05-28 20:48:59.761  1256  1677 E KernelCpuSpeedReader: Failed to read cpu-freq: /sys/devices/system/cpu/cpu4/cpufreq/stats/time_in_state: open failed: ENOENT (No such file or directory)
05-28 20:48:59.761  1256  1677 E KernelCpuSpeedReader: Failed to read cpu-freq: /sys/devices/system/cpu/cpu0/cpufreq/stats/time_in_state: open failed: ENOENT (No such file or directory)
05-28 20:48:59.761  1256  1677 D BatteryExternalStatsWorker: Update CPU state
05-28 20:48:59.761  1256  1677 D BatteryExternalStatsWorker: mStats lock released
05-28 20:48:59.761  1256  1677 D BatteryExternalStatsWorker: done updateExternalStatsLocked
05-28 20:49:00.504   703   703 D io_stats: !@   8,0 r 4229605 135409772 w 2302004 37257504 d 895720 35460512 f 0 0 iot 1475548 0 th 0 0 0 pt 0 inp 0 0 50112.166
05-28 20:49:00.661  1364  2418 I bauth_FPBAuthService: pcf : 0x1012, 0 ,1 ,0 ,1 ,0 ,0, 7.0.0.0
05-28 20:49:00.661  1364  2418 I bauth_FPBAuthService: thread id : 1, preenroll_flag : 0, nd cnt : 0, cso : 0, et : 0
05-28 20:49:00.662  1364  2418 I bauth_FPBAuthService: FPBAuthService, 11511
05-28 20:49:00.747  1256  1681 D MARsPolicyManager: triggerAction called!
05-28 20:49:00.747  1256  1681 I NSLocationMonitor: getGPSUsingApps() called
05-28 20:49:00.762  3428  3442 I NSLocationManager_FLP: getGPSUsingApps, NO_FREEZE={5013} / FREEZE={10235}
05-28 20:49:01.662  1364  2418 I bauth_FPBAuthService: pcf : 0x1012, 0 ,1 ,0 ,1 ,0 ,0, 7.0.0.0
05-28 20:49:01.662  1364  2418 I bauth_FPBAuthService: thread id : 1, preenroll_flag : 0, nd cnt : 0, cso : 0, et : 0
05-28 20:49:01.662  1364  2418 I bauth_FPBAuthService: FPBAuthService, 11511
05-28 20:49:01.740  2564  2564 D KeyguardSecIndicationPolicy:  remove Item pos = DEFAULT                             , id =  2165, 
05-28 20:49:01.741  2564  2564 D KeyguardSecIndicationPolicy:   update top pos = DEFAULT, item = [id=2165|ty=BATTERY|pr=40|txt=  63%
05-28 20:49:01.741  2564  2564 D KeyguardSecIndicationPolicy: 还剩 50 分钟充满电|ti=duration=3000|an=false] -> [id=2166|ty=BATTERY_RESTING|pr=20|txt=  63%
05-28 20:49:01.741  2564  2564 D KeyguardSecIndicationPolicy: 还剩 50 分钟充满电|ti=duration=PERSISTENT|an=false]
05-28 20:49:01.742  2564  2564 D KeyguardSecIndicationController: onIndicationChanged() return - keyguard is not visible, pos = DEFAULT, item = [id=2166|ty=BATTERY_RESTING|pr=20|txt=  63%
05-28 20:49:01.742  2564  2564 D KeyguardSecIndicationController: 还剩 50 分钟充满电|ti=duration=PERSISTENT|an=false]
05-28 20:49:01.917  1256  2222 D ConnectivityService: reportNetworkActive, notify 1 listeners
05-28 20:49:01.964  1002  9857 I sensors-hal: handle_sns_std_sensor_event:131, [SSC_LIGHT] A: 20(20),m:0,c:0,b:0,ch:0,r:0,bl:0,16:0
05-28 20:49:02.662  1364  2418 I bauth_FPBAuthService: pcf : 0x1012, 0 ,1 ,0 ,1 ,0 ,0, 7.0.0.0
05-28 20:49:02.663  1364  2418 I bauth_FPBAuthService: thread id : 1, preenroll_flag : 0, nd cnt : 0, cso : 0, et : 0
05-28 20:49:02.663  1364  2418 I bauth_FPBAuthService: FPBAuthService, 11511
05-28 20:49:03.663  1364  2418 I bauth_FPBAuthService: pcf : 0x1012, 0 ,1 ,0 ,1 ,0 ,0, 7.0.0.0
05-28 20:49:03.663  1364  2418 I bauth_FPBAuthService: thread id : 1, preenroll_flag : 0, nd cnt : 0, cso : 0, et : 0
05-28 20:49:03.663  1364  2418 I bauth_FPBAuthService: FPBAuthService, 11511
05-28 20:49:03.726  2564  2564 D SecPowerUI.Notification: showChargingNotice oldChargingType : 11 / currentChargingType : 11, oldChargingTime : 3008000 / mChargingTime : 3008000
05-28 20:49:03.726  2564  2564 D SecPowerUI.Notification: There is no change about charging status, so return!
05-28 20:49:04.506   703   703 D io_stats: !@   8,0 r 4229605 135409772 w 2302010 37257572 d 895720 35460512 f 0 0 iot 1475556 0 th 0 0 0 pt 0 inp 0 0 50116.169
05-28 20:49:04.665  1364  2418 I bauth_FPBAuthService: pcf : 0x1012, 0 ,1 ,0 ,1 ,0 ,0, 7.0.0.0
05-28 20:49:04.666  1364  2418 I bauth_FPBAuthService: thread id : 1, preenroll_flag : 0, nd cnt : 0, cso : 0, et : 0
05-28 20:49:04.666  1364  2418 I bauth_FPBAuthService: FPBAuthService, 11511
05-28 20:49:05.005  2564  2564 I AOD_BRIGHTNESS@BrightnessManager: setSensorBrightness: 2
05-28 20:49:05.011  2564  2564 I AbsSettings: putStringInner: updated a / aod_brightness_value=2
05-28 20:49:05.011  2564  2564 I AODChargingModel: onChargingLightSensorChanged lux : 55.0 appliedBrightness = 1 currentBrightness = 2
05-28 20:49:05.013  2564  2564 I AOD_BRIGHTNESS@BrightnessManager: mCurrentBrightness : HighNit[true], NitMode[30NIT], isForceState[0, ForceStateReason[{}, ], isAutoBrightness[true], mAppliedBrightness[1]
05-28 20:49:05.013  2564  2564 I AOD_BRIGHTNESS@AlwaysOnDisplayEx: updateDozeBrightness: doze [65538] last [10NIT] change to [30NIT]
05-28 20:49:05.014  2564  2564 I AOD_WAKELOCK@WakeLockManager: acquireIfExists: tag - AOD_DRAW, timeout - 100, reason - set Doze Brightness updateDozeBrightness, wakeLock = WakeLock{ed880c0 held=false, refCount=0}
05-28 20:49:05.015  1256  6166 D PowerManagerService: [api] acquire WakeLock DRAW_WAKE_LOCK                 'AOD_DRAW' (uid=10042 pid=2564 displayId=-1 lock=a4cd7ac)
05-28 20:49:05.015  1256  6166 D PowerManagerService: displayReady: false groupId=0
05-28 20:49:05.015  1256  1687 D DisplayPowerController[0]: animateScreenStateChange: target=3, mLogicalDisplay.isEnabled()=true
05-28 20:49:05.018  1256  1687 D PowerManagerService: [PWL] sb acquire: PowerManagerService.Display
05-28 20:49:05.020  1256  1677 D BatteryExternalStatsWorker: update stats : screen-state (1)
05-28 20:49:05.027  1256  2314 D DisplayManagerService: !@display_state requestDisplayStateInternal: DOZE_SUSPEND -> DOZE displayId=0
05-28 20:49:05.028  1256  2314 D SemInputDeviceManagerService: currentDisplayState[1]:DOZE_SUSPEND(4)
05-28 20:49:05.028  1256  2314 D SemInputDeviceManagerService: EARLY: Logical: DOZE(3) Physical: DOZE(3) [Using: DOZE(3)] displayType: 1
05-28 20:49:05.028  1256  2314 D LocalDisplayAdapter: notifyStateChangeStart: com.samsung.android.hardware.secinputdev.SemInputDeviceManagerService$8@6d21dc took 0 ms
05-28 20:49:05.028  1256  2314 D LocalDisplayAdapter: !@display_state: DOZE_SUSPEND -> DOZE (id:4630947232161729153)
05-28 20:49:05.028  1127  1127 D SurfaceFlinger: Setting power mode 1 on display 4630947232161729153
05-28 20:49:05.029  1256  1631 I DisplayDeviceRepository: Display device changed state: "内置屏幕", DOZE
05-28 20:49:05.029  1256  6166 D PowerManagerService: [api] setDozeOverrideFromDreamManager: screenState: DOZE_SUSPEND mode: 0x10002 screenBrightness: 71 shouldWait: false
05-28 20:49:05.030  1023  1174 I SDM     : DisplayBase::SetDisplayState: Set state = 2, display 29-0, teardown = 0
05-28 20:49:05.030  1127  1127 D SurfaceFlinger: Finished setting power mode 1 on display 4630947232161729153
05-28 20:49:05.031  1256  1687 D DisplayPowerController[0]: animateScreenStateChange: target=3, mLogicalDisplay.isEnabled()=true
05-28 20:49:05.031  1256  1687 D DisplayPowerController[0]: Animating brightness: target=71(0.28), rate=0.000, rateAtHbm=0.000, reason=doze[71]
05-28 20:49:05.032  1256  1256 D Native_CFMS: CFMS Change FPS For VRR(60)
05-28 20:49:05.032  1256  1256 D SGM:GameManager: onDisplayChanged. displyId: 0, state: 3
05-28 20:49:05.032  1256  2193 D SGM:FgCheckThread: onLooperPrepared(), msg: MSG_LCD_OFF
05-28 20:49:05.038  7962  7962 I BSS_SysUiClient: handleDisplayChanged: 3
05-28 20:49:05.038  2564  2564 D DisplayLifecycle: updateDisplay id = 0
05-28 20:49:05.038  1256  1687 D AdaptiveBrightnessLongtermModelBuilder: notifyBrightnessChanged(brightness=31.500000, userInitiated=false)
05-28 20:49:05.038  1256  1687 D DisplayPowerController[0]: saveBrightnessInfo: brt:0.44313726 adjBrt:0.2784314 min:0.0 max:1.0 hbm:0 tp:1.0 throttler:0
05-28 20:49:05.038  1256  1687 I DisplayPowerController[0]: BrightnessEvent: disp=0, brt=0.2784314, rcmdBrt=NaN, preBrt=NaN, lux=0.0, preLux=0.0, hbmMax=1.0, hbmMode=off, thrmMax=1.0, flags=, reason=doze
05-28 20:49:05.039  1256  1687 D DisplayPowerController[0]: animateScreenStateChange: target=3, mLogicalDisplay.isEnabled()=true
05-28 20:49:05.040  7962  7962 I BSS_InDisplaySensorWindow: handleScreenEvent : false, false, false
05-28 20:49:05.040  1256  2314 D LocalDisplayAdapter: !@display_state: DOZE took 12 ms
05-28 20:49:05.040  1256  2314 D SemInputDeviceManagerService: currentDisplayState[1]:DOZE(3)
05-28 20:49:05.040  1256  2314 D SemInputDeviceManagerService: LATE: Logical: DOZE(3) Physical: DOZE(3) [Using: DOZE(3)] displayType: 1
05-28 20:49:05.041  1256  2314 D LocalDisplayAdapter: notifyStateChangeFinish: com.samsung.android.hardware.secinputdev.SemInputDeviceManagerService$8@6d21dc took 0 ms
05-28 20:49:05.041  1256  2314 D DisplayPowerController[0]: setActualDisplayState: DOZE_SUSPEND -> DOZE
05-28 20:49:05.041  1256  1687 D DisplayPowerController[0]: animateScreenStateChange: target=3, mLogicalDisplay.isEnabled()=true
05-28 20:49:05.041  1256  1687 D DisplayPowerController[0]: animateScreenStateChange: target=3, mLogicalDisplay.isEnabled()=true
05-28 20:49:05.041  1256  1687 D PowerManagerService: displayReady: true groupId=0
05-28 20:49:05.041  1256  1687 D PowerManagerService: [PWL] sb release: PowerManagerService.Display
05-28 20:49:05.042 12955 12955 I NearbyDiscovery: (REDACTED) FastPairDisplayObserver: %s -> %s
05-28 20:49:05.043  1006  1006 I SehLight: lcd : 7100+
05-28 20:49:05.044  1006  1006 I SehLight: lcd : 7100-
05-28 20:49:05.044  1256  1655 D AdaptiveBrightnessLongtermModelBuilder: handleBrightnessChanged: brightness: 31.5 userInitiated: false
05-28 20:49:05.044  1256  1655 D AdaptiveBrightnessLongtermModelBuilder: updateAdaptiveBrightnessStats: l:35.0 b:31.5 u: false
05-28 20:49:05.044  2564  2564 I AODTriggers: onAODEventDispatched = 4 / eventData = r7.a$d@be1e8cf
05-28 20:49:05.044  2564  2564 I AOD_LIVE_CLOCK@LiveClockController: updateDisplayState: DISPLAY_STATE_DOZE
05-28 20:49:05.055  1256  1256 D BrightnessSynchronizer: onDisplayChanged() : displayId=0
05-28 20:49:05.055  1256  1256 D BrightnessSynchronizer: updateScreenBrightness: type=2 mPreferredSettingValue=0.44313726(113) currentBrightnessInt=113 currentBrightnessIntFromFloat=113(0.44313726)
05-28 20:49:05.060  1256  1677 E KernelCpuSpeedReader: Failed to read cpu-freq: /sys/devices/system/cpu/cpu7/cpufreq/stats/time_in_state: open failed: ENOENT (No such file or directory)
05-28 20:49:05.060  1256  1677 E KernelCpuSpeedReader: Failed to read cpu-freq: /sys/devices/system/cpu/cpu4/cpufreq/stats/time_in_state: open failed: ENOENT (No such file or directory)
05-28 20:49:05.060  1256  1677 E KernelCpuSpeedReader: Failed to read cpu-freq: /sys/devices/system/cpu/cpu0/cpufreq/stats/time_in_state: open failed: ENOENT (No such file or directory)
05-28 20:49:05.060  1256  1677 D BatteryExternalStatsWorker: Update CPU state
05-28 20:49:05.061  1256  1677 D BatteryExternalStatsWorker: mStats lock released
05-28 20:49:05.061  1256  1677 D BatteryExternalStatsWorker: done updateExternalStatsLocked
05-28 20:49:05.129  1256  5809 D PowerManagerService: [api] release WakeLock DRAW_WAKE_LOCK                 'AOD_DRAW' ACQ=-103ms (uid=10042 pid=2564 displayId=-1 lock=a4cd7ac)
05-28 20:49:05.130  1256  5809 D PowerManagerService: displayReady: false groupId=0
05-28 20:49:05.131  1256  1687 D DisplayPowerController[0]: animateScreenStateChange: target=4, mLogicalDisplay.isEnabled()=true
05-28 20:49:05.132  1256  1687 D PowerManagerService: [PWL] sb acquire: PowerManagerService.Display
05-28 20:49:05.133  1256  1677 D BatteryExternalStatsWorker: update stats : screen-state (1)
05-28 20:49:05.134  1256  1677 E KernelCpuSpeedReader: Failed to read cpu-freq: /sys/devices/system/cpu/cpu7/cpufreq/stats/time_in_state: open failed: ENOENT (No such file or directory)
05-28 20:49:05.134  1256  1677 E KernelCpuSpeedReader: Failed to read cpu-freq: /sys/devices/system/cpu/cpu4/cpufreq/stats/time_in_state: open failed: ENOENT (No such file or directory)
05-28 20:49:05.134  1256  1677 E KernelCpuSpeedReader: Failed to read cpu-freq: /sys/devices/system/cpu/cpu0/cpufreq/stats/time_in_state: open failed: ENOENT (No such file or directory)
05-28 20:49:05.134  1256  2314 D DisplayManagerService: !@display_state requestDisplayStateInternal: DOZE -> DOZE_SUSPEND displayId=0
05-28 20:49:05.134  1256  1677 D BatteryExternalStatsWorker: Update CPU state
05-28 20:49:05.135  1256  1677 D BatteryExternalStatsWorker: mStats lock released
05-28 20:49:05.135  1256  1677 D BatteryExternalStatsWorker: done updateExternalStatsLocked
05-28 20:49:05.135  1256  2314 D SemInputDeviceManagerService: currentDisplayState[1]:DOZE(3)
05-28 20:49:05.135  1256  2314 D SemInputDeviceManagerService: EARLY: Logical: DOZE_SUSPEND(4) Physical: DOZE_SUSPEND(4) [Using: DOZE_SUSPEND(4)] displayType: 1
05-28 20:49:05.135  1256  2314 D LocalDisplayAdapter: notifyStateChangeStart: com.samsung.android.hardware.secinputdev.SemInputDeviceManagerService$8@6d21dc took 0 ms
05-28 20:49:05.135  1256  2314 D LocalDisplayAdapter: !@display_state: DOZE -> DOZE_SUSPEND (id:4630947232161729153)
05-28 20:49:05.135  1127  1127 D SurfaceFlinger: Setting power mode 3 on display 4630947232161729153
05-28 20:49:05.136  1023  1023 I SDM     : DisplayBase::SetDisplayState: Set state = 3, display 29-0, teardown = 0
05-28 20:49:05.136  1256  1631 I DisplayDeviceRepository: Display device changed state: "内置屏幕", DOZE_SUSPEND
05-28 20:49:05.136  1127  1127 D SurfaceFlinger: Finished setting power mode 3 on display 4630947232161729153
05-28 20:49:05.136  1256  2314 D LocalDisplayAdapter: !@display_state: DOZE_SUSPEND took 1 ms
05-28 20:49:05.136  1256  2314 D SemInputDeviceManagerService: currentDisplayState[1]:DOZE_SUSPEND(4)
05-28 20:49:05.136  1256  2314 D SemInputDeviceManagerService: LATE: Logical: DOZE_SUSPEND(4) Physical: DOZE_SUSPEND(4) [Using: DOZE_SUSPEND(4)] displayType: 1
05-28 20:49:05.136  1256  2314 D LocalDisplayAdapter: notifyStateChangeFinish: com.samsung.android.hardware.secinputdev.SemInputDeviceManagerService$8@6d21dc took 0 ms
05-28 20:49:05.136  1256  2314 D DisplayPowerController[0]: setActualDisplayState: DOZE -> DOZE_SUSPEND
05-28 20:49:05.137  1256  1687 D DisplayPowerController[0]: animateScreenStateChange: target=4, mLogicalDisplay.isEnabled()=true
05-28 20:49:05.138  1256  1687 D DisplayPowerController[0]: animateScreenStateChange: target=4, mLogicalDisplay.isEnabled()=true
05-28 20:49:05.138  1256  1687 D PowerManagerService: displayReady: true groupId=0
05-28 20:49:05.139  1256  1687 D PowerManagerService: [PWL] sb release: PowerManagerService.Display
05-28 20:49:05.139  1256  1256 D Native_CFMS: CFMS Change FPS For VRR(60)
05-28 20:49:05.139  1256  1256 D SGM:GameManager: onDisplayChanged. displyId: 0, state: 4
05-28 20:49:05.140  1256  2193 D SGM:FgCheckThread: onLooperPrepared(), msg: MSG_LCD_OFF
05-28 20:49:05.142  2564  2564 D DisplayLifecycle: updateDisplay id = 0
05-28 20:49:05.145  7962  7962 I BSS_SysUiClient: handleDisplayChanged: 4
05-28 20:49:05.147  7962  7962 I BSS_InDisplaySensorWindow: handleScreenEvent : false, false, false
05-28 20:49:05.149  2564  2564 I AODTriggers: onAODEventDispatched = 4 / eventData = r7.a$d@339625c
05-28 20:49:05.150  2564  2564 I AOD_LIVE_CLOCK@LiveClockController: updateDisplayState: DISPLAY_STATE_DOZE_SUSPEND
05-28 20:49:05.152 12955 12955 I NearbyDiscovery: (REDACTED) FastPairDisplayObserver: %s -> %s
05-28 20:49:05.507  1364  9841 I qfp-vendorlib:  read fd sensor 1
05-28 20:49:05.507  1364  9841 I qfp-vendorlib:  Finger down 
05-28 20:49:05.507  1364  9841 I bauth_FPQCBAuthSensorControl: FPQCBAuthSensorControl, 233
05-28 20:49:05.507  1364  9841 I bauth_FPQCBAuthSensorControl: FPQCBAuthSensorControl, 519
05-28 20:49:05.507  1364  9841 I bauth_FPBAuthService: cosi
05-28 20:49:05.507  1364  9841 I bauth_FPBAuthService: acsf 2
05-28 20:49:05.507  1364  9841 I bauth_FPBAuthService: ad 0
05-28 20:49:05.507  1364  9841 I bauth_FPBAuthService: tfd 0 0 1
05-28 20:49:05.507  1364  9841 I bauth_FPQCBAuthSensorControl: FPQCBAuthSensorControl, 188
05-28 20:49:05.507  1364  9841 I qfp-vendorlib: QFPControl_DeviceSpiCtrl 1
05-28 20:49:05.507  1364  9841 I bauth_FPQCBAuthSensorControl: scc 1
05-28 20:49:05.507  1364  9841 I bauth_FPQCBAuthSensorControl: FPQCBAuthSensorControl, 215
05-28 20:49:05.507  1364  9841 I qfp-vendorlib: QFPControl_DeviceEnableInt 0
05-28 20:49:05.507  1364  9841 I bauth_FPBAuthService: FPBAuthService, 3368
05-28 20:49:05.507  1364  9841 I bauth_FPBAuthService: FPBAuthService, 3379
05-28 20:49:05.507  1364  9841 I bauth_FPQCBAuthSensorControl: FPQCBAuthSensorControl, 299
05-28 20:49:05.507  1364  9841 I qfp-vendorlib: QFPControl_DeviceCpuSpeedup 1
05-28 20:49:05.507  1364  2436 I qfp-vendorlib:  read ipc cancel count 1
05-28 20:49:05.507  1364  2436 I qfp-vendorlib: QFPControl_DeviceWaitIPC exit with 4
05-28 20:49:05.507  1364  2436 E bauth_FPQCBAuthSensorControl: BAuthDeviceWaitIPC sys call failed : 4
05-28 20:49:05.507  1364  2436 I bauth_FPBAuthService: FPBAuthService, 9787
05-28 20:49:05.507  1364  2436 I bauth_FPQCBAuthSensorControl: FPQCBAuthSensorControl, 264
05-28 20:49:05.507  1364  2436 I qfp-vendorlib: QFPControl_DeviceEnableIPC 0
05-28 20:49:05.508  1364  9841 I bauth_FPBAuthService: FPBAuthService, 5857
05-28 20:49:05.508  1364  9841 I bauth_TLC_Communicator: Call FP cmd 0x6
05-28 20:49:05.508  1364  2436 I bauth_FPBAuthService: FPBAuthService, 9968
05-28 20:49:05.516  1364  9841 I bauth_TLC_Communicator: Check the Trustlet return code is completed
05-28 20:49:05.516  1364  9841 I bauth_FPBAuthService: check_opcode status = 2, opcode = 5, func_ret_val = 0, function_status = 1, timeout = 0
05-28 20:49:05.516  1364  9841 I bauth_FPBAuthService: FPBAuthService, 3584
05-28 20:49:05.516  1364  9841 I bauth_FPBAuthService: FPBAuthService, 3603
05-28 20:49:05.516  1364  9841 I bauth_FPBAuthService: FPBAuthService, 3604
05-28 20:49:05.516  1364  9841 I bauth_FPBAuthService: fpop : 100021
05-28 20:49:05.516  1364  9841 I bauth_FPBAuthService: FPBAuthService, 5857
05-28 20:49:05.516  1364  9841 I bauth_TLC_Communicator: Call FP cmd 0x6
05-28 20:49:05.516  1256  2266 I FingerprintService: handleAcquired: acquiredInfo=6, vendor=10002
05-28 20:49:05.516  1256  2266 D FingerprintService: onAcquired: 6, 10002
05-28 20:49:05.517  1256  2266 D PowerManagerService: [api] setEarlyWakeUp: enable: true
05-28 20:49:05.518  7962  7962 I BSS_SysUiManager: handleMessage = 7, 202, 10002
05-28 20:49:05.518  7962  7962 I BSS_InDisplaySensorWindow: setVisibleWithoutFingerprintIcon
05-28 20:49:05.518  2564  2763 I FingerprintManager: handleMessage = 108, 0, 0
05-28 20:49:05.518  2564  2564 D KeyguardFingerprint: handleFingerprintAuth fpMsg index = 0 / type = 5
05-28 20:49:05.518  2564  2564 W KeyguardFingerprint: handleFingerprintAuth dispatchCount = 1 / elapsed time: 0ms
05-28 20:49:05.519  1058  1058 I sysinput:Touch: writeInformation:249, OK
05-28 20:49:05.519  1256  1687 D DisplayPowerController[0]: [ew] resetEnableRequestTimeout +
05-28 20:49:05.519  1256  1687 D DisplayPowerController[0]: [ew] true
05-28 20:49:05.519  1256  1687 D DisplayPowerController[0]: [ew] acquireSuspendBlocker: +
05-28 20:49:05.519  1256  1687 D PowerManagerService: [PWL] sb acquire: PowerManagerService.Display
05-28 20:49:05.520  1256  1687 D DisplayPowerController[0]: animateScreenStateChange: target=4, mLogicalDisplay.isEnabled()=true
05-28 20:49:05.520  1256  1687 D AutomaticBrightnessController: setLightSensorEnabled: true
05-28 20:49:05.520  1256  2267 D SysinputHAL_V1_3(V1_2): runTspCmdNoRead(1): set_temperature,1(0)
05-28 20:49:05.520  1256  2267 I FingerprintService: setTspMode: [9] done
05-28 20:49:05.521  1256  2266 D PowerManagerService: displayReady: false groupId=0
05-28 20:49:05.522  1002  1002 I sensors-hal: set_config:67, sample_period_ns is adjusted to 0 based on min/max delay_ns
05-28 20:49:05.522  1002  1002 I sensors-hal: batch:363, com.samsung.sensor.auto_brightness/1651, period=50000000, max_latency=0 request completed
05-28 20:49:05.522  1002  1002 I sensors-hal: activate:279, com.samsung.sensor.auto_brightness/1651 en=1
05-28 20:49:05.522  1256  2266 I SemDvfsHyPerManager: acquire hyper - FINGERPRINT_SERVICE/1256@226, type = -999
05-28 20:49:05.522  1002  1002 I sensors-hal: get_qmi_debug_flag:241, support_qmi_debug : false
05-28 20:49:05.522  1256  2266 I BiometricsBoosting: com.samsung.android.intent.action.BIOMETRIC_AUTHENTICATION_START
05-28 20:49:05.523  1005  1050 I HYPER-HAL: [RequestManager.cpp]acquire(): Acquired ID : 1099129  [1256 / 226]    HINT : BIOMETRICS_FINGER    list : 
05-28 20:49:05.523  1256  2266 I AccessibilityManagerService: isScreenReaderEnable : false, accesibilityService : 
05-28 20:49:05.523  1256  2266 V Biometrics/AcquisitionClient: Acquired: 6 10002, shouldSend: true
05-28 20:49:05.523  1005  1050 I HYPER-HAL: [ResourceManager.cpp]updateResource(): [CPULittleMinFreq] UpdateResource Request ID : 1099129    Value : 1804800
05-28 20:49:05.524  1005  1050 I HYPER-HAL: [ResourceManager.cpp]updateResource(): [CPUMinFreq] UpdateResource Request ID : 1099129    Value : 2841600
05-28 20:49:05.524  1256  2267 I FaceService: semPauseAuth called from pid=1256
05-28 20:49:05.524  1256  2268 W Face10  : daemonPauseAuth skipped
05-28 20:49:05.525  7962  7962 I BSS_InDisplaySensorWindow: startVisualEffect
05-28 20:49:05.525  2564  2763 I FingerprintManager: handleMessage = 101, 6, 10002
05-28 20:49:05.525  2564  2564 D KeyguardFingerprint: handleFingerprintAuth fpMsg index = 0 / type = 4
05-28 20:49:05.525  2564  2564 D KeyguardFingerprint: onAuthenticationAcquired( 6  )
05-28 20:49:05.525  2564  2564 D KeyguardFingerprint: handleFingerprintAcquired( 6  )
05-28 20:49:05.525  2564  2564 W KeyguardFingerprint: handleFingerprintAuth dispatchCount = 1 / elapsed time: 0ms
05-28 20:49:05.526  1256  4662 D PowerManagerService: [api] userActivity : event: 0 flags: 0 (uid: 10042 pid: 2564) eventTime = 50117188 displayId = 0
05-28 20:49:05.526  1002  1002 I sensors-hal: activate:297, com.samsung.sensor.auto_brightness/1651 en=1 completed
05-28 20:49:05.526  1256  1687 D SensorManager: registerListener :: 1651, TMD4907 Light Auto Brightness Non-wakeup, 50000, 0, com.android.server.display.AutomaticBrightnessController$5@7c9e30a
05-28 20:49:05.527  1256  1687 D DisplayPowerController[0]: animateScreenStateChange: target=4, mLogicalDisplay.isEnabled()=true
05-28 20:49:05.527  1256  1687 D PowerManagerService: displayReady: true groupId=0
05-28 20:49:05.535  7962  7962 I SurfaceView@9389680: onWindowVisibilityChanged(0) false com.samsung.android.biometrics.app.setting.fingerprint.BlackMaskView{9389680 G.E...... ......I. 0,0-0,0 #7f090149 app:id/sem_fingerprint_blackmask_surfaceview} of ViewRootImpl@b4eff0a[FP Iconview]
05-28 20:49:05.536  7962  7962 I ViewRootImpl@b4eff0a[FP Iconview]: performTraversals mFirst=false windowShouldResize=false viewVisibilityChanged=true mForceNextWindowRelayout=false params=null
05-28 20:49:05.536  1256  4662 V WindowManager: Relayout Window{6871566 u0 FP Iconview}: viewVisibility=0 req=1440x3200 d0
05-28 20:49:05.536  1256  4662 D RestrictionPolicy: isScreenCaptureEnabled : ret=true userId=0
05-28 20:49:05.536  1127  1173 I SurfaceFlinger: id=27938 createSurf, flag=40044, FP Iconview$_7962#27938
05-28 20:49:05.537  1256  4662 D WindowManager: makeSurface duration=1 name=FP Iconview$_7962
05-28 20:49:05.539  1256  4662 V WindowManager: Relayout hash=6871566, pid=7962, syncId=-1: mAttrs={(0,0)(1440x3200) sim={adjust=pan} layoutInDisplayCutoutMode=always ty=2619 fmt=TRANSLUCENT surfaceInsets=Rect(8, 8 - 8, 8)
05-28 20:49:05.539  1256  4662 V WindowManager:   fl=1000018
05-28 20:49:05.539  1256  4662 V WindowManager:   pfl=12102050
05-28 20:49:05.539  1256  4662 V WindowManager:   bhv=DEFAULT naviIconColor=0
05-28 20:49:05.539  1256  4662 V WindowManager:   sfl=60008}
05-28 20:49:05.541  7962  7962 I ViewRootImpl@b4eff0a[FP Iconview]: updateBlastSurfaceIfNeeded mBlastBufferQueue=null isSameSurfaceControl=false
05-28 20:49:05.542  7962  7962 I BLASTBufferQueue: new BLASTBufferQueue, mName= ViewRootImpl@b4eff0a[FP Iconview] mNativeObject= 0xb400007621a1f4b0 sc.mNativeObject= 0xb4000075b1a413b0 caller= android.view.ViewRootImpl.updateBlastSurfaceIfNeeded:2909 android.view.ViewRootImpl.relayoutWindow:9847 android.view.ViewRootImpl.performTraversals:3884 android.view.ViewRootImpl.doTraversal:3116 android.view.ViewRootImpl$TraversalRunnable.run:10885 android.view.Choreographer$CallbackRecord.run:1301 android.view.Choreographer$CallbackRecord.run:1309 android.view.Choreographer.doCallbacks:923 android.view.Choreographer.doFrame:852 android.view.Choreographer$FrameDisplayEventReceiver.run:1283 
05-28 20:49:05.542  7962  7962 I BLASTBufferQueue: update, w= 1456 h= 3216 mName = ViewRootImpl@b4eff0a[FP Iconview] mNativeObject= 0xb400007621a1f4b0 sc.mNativeObject= 0xb4000075b1a413b0 format= -3 caller= android.graphics.BLASTBufferQueue.<init>:84 android.view.ViewRootImpl.updateBlastSurfaceIfNeeded:2909 android.view.ViewRootImpl.relayoutWindow:9847 android.view.ViewRootImpl.performTraversals:3884 android.view.ViewRootImpl.doTraversal:3116 android.view.ViewRootImpl$TraversalRunnable.run:10885 
05-28 20:49:05.543  7962  7962 I ViewRootImpl@b4eff0a[FP Iconview]: Relayout returned: old=(0,0,1440,3200) new=(0,0,1440,3200) req=(1440,3200)0 dur=5 res=0x3 s={true 0xb4000076b1a1b4b0} ch=true seqId=0
05-28 20:49:05.544  1256  4662 D PowerManagerService: [api] acquire WakeLock DRAW_WAKE_LOCK                 'Window:FP Iconview' (uid=1000 pid=1256 ws=WorkSource{1000 com.samsung.android.biometrics.app.setting} displayId=-1 lock=9008fa7)
05-28 20:49:05.545  1256  1687 D DisplayPowerController[0]: animateScreenStateChange: target=3, mLogicalDisplay.isEnabled()=true
05-28 20:49:05.545  1256  4662 D PowerManagerService: displayReady: false groupId=0
05-28 20:49:05.546  1256  1677 D BatteryExternalStatsWorker: update stats : screen-state (1)
05-28 20:49:05.546  1256  1677 E KernelCpuSpeedReader: Failed to read cpu-freq: /sys/devices/system/cpu/cpu7/cpufreq/stats/time_in_state: open failed: ENOENT (No such file or directory)
05-28 20:49:05.547  1256  1677 E KernelCpuSpeedReader: Failed to read cpu-freq: /sys/devices/system/cpu/cpu4/cpufreq/stats/time_in_state: open failed: ENOENT (No such file or directory)
05-28 20:49:05.547  1256  1677 E KernelCpuSpeedReader: Failed to read cpu-freq: /sys/devices/system/cpu/cpu0/cpufreq/stats/time_in_state: open failed: ENOENT (No such file or directory)
05-28 20:49:05.547  1256  1677 D BatteryExternalStatsWorker: Update CPU state
05-28 20:49:05.547  1256  1677 D BatteryExternalStatsWorker: mStats lock released
05-28 20:49:05.547  1256  1677 D BatteryExternalStatsWorker: done updateExternalStatsLocked
05-28 20:49:05.548  1256  2314 D DisplayManagerService: !@display_state requestDisplayStateInternal: DOZE_SUSPEND -> DOZE displayId=0
05-28 20:49:05.548  1256  2314 D SemInputDeviceManagerService: currentDisplayState[1]:DOZE_SUSPEND(4)
05-28 20:49:05.548  1256  2314 D SemInputDeviceManagerService: EARLY: Logical: DOZE(3) Physical: DOZE(3) [Using: DOZE(3)] displayType: 1
05-28 20:49:05.548  1256  2314 D LocalDisplayAdapter: notifyStateChangeStart: com.samsung.android.hardware.secinputdev.SemInputDeviceManagerService$8@6d21dc took 0 ms
05-28 20:49:05.548  1256  2314 D LocalDisplayAdapter: !@display_state: DOZE_SUSPEND -> DOZE (id:4630947232161729153)
05-28 20:49:05.549  1127  1127 D SurfaceFlinger: Setting power mode 1 on display 4630947232161729153
05-28 20:49:05.549  1256  1631 I DisplayDeviceRepository: Display device changed state: "内置屏幕", DOZE
05-28 20:49:05.550  7962  7962 I ViewRootImpl@b4eff0a[FP Iconview]: mThreadedRenderer.initialize() mSurface={isValid=true 0xb4000076b1a1b4b0} hwInitialized=true
05-28 20:49:05.550  1023  1023 I SDM     : DisplayBase::SetDisplayState: Set state = 2, display 29-0, teardown = 0
05-28 20:49:05.550  1127  1127 D SurfaceFlinger: Finished setting power mode 1 on display 4630947232161729153
05-28 20:49:05.550  1256  2314 D LocalDisplayAdapter: !@display_state: DOZE took 2 ms
05-28 20:49:05.550  1256  2314 D SemInputDeviceManagerService: currentDisplayState[1]:DOZE(3)
05-28 20:49:05.550  1256  2314 D SemInputDeviceManagerService: LATE: Logical: DOZE(3) Physical: DOZE(3) [Using: DOZE(3)] displayType: 1
05-28 20:49:05.550  1256  2314 D LocalDisplayAdapter: notifyStateChangeFinish: com.samsung.android.hardware.secinputdev.SemInputDeviceManagerService$8@6d21dc took 0 ms
05-28 20:49:05.550  1256  2314 D DisplayPowerController[0]: setActualDisplayState: DOZE_SUSPEND -> DOZE
05-28 20:49:05.550  7962  7962 I SurfaceView@9389680: windowStopped(false) false com.samsung.android.biometrics.app.setting.fingerprint.BlackMaskView{9389680 G.E...... ......I. 0,0-0,0 #7f090149 app:id/sem_fingerprint_blackmask_surfaceview} of ViewRootImpl@b4eff0a[FP Iconview]
05-28 20:49:05.551  1256  1687 D DisplayPowerController[0]: animateScreenStateChange: target=3, mLogicalDisplay.isEnabled()=true
05-28 20:49:05.551  7962  7962 I ViewRootImpl@b4eff0a[FP Iconview]: reportNextDraw android.view.ViewRootImpl.performTraversals:4438 android.view.ViewRootImpl.doTraversal:3116 android.view.ViewRootImpl$TraversalRunnable.run:10885 android.view.Choreographer$CallbackRecord.run:1301 android.view.Choreographer$CallbackRecord.run:1309 
05-28 20:49:05.551  7962  7962 I ViewRootImpl@b4eff0a[FP Iconview]: Setup new sync id=0
05-28 20:49:05.551  7962  7962 I ViewRootImpl@b4eff0a[FP Iconview]: Setting syncFrameCallback
05-28 20:49:05.551  7962  7962 I ViewRootImpl@b4eff0a[FP Iconview]: registerCallbacksForSync syncBuffer=false
05-28 20:49:05.551  1256  1687 D DisplayPowerController[0]: animateScreenStateChange: target=3, mLogicalDisplay.isEnabled()=true
05-28 20:49:05.551  1256  1687 D PowerManagerService: displayReady: true groupId=0
05-28 20:49:05.552  7962  8117 I ViewRootImpl@b4eff0a[FP Iconview]: Received frameDrawingCallback syncResult=0 frameNum=1.
05-28 20:49:05.552  7962  8117 I ViewRootImpl@b4eff0a[FP Iconview]: Setting up sync and frameCommitCallback
05-28 20:49:05.555  1256  1256 D Native_CFMS: CFMS Change FPS For VRR(60)
05-28 20:49:05.557  1256  1256 D SGM:GameManager: onDisplayChanged. displyId: 0, state: 3
05-28 20:49:05.557  1256  2193 D SGM:FgCheckThread: onLooperPrepared(), msg: MSG_LCD_OFF
05-28 20:49:05.558  7962  7981 I BLASTBufferQueue: [ViewRootImpl@b4eff0a[FP Iconview]#5](f:0,a:0) onFrameAvailable the first frame is available
05-28 20:49:05.559  7962  7981 I ViewRootImpl@b4eff0a[FP Iconview]: Received frameCommittedCallback lastAttemptedDrawFrameNum=1 didProduceBuffer=true
05-28 20:49:05.561  7962  7981 W Parcel  : Expecting binder but got null!
05-28 20:49:05.561  7962  7962 I ViewRootImpl@b4eff0a[FP Iconview]: onSyncComplete
05-28 20:49:05.562  7962  7962 I ViewRootImpl@b4eff0a[FP Iconview]: setupSync seqId=0 mSyncId=0 fn=1 caller=android.view.ViewRootImpl$$ExternalSyntheticLambda11.accept:6 android.window.SurfaceSyncer.lambda$setupSync$1$android-window-SurfaceSyncer:128 android.window.SurfaceSyncer$$ExternalSyntheticLambda1.accept:8 android.window.SurfaceSyncer$SyncSet.checkIfSyncIsComplete:382 android.window.SurfaceSyncer$SyncSet.markSyncReady:359 android.window.SurfaceSyncer.markSyncReady:151 android.view.ViewRootImpl.performTraversals:4503 
05-28 20:49:05.562  7962  7962 I ViewRootImpl@b4eff0a[FP Iconview]: reportDrawFinished seqId=0 mSyncId=-1 fn=1 mSurfaceChangedTransaction=0xb4000075e1a18c30
05-28 20:49:05.563  1256  4483 D WindowManager: finishDrawingWindow: Window{6871566 u0 FP Iconview} mDrawState=DRAW_PENDING seqId=0
05-28 20:49:05.563  7962  7962 I BSS_VisualEffectContainer: start()
05-28 20:49:05.564  1256  1632 V WindowManager: performShowLocked: mDrawState=HAS_DRAWN in Window{6871566 u0 FP Iconview}
05-28 20:49:05.565  2564  2564 D DisplayLifecycle: updateDisplay id = 0
05-28 20:49:05.565  7962  7962 I ViewRootImpl@b4eff0a[FP Iconview]: performTraversals mFirst=false windowShouldResize=false viewVisibilityChanged=false mForceNextWindowRelayout=true params=null
05-28 20:49:05.565  1256  4479 V WindowManager: Relayout Window{6871566 u0 FP Iconview}: viewVisibility=0 req=1440x3200 d0
05-28 20:49:05.566  2564  2564 I AODTriggers: onAODEventDispatched = 4 / eventData = r7.a$d@a8f1965
05-28 20:49:05.566  2564  2564 I AOD_LIVE_CLOCK@LiveClockController: updateDisplayState: DISPLAY_STATE_DOZE
05-28 20:49:05.567  1256  4662 D SemInputCommandService: getFodPosition: devid:1
05-28 20:49:05.568  1256  4479 V WindowManager: Relayout hash=6871566, pid=7962, syncId=-1: mAttrs={(0,0)(1440x3200) sim={adjust=pan} layoutInDisplayCutoutMode=always ty=2619 fmt=TRANSLUCENT surfaceInsets=Rect(8, 8 - 8, 8)
05-28 20:49:05.568  1256  4479 V WindowManager:   fl=1000018
05-28 20:49:05.568  1256  4479 V WindowManager:   pfl=12102050
05-28 20:49:05.568  1256  4479 V WindowManager:   bhv=DEFAULT naviIconColor=0
05-28 20:49:05.568  1256  4479 V WindowManager:   sfl=60008}
05-28 20:49:05.568  1058  1058 I sysinput:Touch: readInformation:225, fod_pos: OK
05-28 20:49:05.569  1256  4662 D SysinputHAL_V1_3: getProperty(TSP_1): FOD_POS:00000000000000000000000000000000000000000000000000000000000000000000
05-28 20:49:05.570  7962  7962 I ViewRootImpl@b4eff0a[FP Iconview]: updateBlastSurfaceIfNeeded mBlastBufferQueue=0xb400007621a1f4b0 isSameSurfaceControl=true
05-28 20:49:05.570  7962  7962 I BLASTBufferQueue: update, w= 1456 h= 3216 mName = ViewRootImpl@b4eff0a[FP Iconview] mNativeObject= 0xb400007621a1f4b0 sc.mNativeObject= 0xb4000075b1a41b40 format= -3 caller= android.view.ViewRootImpl.updateBlastSurfaceIfNeeded:2898 android.view.ViewRootImpl.relayoutWindow:9847 android.view.ViewRootImpl.performTraversals:3884 android.view.ViewRootImpl.doTraversal:3116 android.view.ViewRootImpl$TraversalRunnable.run:10885 android.view.Choreographer$CallbackRecord.run:1301 
05-28 20:49:05.570  7962  7962 I ViewRootImpl@b4eff0a[FP Iconview]: Relayout returned: old=(0,0,1440,3200) new=(0,0,1440,3200) req=(1440,3200)0 dur=5 res=0x0 s={true 0xb4000076b1a1b4b0} ch=false seqId=0
05-28 20:49:05.570  7962  7962 I ViewRootImpl@b4eff0a[FP Iconview]: mThreadedRenderer.updateSurface() mSurface={isValid=true 0xb4000076b1a1b4b0}
05-28 20:49:05.572 12955 12955 I NearbyDiscovery: (REDACTED) FastPairDisplayObserver: %s -> %s
05-28 20:49:05.577  7962  7962 I BSS_SysUiClient: handleDisplayChanged: 3
05-28 20:49:05.577  7962  7962 I BSS_InDisplaySensorWindow: handleScreenEvent : false, false, false
05-28 20:49:05.598  1256  1309 W System  : A resource failed to call HardwareBuffer.close. 
05-28 20:49:05.598  1256  1309 W System  : A resource failed to call close. 
05-28 20:49:05.601  1256  4479 D SemInputCommandService: getFodPosition: devid:1
05-28 20:49:05.602  1058  1058 I sysinput:Touch: readInformation:225, fod_pos: OK
05-28 20:49:05.603  1256  4479 D SysinputHAL_V1_3: getProperty(TSP_1): FOD_POS:00000000000000000000000000000000000000000000000000000000000000000000
05-28 20:49:05.608  1364  2436 I bauth_FPBAuthService: FPBAuthService, 9995
05-28 20:49:05.608  1364  2436 I bauth_FPBAuthService: cbmd
05-28 20:49:05.608  1364  2436 I bauth_FPBAuthService: swipc
05-28 20:49:05.608  1364  2436 I bauth_FPQCBAuthSensorControl: FPQCBAuthSensorControl, 264
05-28 20:49:05.608  1364  2436 I qfp-vendorlib: QFPControl_DeviceEnableIPC 1
05-28 20:49:05.608  1364  2436 I bauth_FPBAuthService: wwipc
05-28 20:49:05.608  1364  2436 I qfp-vendorlib: QFPControl_DeviceWaitIPC Entry!!!
05-28 20:49:05.618  1127  1127 D SurfaceFlinger: Display 4630947232161729153 HWC layers:
05-28 20:49:05.618  1127  1127 D SurfaceFlinger:      DEVICE | 0xb400006df2c58ca0 | 0100 | RGBx_8888    |    0.0    0.0 1440.0 3200.0 |    0    0 1440 3200 | Wallpaper BBQ wrapper#114
05-28 20:49:05.618  1127  1127 D SurfaceFlinger:      DEVICE | 0xb400006df2c6fbf0 | 0100 | RGBA_8888    |    0.0    0.0 1440.0  104.0 |    0    0 1440  104 | StatusBar$_2564#91
05-28 20:49:05.618  1127  1127 D SurfaceFlinger:      DEVICE | 0xb400006df2c26180 | 0100 | RGBA_8888    |    0.0    0.0 1440.0 3200.0 |    0    0 1440 3200 | NotificationShade$_2564#27935
05-28 20:49:05.618  1127  1127 D SurfaceFlinger:      DEVICE | 0xb400006df2c44390 | 0140 | RGBA_8888    |    8.0    8.0 1448.0 3208.0 |    0    0 1440 3200 | FP Iconview$_7962#27938
05-28 20:49:05.618  1127  1127 D SurfaceFlinger: 
05-28 20:49:05.633  1256  4479 D SemInputCommandService: getFodPosition: devid:1
05-28 20:49:05.636  1058  1058 I sysinput:Touch: readInformation:225, fod_pos: OK
05-28 20:49:05.636  1256  4479 D SysinputHAL_V1_3: getProperty(TSP_1): FOD_POS:00000000000000000000000000000000000000000000000000000000000000000000
05-28 20:49:05.642  1002  9906 I sensors-hal: handle_indication_realtime:466,  SCHED_FIFO(10) for qmi_cbk
05-28 20:49:05.642  1002  9906 I sensors-hal: handle_sns_std_sensor_event:268, [SSC_LIGHT] P: 58(58),m:0,c:0,b:0,ch:0,r:0,bl:0,16:0
05-28 20:49:05.642  1256  1687 D AutomaticBrightnessController: onSensorChanged: 1st lux : 58.0
05-28 20:49:05.642  1256  1687 D AutomaticBrightnessController: sendAmbientLux(58.0)
05-28 20:49:05.642  1256  1687 D PowerManagerUtil: fileWriteInt to /sys/class/lcd/panel/lux, 58
05-28 20:49:05.644  1256  1687 D AdaptiveBrightnessLongtermModelBuilder: notifyAmbientLuxChanged(lux=58.000000)
05-28 20:49:05.644  1256  1687 D AutomaticBrightnessController: [api] updateAutoBrightness : 115(0.45)     14 <     58.0 <    325 (adj:+0.0) (1st)
05-28 20:49:05.644  1256  1687 D DisplayPowerController[0]: animateScreenStateChange: target=3, mLogicalDisplay.isEnabled()=true
05-28 20:49:05.644  1256  1655 V AdaptiveBrightnessLongtermModelBuilder: Ambient Lux event 58.0
05-28 20:49:05.644  1256  1655 D AdaptiveBrightnessLongtermModelBuilder: handleAmbientLuxChanged: ambientLux: 58.0
05-28 20:49:05.644  1256  1655 D AdaptiveBrightnessLongtermModelBuilder: updateAdaptiveBrightnessStats: l:58.0 b:31.5 u: false
05-28 20:49:05.666  1364  2418 I bauth_FPBAuthService: pcf : 0x1012, 2 ,1 ,0 ,0 ,0 ,0, 7.0.0.0
05-28 20:49:05.666  1364  2418 I bauth_FPBAuthService: thread id : 1, preenroll_flag : 0, nd cnt : 0, cso : 0, et : 0
05-28 20:49:05.666  1364  2418 I bauth_FPBAuthService: FPBAuthService, 11511
05-28 20:49:05.667  1256  4479 D SemInputCommandService: getFodPosition: devid:1
05-28 20:49:05.669  1058  1058 I sysinput:Touch: readInformation:225, fod_pos: OK
05-28 20:49:05.669  1256  4479 D SysinputHAL_V1_3: getProperty(TSP_1): FOD_POS:00000000000000000000000000000000000700060000000000000000000000000000
05-28 20:49:05.671  1256  2177 D InputReader: Input event(10): value=1 when=50117.334023
05-28 20:49:05.671  1256  2177 D InputReader: !@notifyKey(143), action=0
05-28 20:49:05.671  1256  2177 D InputManager-JNI: !@interceptKeyBeforeQueueing(143), action=0, interactive=false
