05-28 20:49:07.143  2564  2681 D Tile.AirplaneModeTile:  handleUpdateState:  value = false, state = 1
05-28 20:49:07.143  2564  2564 D KeyguardWallpaperController: mIsKeyguardShowing=false, mOccluded=false
05-28 20:49:07.143  2564  2564 D KeyguardWallpaperController: mIsKeyguardShowing=false, mOccluded=false
05-28 20:49:07.144  2564  2564 D PluginInstanceManager: startListening
05-28 20:49:07.145  2564  2746 D PluginInstanceManager: queryAll com.android.systemui.action.PLUGIN_NOTIFICATION_MENU_ROW
05-28 20:49:07.145  2564  2746 D PluginInstanceManager: Found 0 plugins
05-28 20:49:07.146  1364  9841 I bauth_TLC_Communicator: Check the Trustlet return code is completed
05-28 20:49:07.146  1364  9841 I bauth_FPBAuthService: FPBAuthService, 6384
05-28 20:49:07.146  1364  9841 I bauth_FPBAuthService: check_opcode status = 2, opcode = 4, func_ret_val = 0, function_status = 2, timeout = -1
05-28 20:49:07.146  1364  9841 I bauth_FPBAuthService: FPBAuthService, 2987
05-28 20:49:07.146  1364  9841 I bauth_FPQCBAuthSensorControl: FPQCBAuthSensorControl, 215
05-28 20:49:07.146  1364  9841 I qfp-vendorlib: QFPControl_DeviceEnableInt 1
05-28 20:49:07.146  1364  9841 I bauth_FPQCBAuthSensorControl: FPQCBAuthSensorControl, 188
05-28 20:49:07.146  1364  9841 I qfp-vendorlib: QFPControl_DeviceSpiCtrl 0
05-28 20:49:07.146  1364  9841 I bauth_FPQCBAuthSensorControl: scc 0
05-28 20:49:07.146  1364  9841 I bauth_FPBAuthService: FPBAuthService, 3008
05-28 20:49:07.146  1364  9841 I bauth_FPQCBAuthSensorControl: FPQCBAuthSensorControl, 299
05-28 20:49:07.146  1364  9841 I qfp-vendorlib: QFPControl_DeviceCpuSpeedup 0
05-28 20:49:07.146  2564  2564 D PluginInstanceManager: startListening
05-28 20:49:07.146  2564  2746 D PluginInstanceManager: queryAll com.android.systemui.action.PLUGIN_NOTIFICATION_MENU_ROW
05-28 20:49:07.146  1364  9841 I qfp-vendorlib: QFPControl_DeviceWaitInt Entry!!!
05-28 20:49:07.148  2564  2681 D Tile.WifiTile: handleUpdateState isTransient=false transientEnabling =false cb.isTransient=false state.state = 2 mStateBeforeClick.value =false enabled =true
05-28 20:49:07.148  2564  2746 D PluginInstanceManager: Found 0 plugins
05-28 20:49:07.148  2564  2681 D Tile.BluetoothTile:  handleUpdateState enabled = true connected = false connecting = false changedState =false bluetoothState = 12 enabledChanging = false state = BooleanState[spec=Bluetooth,icon=ResourceIcon[resId=0x7f0809bd],iconSupplier=null,label=蓝牙,secondaryLabel=null,contentDescription=蓝牙,使用中,stateDescription=null,dualLabelContentDescription=null,expandedAccessibilityClassName=null,disabledByPolicy=false,dualTarget=true,isTransient=false,state=2,slash="null",sideViewCustomDrawable=null,tileClassName=null,value=true,forceExpandIcon=false]
05-28 20:49:07.148   734   734 D keymaster_swd: keymaster_swd [WRN] (swd_run_cb:257) swd_finish() returns 0
05-28 20:49:07.149  9713  9713 D InsetsController: onStateChanged: InsetsState: {mDisplayFrame=Rect(0, 0 - 1440, 3200), mDisplayCutout=DisplayCutout{insets=Rect(0, 104 - 0, 0) waterfall=Insets{left=0, top=0, right=0, bottom=0} boundingRect={Bounds=[Rect(0, 0 - 0, 0), Rect(680, 0 - 760, 104), Rect(0, 0 - 0, 0), Rect(0, 0 - 0, 0)]} cutoutPathParserInfo={CutoutPathParserInfo{displayWidth=1440 displayHeight=3200 physicalDisplayWidth=1440 physicalDisplayHeight=3200 density={4.0} cutoutSpec={M 0,0 H -10 V 26 H 10 V 0 H 0 Z @dp} rotation={0} scale={1.0} physicalPixelDisplaySizeRatio={1.0}}}}, mRoundedCorners=RoundedCorners{[RoundedCorner{position=TopLeft, radius=128, center=Point(128, 128)}, RoundedCorner{position=TopRight, radius=128, center=Point(1312, 128)}, RoundedCorner{position=BottomRight, radius=128, center=Point(1312, 3072)}, RoundedCorner{position=BottomLeft, radius=128, center=Point(128, 3072)}]}  mRoundedCornerFrame=Rect(0, 0 - 1440, 3200), mPrivacyIndicatorBounds=PrivacyIndicatorBounds {static bounds=Rect(1264, 0 - 1440, 104) rotation=0}, mSources= { InsetsSource: {mType=ITYPE_STATUS_BAR, mFrame=[0,0][1440,104], mVisible=true, mInsetsRoundedCornerFrame=false}, InsetsSource: {mType=ITYPE_NAVIGATION_BAR, mFrame=[0,3140][1440,3200], mVisible=true, mInsetsRoundedCornerFrame=false}, InsetsSource: {mType=ITYPE_LEFT_GESTURES, mFrame=[0,0][120,3200], mVisible=true, mInsetsRoundedCornerFrame=false}, InsetsSource: {mType=ITYPE_RIGHT_GESTURES, mFrame=[1320,0][1440,3200], mVisible=true, mInsetsRoundedCornerFrame=false}, InsetsSource: {mType=ITYPE_TOP_MANDATORY_GESTURES, mFrame=[0,0][1440,152], mVisible=true, mInsetsRoundedCornerFrame=false}, InsetsSource: {mType=ITYPE_BOTTOM_MANDATORY_GESTURES, mFrame=[0,3072][1440,3200], mVisible=true, mInsetsRoundedCornerFrame=false}, InsetsSource: {mType=ITYPE_LEFT_DISPLAY_CUTOUT, mFrame=[0,0][-100000,3200], mVisible=true, mInsetsRoundedCornerFrame=false}, InsetsSource: {mType=ITYPE_TOP_DISPLAY_CUTOUT, mFrame=[0,0][1440,104], mVisible=true, mInsetsRoundedCornerFrame=false}, InsetsSource: {mType=ITYPE_RIGHT_DISPLAY_CUTOUT, mFrame=[100000,0][1440,3200], mVisible=true, mInsetsRoundedCornerFrame=false}, InsetsSource: {mType=ITYPE_BOTTOM_DISPLAY_CUTOUT, mFrame=[0,100000][1440,3200], mVisible=true, mInsetsRoundedCornerFrame=false}, InsetsSource: {mType=ITYPE_TOP_TAPPABLE_ELEMENT, mFrame=[0,0][1440,104], mVisible=true, mInsetsRoundedCornerFrame=false}, InsetsSource: {mType=ITYPE_BOTTOM_TAPPABLE_ELEMENT, mFrame=[0,0][0,0], mVisible=true, mInsetsRoundedCornerFrame=false}, InsetsSource: {mType=ITYPE_IME, mFrame=[0,0][0,0], mVisibleFrame=[0,3008][1440,3200], mVisible=false, mInsetsRoundedCornerFrame=false} } host=com.anonymous.kidmate/com.anonymous.kidmate.MainActivity from=android.view.ViewRootImpl$ViewRootHandler.handleMessageImpl:6727
05-28 20:49:07.149   731 30483 I keystore2: keystore2::super_key: In try_unlock_user_with_biometric: Successfully unlocked with biometric
05-28 20:49:07.149  9713  9713 I ViewRootImpl@9e41961[MainActivity]: handleResized, msg = 4 frames=ClientWindowFrames{frame=[0,0][1440,3200] display=[0,0][1440,3200] parentFrame=[0,0][0,0] parentClippedByDisplayCutout=false} forceNextWindowRelayout=false displayId=0 resizeMode=-1 frameChanged=false displayFrameChanged=false configChanged=false displayChanged=false
05-28 20:49:07.149  7962  7962 I ViewRootImpl@b4eff0a[FP Iconview]: handleResized, msg = 4 frames=ClientWindowFrames{frame=[0,0][1440,3200] display=[0,0][1440,3200] parentFrame=[0,0][0,0] parentClippedByDisplayCutout=false} forceNextWindowRelayout=false displayId=0 resizeMode=-1 frameChanged=false displayFrameChanged=false configChanged=false displayChanged=false
05-28 20:49:07.149  2564  2681 D Tile.RotationLockTile:  handleUpdateState: true orientation = true
05-28 20:49:07.149  2564  2681 D NetworkController: IsPowerOffServiceState is false: 0
05-28 20:49:07.150  2564  2681 D Tile.AirplaneModeTile:  handleUpdateState: airplane mode is disabled : enter mSetting.getValue() == 0 mIsWiFiOnlyDevice false isNoSimState false !isPowerOffServiceState true
05-28 20:49:07.150  2564  2681 D Tile.AirplaneModeTile:  handleUpdateState:  value = false, state = 1
05-28 20:49:07.150  1256  1256 E AlarmManager: Attempt to decrement existing alarm count 0 by 1 for uid 1000
05-28 20:49:07.151  1256  1256 D DARUtil : Device owner status not updated yet...
05-28 20:49:07.151  1256  1256 D DARUtil : Not an enterprise user : 0
05-28 20:49:07.151  1256  1256 D DARUtil : Device owner status not updated yet...
05-28 20:49:07.151  1256  1256 D DARUtil : Not an enterprise user : 0
05-28 20:49:07.151  1256  1256 I CocktailBarManagerServiceContainer: handleMessage: entry what = 5
05-28 20:49:07.152  2564  2681 D Tile.MobileDataTile: handleUpdateState : state false
05-28 20:49:07.152  2564  2681 I Tile.HotspotTile: handleUpdateState
05-28 20:49:07.155  4727  4727 I ActivityUtils: HomePackage : com.sec.android.app.launcher, resumePackageName : com.anonymous.kidmate
05-28 20:49:07.155  1256  1658 I DropBoxManagerService: add tag=system_server_wtf isTagEnabled=true flags=0x2
05-28 20:49:07.157  1256  1256 D PocketModeEvent: INTENT_ACTION_USER_PRESENT
05-28 20:49:07.157  1256  3448 D LiftUpHandler:   mReceiver.onReceive : ACTION_USER_PRESENT
05-28 20:49:07.158  4435  4435 I fftj    : (REDACTED) O received %s
05-28 20:49:07.158  2952  2952 D NfcService: MSG_APPLY_SCREEN_STATE 8
05-28 20:49:07.158  1256  1658 D BaseRestrictionMgr: Package: com.tencent.mobileqq, userid: 0, hostingType: broadcast is Restricted by policy: 4 caller is: com.android.systemui
05-28 20:49:07.158  2952  2952 D NfcService: call the applyRouting
05-28 20:49:07.158  1256  1658 W BroadcastQueue: intent:Intent { act=android.intent.action.USER_PRESENT flg=0x24200010 } is skipped in RestrictedPackage to ProcessRecord{2deb555 15212:com.tencent.mobileqq/u0a367}
05-28 20:49:07.158  2952  2952 D NfcService: Discovery configuration equal, not updating.
05-28 20:49:07.158  2952  2952 D NfcService: doSetScreenState - MSG_APPLY_SCREEN_STATE
05-28 20:49:07.158  2952  2952 I libnfc_nci: [INFO:NativeNfcManager.cpp(3337)] nfcManager_doSetScreenState: state = 8 prevScreenState= 4, discovry_param = 1
05-28 20:49:07.159  4630  4630 D SecUIScreenReceiver: Intent received = android.intent.action.USER_PRESENT
05-28 20:49:07.159  4630  4630 E SUI_svcsock: svc_sock_send_message(suisvc): invalid remote socket suilst
05-28 20:49:07.159 27220 27220 I SAMSUNGWALLET: [Hint_PayHintService] onReceive() action=android.intent.action.USER_PRESENT
05-28 20:49:07.160 27220 27220 I SAMSUNGWALLET: [Hint_PayHintService] Hint Status - User present : Try to check FORCE SHOW or HIDE
05-28 20:49:07.160  4727  4727 I TrayVisibilityController: UserPresentBroadcastReceiver : action = android.intent.action.USER_PRESENT
05-28 20:49:07.160 18482 18482 I Rubin   : [2] com.samsung.android.rubin.inferenceengine.contextanalytics.engine.loggers.r0$b.onReceive(SourceFile:2) : Action=android.intent.action.USER_PRESENT
05-28 20:49:07.161 29281 29281 I Gallery : [3427:GlobalActionReceiver] onReceive completed action=android.intent.action.USER_PRESENT
05-28 20:49:07.161  1256  1658 W BroadcastQueue: Background execution not allowed: receiving Intent { act=android.intent.action.USER_PRESENT flg=0x24200010 } to com.android.chrome/org.chromium.chrome.browser.sharing.click_to_call.ClickToCallMessageHandler$PhoneUnlockedReceiver
05-28 20:49:07.161  1256  2156 E MotionRecognitionService: Receiver: ACTION_USER_PRESENT - UNLOCK SCREEN
05-28 20:49:07.161  1127  1127 D SurfaceFlinger: Display 4630947232161729153 HWC layers:
05-28 20:49:07.161  1127  1127 D SurfaceFlinger:      DEVICE | 0xb400006df2c7cd30 | 0102 | RGBA_8888    |  240.0  533.0 1200.0 2667.0 |    0    0 1440 3200 | com.anonymous.kidmate/com.anonymous.kidmate.MainActivity$_9713#27945
05-28 20:49:07.161  1127  1127 D SurfaceFlinger:      DEVICE | 0xb400006df2c2d320 | 0000 | RGBA_8888    |  240.0  533.0 1200.0 2667.0 |    0    0 1440 3200 | SnapshotStartingWindow for taskId=2194$_2564#27942
05-28 20:49:07.161  1127  1127 D SurfaceFlinger:      DEVICE | 0xb400006df2c6fbf0 | 0100 | RGBA_8888    |    0.0    0.0 1440.0  104.0 |    0    0 1440  104 | StatusBar$_2564#91
05-28 20:49:07.161  1127  1127 D SurfaceFlinger:      DEVICE | 0xb400006df2c73430 | 0100 | RGBA_8888    |    0.0    0.0 1440.0 3200.0 |    0    0 1440 3200 | NotificationShade$_2564#27935
05-28 20:49:07.161  1127  1127 D SurfaceFlinger:      DEVICE | 0xb400006df2c552b0 | 0100 | RGBA_8888    |    0.0    0.0   67.0  456.0 | 1373  475 1440  931 | com.samsung.android.app.cocktailbars[...]rvice.CocktailBarService$_4727#27939
05-28 20:49:07.161  1127  1127 D SurfaceFlinger:      DEVICE | 0xb400006df2c7f6d0 | 0100 | RGBA_8888    |    0.0    0.0  488.0   96.0 |  476 3104  964 3200 | com.samsung.android.spay.pay.HintService$_27220#27940
05-28 20:49:07.161  1127  1127 D SurfaceFlinger:      DEVICE | 0xb400006df2c4
05-28 20:49:07.161  1127  1127 D SurfaceFlinger: 4390 | 0140 | RGBA_8888    |    8.0    8.0 1448.0 3208.0 |    0    0 1440 3200 | FP Iconview$_7962#27938
05-28 20:49:07.161  1127  1127 D SurfaceFlinger: 
05-28 20:49:07.162  1256  5096 D TspStateManager: updateCustomValue customSetting=
05-28 20:49:07.164 26528 26528 I CameraBroadcastReceiver: onReceive [android.intent.action.USER_PRESENT]
05-28 20:49:07.166  2564  2564 I ViewRootImpl@62a8381[NotificationShade]: performTraversals params={(0,0)(fillxfill) gr=TOP CENTER_VERTICAL sim={adjust=resize} layoutInDisplayCutoutMode=always ty=NOTIFICATION_SHADE fmt=TRANSLUCENT
05-28 20:49:07.166  2564  2564 I ViewRootImpl@62a8381[NotificationShade]:   fl=81840048
05-28 20:49:07.166  2564  2564 I ViewRootImpl@62a8381[NotificationShade]:   pfl=1a000000
05-28 20:49:07.166  2564  2564 I ViewRootImpl@62a8381[NotificationShade]:   vsysui=2000
05-28 20:49:07.166  2564  2564 I ViewRootImpl@62a8381[NotificationShade]:   apr=LIGHT_STATUS_BARS
05-28 20:49:07.166  2564  2564 I ViewRootImpl@62a8381[NotificationShade]:   bhv=SHOW_TRANSIENT_BARS_BY_SWIPE
05-28 20:49:07.166  2564  2564 I ViewRootImpl@62a8381[NotificationShade]:  dimAmount=0.0 naviIconColor=0
05-28 20:49:07.166  2564  2564 I ViewRootImpl@62a8381[NotificationShade]:   sfl=40000}
05-28 20:49:07.166  2564  2564 I ViewRootImpl@62a8381[NotificationShade]: performTraversals mFirst=false windowShouldResize=false viewVisibilityChanged=false mForceNextWindowRelayout=false params={(0,0)(fillxfill) gr=TOP CENTER_VERTICAL sim={adjust=resize} layoutInDisplayCutoutMode=always ty=NOTIFICATION_SHADE fmt=TRANSLUCENT
05-28 20:49:07.166  2564  2564 I ViewRootImpl@62a8381[NotificationShade]:   fl=81840048
05-28 20:49:07.166  2564  2564 I ViewRootImpl@62a8381[NotificationShade]:   pfl=1a000000
05-28 20:49:07.166  2564  2564 I ViewRootImpl@62a8381[NotificationShade]:   vsysui=2000
05-28 20:49:07.166  2564  2564 I ViewRootImpl@62a8381[NotificationShade]:   apr=LIGHT_STATUS_BARS
05-28 20:49:07.166  2564  2564 I ViewRootImpl@62a8381[NotificationShade]:   bhv=SHOW_TRANSIENT_BARS_BY_SWIPE
05-28 20:49:07.166  2564  2564 I ViewRootImpl@62a8381[NotificationShade]:  dimAmount=0.0 naviIconColor=0
05-28 20:49:07.166  2564  2564 I ViewRootImpl@62a8381[NotificationShade]:   sfl=40000}
05-28 20:49:07.167  1256  2706 V WindowManager: Relayout Window{c7c982e u0 NotificationShade}: viewVisibility=0 req=1440x3200 d0
05-28 20:49:07.167 27220 27220 I SAMSUNGWALLET: [Hint_PayHintService] Hint Status - HIDE : [4000000] - Disable on home
05-28 20:49:07.167 27220 27220 I SAMSUNGWALLET: [Hint_PayHintService] getWindowLayoutParams
05-28 20:49:07.167 27220 27220 I SAMSUNGWALLET: [Hint_PayHintService] S fit
05-28 20:49:07.167  1256  5096 D SGM:GameManager: identifyGamePackage. com.anonymous.kidmate, mCurrentUserId: 0, callerUserId: 0, callingMethodInfo: com.samsung.android.game.IGameManagerService$Stub.onTransact(IGameManagerService.java:233)
05-28 20:49:07.167  1256  5096 D SGM:PkgDataHelper: getGamePkgData(). com.anonymous.kidmate
05-28 20:49:07.169  1256  1631 D PowerManagerService: [api] setUserActivityTimeoutOverrideFromWindowManagerInternal: timeoutMillis: -1
05-28 20:49:07.169  1256  1631 D PowerManagerService: getScreenOffTimeoutLocked: 3000 -> 30000
05-28 20:49:07.169  1256  1631 D PowerManagerService: [api] setScreenDimDurationOverrideFromWindowManagerInternal: timeoutMillis: -1
05-28 20:49:07.169  1256  2706 V WindowManager: Changing focus from Window{c7c982e u0 NotificationShade} to Window{471d080 u0 com.anonymous.kidmate/com.anonymous.kidmate.MainActivity} displayId=0 Callers=com.android.server.wm.RootWindowContainer.updateFocusedWindowLocked:595 com.android.server.wm.WindowManagerService.updateFocusedWindowLocked:6810 com.android.server.wm.WindowManagerService.relayoutWindow:2820 com.android.server.wm.Session.relayout:274 
05-28 20:49:07.169  1256  2706 D MARsPolicyManager: onPackageResumedFG pkgName = com.anonymous.kidmate, userId = 0
05-28 20:49:07.170  1256  2706 I WindowManager: Cancelling animation restarting=true, leash=Surface(name=Surface(name=ee35f1d StatusBar)/@0xa4e50e2 - animation-leash of insets_animation)/@0x3d38011
05-28 20:49:07.170  1256  2706 I WindowManager: Reparenting to original parent: Surface(name=WindowToken{670cbf4 type=2000 android.os.BinderProxy@3737f06})/@0xc97c73, destroy=false, surface=Surface(name=ee35f1d StatusBar)/@0xa4e50e2
05-28 20:49:07.170  1256  2706 I WindowManager: Reparenting to leash, surface=Surface(name=ee35f1d StatusBar)/@0xa4e50e2, leashParent=Surface(name=WindowToken{670cbf4 type=2000 android.os.BinderProxy@3737f06})/@0xc97c73
05-28 20:49:07.170  2564  2973 D KnoxStateMonitorImpl: unlockSdp :: Maybe keyguard hidden as user 0
05-28 20:49:07.170 12955  9109 I NearbySharing: Screen is unlocked
05-28 20:49:07.170  1127  1173 I SurfaceFlinger: id=27946 createSurf, flag=24000, Surface(name=ee35f1d StatusBar)/@0xa4e50e2 - animation-leash of insets_animation#27946
05-28 20:49:07.170 12955  9109 I NearbySharing: Uwb feature is off.
05-28 20:49:07.170 12955  9109 I NearbySharing: Uwb feature is off.
05-28 20:49:07.171  1256  2706 D WindowManager: makeSurface duration=1 leash=Surface(name=Surface(name=ee35f1d StatusBar)/@0xa4e50e2 - animation-leash of insets_animation)/@0xfba17cc
05-28 20:49:07.171 12955  9109 I NearbySharing: Stopping foreground scanning because no scanning surface has been registered.
05-28 20:49:07.171  1256  2706 I WindowManager: Cancelling animation restarting=true, leash=Surface(name=Surface(name=811eab6 NavigationBar0)/@0x2234fa9 - animation-leash of insets_animation)/@0xd67d777
05-28 20:49:07.171  1256  2706 I WindowManager: Reparenting to original parent: Surface(name=WindowToken{dc57b78 type=2019 android.os.BinderProxy@708c28c})/@0x104992e, destroy=false, surface=Surface(name=811eab6 NavigationBar0)/@0x2234fa9
05-28 20:49:07.171  1256  2706 I WindowManager: Reparenting to leash, surface=Surface(name=811eab6 NavigationBar0)/@0x2234fa9, leashParent=Surface(name=WindowToken{dc57b78 type=2019 android.os.BinderProxy@708c28c})/@0x104992e
05-28 20:49:07.171  1127  3397 I SurfaceFlinger: id=27947 createSurf, flag=24000, Surface(name=811eab6 NavigationBar0)/@0x2234fa9 - animation-leash of insets_animation#27947
05-28 20:49:07.171 12955  9109 I NearbySharing: Stopping Fast Init advertisement because we're not scanning in the foreground.
05-28 20:49:07.172  1256  2706 D WindowManager: makeSurface duration=0 leash=Surface(name=Surface(name=811eab6 NavigationBar0)/@0x2234fa9 - animation-leash of insets_animation)/@0x38695f6
05-28 20:49:07.172  1256  2706 D WindowManager: updateSystemBarAttributes: displayId=0, win=Window{471d080 u0 com.anonymous.kidmate/com.anonymous.kidmate.MainActivity}, navColorWin=Window{5ffa817 u0 SnapshotStartingWindow for taskId=2194}, focusedCanBeNavColorWin=false, behavior=1, appearance=24, statusBarAppearanceRegions=[AppearanceRegion{LIGHT_STATUS_BARS bounds=[0,0][1440,3200]}], requestedVisibilities=, from=com.android.server.wm.DisplayPolicy.focusChangedLw:3247 com.android.server.wm.DisplayContent.updateFocusedWindowLocked:4632 com.android.server.wm.RootWindowContainer.updateFocusedWindowLocked:595 
05-28 20:49:07.173  1256  2706 D StatusBarManagerService: notifyRequestedSystemKey recent=false home=false
05-28 20:49:07.173  1256  1629 I GestureDetector: handleMessage LONG_PRESS
05-28 20:49:07.174  1256  2706 V WindowManager: Relayout hash=c7c982e, pid=2564, syncId=-1: mAttrs={(0,0)(fillxfill) gr=TOP CENTER_VERTICAL sim={adjust=resize} layoutInDisplayCutoutMode=always ty=NOTIFICATION_SHADE fmt=TRANSLUCENT
05-28 20:49:07.174  1256  2706 V WindowManager:   fl=81840048
05-28 20:49:07.174  1256  2706 V WindowManager:   pfl=1a000000
05-28 20:49:07.174  1256  2706 V WindowManager:   vsysui=2000
05-28 20:49:07.174  1256  2706 V WindowManager:   apr=LIGHT_STATUS_BARS
05-28 20:49:07.174  1256  2706 V WindowManager:   bhv=SHOW_TRANSIENT_BARS_BY_SWIPE
05-28 20:49:07.174  1256  2706 V WindowManager:  dimAmount=0.0 naviIconColor=0
05-28 20:49:07.174  1256  2706 V WindowManager:   sfl=40000}
05-28 20:49:07.174  2564  2681 D Tile.DndTile: handleUpdateState zen 0  state = BooleanState[spec=Dnd,icon=ResourceIcon[resId=0x7f0809c1],iconSupplier=null,label=免打扰,secondaryLabel=null,contentDescription=null,stateDescription=null,dualLabelContentDescription=null,expandedAccessibilityClassName=null,disabledByPolicy=false,dualTarget=true,isTransient=false,state=1,slash="null",sideViewCustomDrawable=null,tileClassName=null,value=false,forceExpandIcon=false]
05-28 20:49:07.174  2564  2564 D InsetsController: onStateChanged: InsetsState: {mDisplayFrame=Rect(0, 0 - 1440, 3200), mDisplayCutout=DisplayCutout{insets=Rect(0, 104 - 0, 0) waterfall=Insets{left=0, top=0, right=0, bottom=0} boundingRect={Bounds=[Rect(0, 0 - 0, 0), Rect(680, 0 - 760, 104), Rect(0, 0 - 0, 0), Rect(0, 0 - 0, 0)]} cutoutPathParserInfo={CutoutPathParserInfo{displayWidth=1440 displayHeight=3200 physicalDisplayWidth=1440 physicalDisplayHeight=3200 density={4.0} cutoutSpec={M 0,0 H -10 V 26 H 10 V 0 H 0 Z @dp} rotation={0} scale={1.0} physicalPixelDisplaySizeRatio={1.0}}}}, mRoundedCorners=RoundedCorners{[RoundedCorner{position=TopLeft, radius=128, center=Point(128, 128)}, RoundedCorner{position=TopRight, radius=128, center=Point(1312, 128)}, RoundedCorner{position=BottomRight, radius=128, center=Point(1312, 3072)}, RoundedCorner{position=BottomLeft, radius=128, center=Point(128, 3072)}]}  mRoundedCornerFrame=Rect(0, 0 - 0, 0), mPrivacyIndicatorBounds=PrivacyIndicatorBounds {static bounds=Rect(1264, 0 - 1440, 104) rotation=0}, mSources= { InsetsSource: {mType=ITYPE_NAVIGATION_BAR, mFrame=[0,3140][1440,3200], mVisible=true, mInsetsRoundedCornerFrame=false}, InsetsSource: {mType=ITYPE_LEFT_GESTURES, mFrame=[0,0][120,3200], mVisible=true, mInsetsRoundedCornerFrame=false}, InsetsSource: {mType=ITYPE_RIGHT_GESTURES, mFrame=[1320,0][1440,3200], mVisible=true, mInsetsRoundedCornerFrame=false}, InsetsSource: {mType=ITYPE_TOP_MANDATORY_GESTURES, mFrame=[0,0][1440,152], mVisible=true, mInsetsRoundedCornerFrame=false}, InsetsSource: {mType=ITYPE_BOTTOM_MANDATORY_GESTURES, mFrame=[0,3072][1440,3200], mVisible=true, mInsetsRoundedCornerFrame=false}, InsetsSource: {mType=ITYPE_LEFT_DISPLAY_CUTOUT, mFrame=[0,0][-100000,3200], mVisible=true, mInsetsRoundedCornerFrame=false}, InsetsSource: {mType=ITYPE_TOP_DISPLAY_CUTOUT, mFrame=[0,0][1440,104], mVisible=true, mInsetsRoundedCornerFrame=false}, InsetsSource: {mType=ITYPE_RIGHT_DISPLAY_CUTOUT, mFrame=[100000,0][1440,3200], mVisible=true, mInsetsRoundedCornerFrame=false}, InsetsSource: {mType=ITYPE_BOTTOM_DISPLAY_CUTOUT, mFrame=[0,100000][1440,3200], mVisible=true, mInsetsRoundedCornerFrame=false}, InsetsSource: {mType=ITYPE_BOTTOM_TAPPABLE_ELEMENT, mFrame=[0,0][0,0], mVisible=true, mInsetsRoundedCornerFrame=false} } host=NotificationShade from=android.view.ViewRootImpl.relayoutWindow:9802
05-28 20:49:07.174  2564  2564 D InsetsController: cancelAnimation of types: 2, animType: 0, host: NotificationShade, from:android.view.InsetsController.notifyControlRevoked:1410 android.view.InsetsSourceConsumer.setControl:158 android.view.InsetsController.onControlsChanged:950 
05-28 20:49:07.176  2564  2564 I ViewRootImpl@62a8381[NotificationShade]: updateBlastSurfaceIfNeeded mBlastBufferQueue=0xb400007621a23650 isSameSurfaceControl=true
05-28 20:49:07.176  2564  2564 I BLASTBufferQueue: update, w= 1440 h= 3200 mName = ViewRootImpl@62a8381[NotificationShade] mNativeObject= 0xb400007621a23650 sc.mNativeObject= 0xb4000075b1eac8e0 format= -3 caller= android.view.ViewRootImpl.updateBlastSurfaceIfNeeded:2898 android.view.ViewRootImpl.relayoutWindow:9847 android.view.ViewRootImpl.performTraversals:3884 android.view.ViewRootImpl.doTraversal:3116 android.view.ViewRootImpl$TraversalRunnable.run:10885 android.view.Choreographer$CallbackRecord.run:1301 
05-28 20:49:07.176  2564  2564 I ViewRootImpl@62a8381[NotificationShade]: Relayout returned: old=(0,0,1440,3200) new=(0,0,1440,3200) req=(1440,3200)0 dur=10 res=0x0 s={true 0xb4000076b1d554f0} ch=false seqId=5
05-28 20:49:07.176  2564  2681 D KeyguardUpdateMonitor: broadcast intent= Intent { act=com.samsung.keyguard.KEYGUARD_STATE_UPDATE (has extras) }
05-28 20:49:07.178  1256  1658 W BroadcastQueue: Background execution not allowed: receiving Intent { act=android.intent.action.USER_PRESENT flg=0x24200010 } to com.google.android.gms/.auth.setup.devicesignals.LockScreenReceiver
05-28 20:49:07.178  2564  2564 I FaceWidgetPositionAlgorithm: getClockContainerHeight() supplier = 412, bottom margin = 96, real height = 508
05-28 20:49:07.178  1256  1658 W BroadcastQueue: Background execution not allowed: receiving Intent { act=android.intent.action.USER_PRESENT flg=0x24200010 } to com.google.android.gms/.chimera.GmsIntentOperationService$PersistentTrustedReceiver
05-28 20:49:07.178  1256  1658 W BroadcastQueue: Background execution not allowed: receiving Intent { act=android.intent.action.USER_PRESENT flg=0x24200010 } to com.sec.android.daemonapp/.receiver.WidgetReceiver
05-28 20:49:07.178  2564  2564 I FaceWidgetPositionAlgorithm: getMediaContainerHeight() height = 0 container Visibility = 8, isValid = false, mIsDozing = false, fraction = 1.0, source = 0, target = 0
05-28 20:49:07.178  1256  1658 W BroadcastQueue: Background execution not allowed: receiving Intent { act=android.intent.action.USER_PRESENT flg=0x24200010 } to com.samsung.android.spay/.SpayBroadcastReceiver
05-28 20:49:07.179  2564  2564 I FaceWidgetPositionAlgorithm: getMediaContainerHeight() supplier = 0
05-28 20:49:07.179  4435  4435 I exph    : (REDACTED) received broadcast: %s
05-28 20:49:07.179  2564  2564 D SecQSFragmentAnimator_QSCinema: [qsExpansionPosition:0] qsExpanded:false, qsFullyExpanded:false, qsExpansionPosition:-0.27, qsExpandImmediate:false, qsCollapsingWhilePanelClosing:false &&&  panelExpansionFraction:0, panelExpansionDragDownPxAmount:0 ***   panelExpanded:false, panelExpanding:false %%%   barState:0, overScrolling:false, userId:-1, isRunningPanelOnHeightAnimation:false
05-28 20:49:07.179  2564  2564 V QsExpandAnimator: setQsExpansionPosition 0.0
05-28 20:49:07.181  4435  5437 I expm    : (REDACTED) received broadcast: %s
05-28 20:49:07.181  4435  5437 I exkb    : (REDACTED) #onConfigUpdate. requester: %s
05-28 20:49:07.182  4435  5439 I exkb    : #onConfigUpdate inside sequencer
05-28 20:49:07.182  4435  5439 I exid    : (REDACTED) Voice Match (Speaker-id) supported : %b 
05-28 20:49:07.182  4435  5439 I exid    : (REDACTED) hotword enrollment state is enrolled:  %b, speakerId model exist: %b. Voice Match supported : %b 
05-28 20:49:07.182  4435  5439 I exid    : (REDACTED) isHotwordAvailable():  %b, isHotwordEnabled() %b , removeUsageOfHotwordEnabled: %b
05-28 20:49:07.182  4435  5439 I exid    : (REDACTED) isHotwordAvailable():  %b, isHotwordEnabled() %b , removeUsageOfHotwordEnabled: %b
05-28 20:49:07.183  4435  5439 I exid    : (REDACTED) Hotword enrollment state : %s.
05-28 20:49:07.183  4435  5439 I exid    : (REDACTED) Voice Match (Speaker-id) supported : %b 
05-28 20:49:07.183  4435  5439 I exid    : (REDACTED) Voice Match (Speaker-id) supported : %b 
05-28 20:49:07.183  4435  5439 I exid    : (REDACTED) hotword enrollment state is enrolled:  %b, speakerId model exist: %b, voice match supported : %b
05-28 20:49:07.183 27220 27220 I ViewRootImpl@7099df8[HintService]: performTraversals mFirst=false windowShouldResize=false viewVisibilityChanged=true mForceNextWindowRelayout=false params=null
05-28 20:49:07.183  4435  5439 I exid    : (REDACTED) Hotword isNonVoiceMatchHotwordEnabled: %b, isHotwordAvailable: %b, isHotwordEnabled: %b, isVoiceMatchSupported: %b, isHotwordEnrolled: %b,
05-28 20:49:07.183  4435  5439 I exkb    : (REDACTED) getAllConfigAndTakeAction called because of %s
05-28 20:49:07.183  4435  5439 I exld    : (REDACTED) Operational mode passed in HotwordConfig is %s
05-28 20:49:07.183  1256  1632 V WindowManager: Setting visibility of Window{c4051ea u0 yyc.xk.core.Wallpaper}: false, caller=com.android.server.wm.WindowContainer.sendAppVisibilityToClients:1246 com.android.server.wm.WindowToken.setClientVisible:431 com.android.server.wm.WallpaperWindowToken.setVisible:160 com.android.server.wm.WallpaperWindowToken.updateWallpaperWindows:154 com.android.server.wm.WallpaperController.updateWallpaperTokens:676 
05-28 20:49:07.184  4435  5439 I exlr    : (REDACTED) DSP hotword running %s
05-28 20:49:07.184  4401  4436 D WallpaperService: dispatchAppVisibility onVisibilityChanged(): false
05-28 20:49:07.184  4401  4401 D WallpaperService: reportVisibility onVisibilityChanged visible: false
05-28 20:49:07.185  4727  4727 I TrayVisibilityController: TrayVisibilityReceiver action :com.samsung.keyguard.KEYGUARD_STATE_UPDATE
05-28 20:49:07.185 12955 13327 I NearbyDiscovery: (REDACTED) FastPairHandler: Received action %s
05-28 20:49:07.185 12955 13327 I NearbyDiscovery: FastPairController: onSystemStateChanged: skip due to flag disabled [CONTEXT service_id=265 ]
05-28 20:49:07.185  5291  5291 I [MCFDs]_IntentUtil: emitToConsumer - (KEYGUARD_STATE) ACTION_ID_KEY_GUARD_OFF, consumer size=1
05-28 20:49:07.185  1256  1658 W BroadcastQueue: Background execution not allowed: receiving Intent { act=android.intent.action.USER_PRESENT flg=0x24200010 } to com.samsung.android.spay/.vas.openfinancebr.core.internal.nfc.receiver.PixNfcBroadcastReceiver
05-28 20:49:07.186  5291  5291 I [MCFDs]_ContextManager: onContextChanged - DEVICE STATE : SCREEN_ON
05-28 20:49:07.186  5291  5291 I [MCFDs]_AccountHelper: updateHashAndMask - type[1], mask[19E867C16A], filter[859D84B979], hash[9C75E37813], rotate[40473]
05-28 20:49:07.186  1256  1658 W BroadcastQueue: Background execution not allowed: receiving Intent { act=android.intent.action.USER_PRESENT flg=0x24200010 } to com.tmri.app.main/com.baidu.android.pushservice.PushServiceReceiver
05-28 20:49:07.186  1256  1658 W BroadcastQueue: Background execution not allowed: receiving Intent { act=android.intent.action.USER_PRESENT flg=0x24200010 } to com.zhiliaoapp.musically/com.ss.android.push.window.oppo.ScreenReceiver
05-28 20:49:07.187  1256  2312 I WatchBatteryManager: action: com.samsung.keyguard.KEYGUARD_STATE_UPDATE
05-28 20:49:07.187  1256  2312 I WatchBatteryManager: showing: false
05-28 20:49:07.187  1256  2312 W AlarmManager: Unrecognized alarm listener com.samsung.android.server.battery.WatchBatteryManager$ScreenOffAlarmListener@31903e9
05-28 20:49:07.187  1256  2312 I WatchBatteryManager: checkSyncStart() / mRegistered: false / mScreenOn:true / mCanSyncBatteryInfo:false / mSyncState:0
05-28 20:49:07.187  4435  5430 I exmu    : (REDACTED) No need to try to get the fallback locale. for keyphrase %s, locale %s
05-28 20:49:07.187  4435  5430 I exna    : (REDACTED) #getDspAvailableResult locale : %s, dsp locale : %s, keyphrase : %s, DSP keyphrase : %s, isKeyphraseAndLocaleSupported : %b, canUseDownloadDspModel : %b. forceUniversalDspHotwordModel : %b
05-28 20:49:07.187  4435  5430 W KeyphraseEnrollmentInfo: No enrollment application supports the given keyphrase/locale: 'Y Google'/zh_CN
05-28 20:49:07.188  1256  4483 V WindowManager: Relayout Window{47e2a7c u0 com.samsung.android.spay.pay.HintService}: viewVisibility=8 req=488x96 d0
05-28 20:49:07.188  4435  5430 I exna    : (REDACTED) isDspHotwordSupportedByPlatform = %s, isDspHotwordModelAvailable = %s
05-28 20:49:07.188  1256  4483 E WindowManager: win=Window{47e2a7c u0 com.samsung.android.spay.pay.HintService} destroySurfaces: appStopped=true cleanupOnResume=false win.mWindowRemovalAllowed=false win.mRemoveOnExit=false win.mViewVisibility=8 caller=com.android.server.wm.WindowManagerService.tryStartExitingAnimation:3016 com.android.server.wm.WindowManagerService.relayoutWindow:2727 com.android.server.wm.Session.relayout:274 android.view.IWindowSession$Stub.onTransact:779 com.android.server.wm.Session.onTransact:188 android.os.Binder.execTransactInternal:1321 android.os.Binder.execTransact:1280 
05-28 20:49:07.188  4435  5430 I exkb    : (REDACTED) getAllConfigAndTakeAction dspAvailable: %b, disableDspInTest: %b
05-28 20:49:07.188  1256  4483 I WindowManager: Destroying surface Surface(name=com.samsung.android.spay.pay.HintService$_27220)/@0x9f8293 called by com.android.server.wm.WindowStateAnimator.destroySurface:942 com.android.server.wm.WindowStateAnimator.destroySurfaceLocked:536 com.android.server.wm.WindowState.destroySurfaceUnchecked:4309 com.android.server.wm.WindowState.destroySurface:4283 com.android.server.wm.WindowManagerService.tryStartExitingAnimation:3016 com.android.server.wm.WindowManagerService.relayoutWindow:2727 com.android.server.wm.Session.relayout:274 android.view.IWindowSession$Stub.onTransact:779 
05-28 20:49:07.188  4435  5430 I exid    : (REDACTED) Voice Match (Speaker-id) supported : %b 
05-28 20:49:07.188  4435  5430 I exid    : (REDACTED) hotword enrollment state is enrolled:  %b, speakerId model exist: %b. Voice Match supported : %b 
05-28 20:49:07.188  4435  5430 I exid    : (REDACTED) isHotwordAvailable():  %b, isHotwordEnabled() %b , removeUsageOfHotwordEnabled: %b
05-28 20:49:07.188  4435  5430 I exid    : (REDACTED) Hotword enrollment state : %s.
05-28 20:49:07.188  4435  5430 I exkb    : Registering for USER_PRESENT intent ...
05-28 20:49:07.188  4435  5430 I exid    : (REDACTED) Voice Match (Speaker-id) supported : %b 
05-28 20:49:07.188  4435  5430 I exid    : speakerIdVerificationEnforced: false, isVoiceMatchSupported: false
05-28 20:49:07.189  1256  4483 D DisplayPolicyExt: notifySamsungPayInfo: false, Rect(476, 3104 - 964, 3200)
05-28 20:49:07.189  2564  2678 I ViewRootImpl@62a8381[NotificationShade]: mWNT: t=0xb4000075e1ac7b30 mBlastBufferQueue=0xb400007621a23650 fn= 159 caller= android.view.SyncRtSurfaceTransactionApplier.applyTransaction:96 android.view.SyncRtSurfaceTransactionApplier.lambda$scheduleApply$0$android-view-SyncRtSurfaceTransactionApplier:69 android.view.SyncRtSurfaceTransactionApplier$$ExternalSyntheticLambda0.onFrameDraw:4 
05-28 20:49:07.191  4727  4727 I AbstractCocktailPanelView: removeSecurityView 应用程序
05-28 20:49:07.191 12955  9844 I NearbyUWB: (REDACTED) Screen unlocked: %s
05-28 20:49:07.192 12955  9109 I NearbySharing: NearbySharing Internal event ReceiveVisibilityChange(visibility=1)
05-28 20:49:07.192  1256  4483 V WindowManager: Relayout hash=47e2a7c, pid=27220, syncId=-1: mAttrs={(0,0)(488x96) gr=BOTTOM CENTER sim={adjust=pan} layoutInDisplayCutoutMode=shortEdges ty=NAVIGATION_BAR_PANEL fmt=TRANSLUCENT
05-28 20:49:07.192  1256  4483 V WindowManager:   fl=1800308
05-28 20:49:07.192  1256  4483 V WindowManager:   pfl=12000040
05-28 20:49:07.192  1256  4483 V WindowManager:   bhv=DEFAULT
05-28 20:49:07.192  1256  4483 V WindowManager:   fitTypes=NAVIGATION_BARS
05-28 20:49:07.192  1256  4483 V WindowManager:   fitSides=LEFT RIGHT naviIconColor=0}
05-28 20:49:07.193 12955  9109 I NearbySharing: Start advertising with mode BACKGROUND certificate visibility ALL_CONTACTS data usage preference ONLINE, and bt advertising false with vendorId 1
05-28 20:49:07.193  2952  3199 I libnfc_nci: [INFO:NativeNfcManager.cpp(1193)] nfaDeviceManagementCallback: enter; event=0xB
05-28 20:49:07.193 12955  9109 I NearbySharing: Uwb feature is off.
05-28 20:49:07.193  2952  3199 I libnfc_nci: [INFO:NativeNfcManager.cpp(1397)] nfaDeviceManagementCallback: NFA_DM_SET_POWER_SUB_STATE_EVT; status=0x0
05-28 20:49:07.193 12955  9109 I NearbySharing: Updating advertising options: cxzm@cabb04d
05-28 20:49:07.193 12955  9109 I NearbySharing: [RECEIVE_PROVIDER] update called.
05-28 20:49:07.195  1127  1127 D SurfaceFlinger: Display 4630947232161729153 HWC layers:
05-28 20:49:07.195  1127  1127 D SurfaceFlinger:      DEVICE | 0xb400006df2c50a20 | 0102 | RGBA_8888    |  181.0  403.0 1259.0 2797.0 |    0    0 1440 3200 | com.anonymous.kidmate/com.anonymous.kidmate.MainActivity$_9713#27945
05-28 20:49:07.195  1127  1127 D SurfaceFlinger:      DEVICE | 0xb400006df2c2d320 | 0000 | RGBA_8888    |  181.0  403.0 1259.0 2797.0 |    0    0 1440 3200 | SnapshotStartingWindow for taskId=2194$_2564#27942
05-28 20:49:07.195  1127  1127 D SurfaceFlinger:      DEVICE | 0xb400006df2c6fbf0 | 0100 | RGBA_8888    |    0.0    0.0 1440.0  104.0 |    0    0 1440  104 | StatusBar$_2564#91
05-28 20:49:07.195  1127  1127 D SurfaceFlinger:      DEVICE | 0xb400006df2c73430 | 0100 | RGBA_8888    |    0.0    0.0 1440.0 3200.0 |    0    0 1440 3200 | NotificationShade$_2564#27935
05-28 20:49:07.195  1127  1127 D SurfaceFlinger:      DEVICE | 0xb400006df2c552b0 | 0100 | RGBA_8888    |    0.0    0.0   67.0  456.0 | 1373  475 1440  931 | com.samsung.android.app.cocktailbars[...]rvice.CocktailBarService$_4727#27939
05-28 20:49:07.195  1127  1127 D SurfaceFlinger:      DEVICE | 0xb400006df2c76e20 | 0100 | RGBA_8888    |    0.0    0.0 1440.0  192.0 |    0 3008 1440 3200 | NavigationBar0$_2564#86
05-28 20:49:07.195  1127  1127 D SurfaceFlinger:      DEVICE | 0xb400006df2c7f6d0 | 0100 | RGBA_8888    |  
05-28 20:49:07.195  1127  1127 D SurfaceFlinger:   0.0    0.0  488.0   96.0 |  476 3104  964 3200 | com.samsung.android.spay.pay.HintService$_27220#27940
05-28 20:49:07.195  1127  1127 D SurfaceFlinger:      DEVICE | 0xb400006df2c538d0 | 0140 | RGBA_8888    |    8.0    8.0 1448.0 3208.0 |    0    0 1440 3200 | FP Iconview$_7962#27938
05-28 20:49:07.195  1127  1127 D SurfaceFlinger: 
05-28 20:49:07.195  1127  1127 I SurfaceFlinger: [c7c982e NotificationShade#72] FrameRatePriority: -1
05-28 20:49:07.195  1127  1127 I Layer   : id=27936 removedFromDrawingState Surface(name=ee35f1d StatusBar)/@0xa4e50e2 - animation-leash of insets_animation#27936 (216)
05-28 20:49:07.195  1127  1127 I Layer   : id=27937 removedFromDrawingState Surface(name=811eab6 NavigationBar0)/@0x2234fa9 - animation-leash of insets_animation#27937 (216)
05-28 20:49:07.195  1127  1127 I SurfaceFlinger: [471d080 com.anonymous.kidmate/com.anonymous.kidmate.MainActivity#27924] FrameRatePriority: 1
05-28 20:49:07.195 12955  9109 I NearbySharing: Advertising has started with mode BACKGROUND, Bt enabled : false
05-28 20:49:07.195  1127  1127 I Layer   : id=27940 removedFromDrawingState com.samsung.android.spay.pay.HintService$_27220#27940 (216)
05-28 20:49:07.196  1127  1127 I SurfaceFlinger: id=27936 Removed Surface(name=ee35f1d StatusBar)/@0xa4e50e2 - animation-leash of insets_animation#27936 (216)
05-28 20:49:07.196  1127  1127 I SurfaceFlinger: id=27937 Removed Surface(name=811eab6 NavigationBar0)/@0x2234fa9 - animation-leash of insets_animation#27937 (216)
05-28 20:49:07.196  1127  1127 I Layer   : id=27936 Destroyed Surface(name=ee35f1d StatusBar)/@0xa4e50e2 - animation-leash of insets_animation#27936
05-28 20:49:07.196  1127  1127 I Layer   : id=27937 Destroyed Surface(name=811eab6 NavigationBar0)/@0x2234fa9 - animation-leash of insets_animation#27937
05-28 20:49:07.197  2564  2564 I ViewRootImpl@27a192f[NavigationBar0]: performTraversals params={(0,0)(fillx192) gr=BOTTOM CENTER_VERTICAL sim={adjust=pan} layoutInDisplayCutoutMode=always ty=NAVIGATION_BAR fmt=TRANSLUCENT receive insets ignoring z-order
05-28 20:49:07.197  2564  2564 I ViewRootImpl@27a192f[NavigationBar0]:   fl=840068
05-28 20:49:07.197  2564  2564 I ViewRootImpl@27a192f[NavigationBar0]:   pfl=33002000
05-28 20:49:07.197  2564  2564 I ViewRootImpl@27a192f[NavigationBar0]:   bhv=DEFAULT
05-28 20:49:07.197  2564  2564 I ViewRootImpl@27a192f[NavigationBar0]:  providedInternalInsets=null Insets{left=0, top=132, right=0, bottom=0} null null null null null null null null null null null null null null null null null null null null null null
05-28 20:49:07.197  2564  2564 I ViewRootImpl@27a192f[NavigationBar0]:   paramsForRotation=
05-28 20:49:07.197  2564  2564 I ViewRootImpl@27a192f[NavigationBar0]:   rot[0]={(0,0)(fillx192) gr=BOTTOM CENTER_VERTICAL layoutInDisplayCutoutMode=always ty=NAVIGATION_BAR fmt=TRANSLUCENT receive insets ignoring z-order
05-28 20:49:07.197  2564  2564 I ViewRootImpl@27a192f[NavigationBar0]:   fl=20840068
05-28 20:49:07.197  2564  2564 I ViewRootImpl@27a192f[NavigationBar0]:   pfl=31002000
05-28 20:49:07.197  2564  2564 I ViewRootImpl@27a192f[NavigationBar0]:   bhv=DEFAULT
05-28 20:49:07.197  2564  2564 I ViewRootImpl@27a192f[NavigationBar0]:  providedInternalInsets=null Insets{left=0, top=132, right=0, bottom=0} null null null null null null null null null null null null null null null null null null null null null null naviIconColor=0} 
05-28 20:49:07.197  2564  2564 I ViewRootImpl@27a192f[NavigationBar0]:   rot[1]={(0,0)(fillx192) gr=BOTTOM CENTER_VERTICAL layoutInDisplayCutoutMode=always ty=NAVIGATION_BAR fmt=TRANSLUCENT receive insets ignoring z-order
05-28 20:49:07.197  2564  2564 I ViewRootImpl@27a192f[NavigationBar0]:   fl=20840068
05-28 20:49:07.197  2564  2564 I ViewRootImpl@27a192f[NavigationBar0]:   pfl=31002000
05-28 20:49:07.197  2564  2564 I ViewRootImpl@27a192f[NavigationBar0]:   bhv=DEFAULT
05-28 20:49:07.197  2564  2564 I ViewRootImpl@27a192f[NavigationBar0]:  providedInternalInsets=null Insets{left=0, top=132, right=0, bottom=0} null null null null null null null null null null null null null null null null null null null null null null naviIconColor=0} 
05-28 20:49:07.197  2564  2564 I ViewRootImpl@27a192f[NavigationBar0]:   rot[2]={(0,0)(fillx192) gr=BOTTOM CENTER_VERTICAL layoutInDisplayCutoutMode=always ty=NAVIGATION_BAR fmt=TRANSLUCENT receive insets ignoring z-order
05-28 20:49:07.197  2564  2564 I ViewRootImpl@27a192f[NavigationBar0]:   fl=20840068
05-28 20:49:07.197  2564  2564 I ViewRootImpl@27a192f[NavigationBar0]:   pfl=31002000
05-28 20:49:07.197  2564  2564 I ViewRootImpl@27a192f[NavigationBar0]:   bhv=DEFAULT
05-28 20:49:07.197  2564  2564 I ViewRootImpl@27a192f[NavigationBar0]:  providedInternalInsets=null Insets{left=0, top=132, right=0, bottom=0} null null null null null null null null null null null null null null null null null null null null null null naviIconColor=0} 
05-28 20:49:07.197  2564  2564 I ViewRootImpl@27a192f[NavigationBar0]:   rot[3]={(0,0)(fillx192) gr=BOTTOM CENTER_VERTICAL layoutInDisplayCutoutMode=always ty=NAVIGATION_BAR fmt=TRANSLUCENT receive insets ignoring z-order
05-28 20:49:07.197  2564  2564 I ViewRootImpl@27a192f[NavigationBar0]:   fl=20840068
05-28 20:49:07.197  2564  2564 I ViewRootImpl@27a192f[NavigationBar0]:   pfl=31002000
05-28 20:49:07.197  2564  2564 I ViewRootImpl@27a192f[NavigationBar0]:   bhv=DEFAULT
05-28 20:49:07.197  2564  2564 I ViewRootImpl@27a192f[NavigationBar0]:  providedInternalInsets=null Insets{left=0, top=132, right=0, bottom=0} null null null null null null null null null null null null null null null null null null null null null null naviIconColor=0} naviIconColor=0}
05-28 20:49:07.197  1256  5799 D InputDispatcher: Focus left window (0): c7c982e NotificationShade
05-28 20:49:07.197  1256  5799 D InputDispatcher: Focus entered window (0): 471d080 com.anonymous.kidmate/com.anonymous.kidmate.MainActivity
05-28 20:49:07.198  2564  2564 I ViewRootImpl@27a192f[NavigationBar0]: performTraversals mFirst=false windowShouldResize=false viewVisibilityChanged=false mForceNextWindowRelayout=false params={(0,0)(fillx192) gr=BOTTOM CENTER_VERTICAL sim={adjust=pan} layoutInDisplayCutoutMode=always ty=NAVIGATION_BAR fmt=TRANSLUCENT receive insets ignoring z-order
05-28 20:49:07.198  2564  2564 I ViewRootImpl@27a192f[NavigationBar0]:   fl=840068
05-28 20:49:07.198  2564  2564 I ViewRootImpl@27a192f[NavigationBar0]:   pfl=33002000
05-28 20:49:07.198  2564  2564 I ViewRootImpl@27a192f[NavigationBar0]:   bhv=DEFAULT
05-28 20:49:07.198  2564  2564 I ViewRootImpl@27a192f[NavigationBar0]:  providedInternalInsets=null Insets{left=0, top=132, right=0, bottom=0} null null null null null null null null null null null null null null null null null null null null null null
05-28 20:49:07.198  2564  2564 I ViewRootImpl@27a192f[NavigationBar0]:   paramsForRotation=
05-28 20:49:07.198  2564  2564 I ViewRootImpl@27a192f[NavigationBar0]:   rot[0]={(0,0)(fillx192) gr=BOTTOM CENTER_VERTICAL layoutInDisplayCutoutMode=always ty=NAVIGATION_BAR fmt=TRANSLUCENT receive insets ignoring z-order
05-28 20:49:07.198  2564  2564 I ViewRootImpl@27a192f[NavigationBar0]:   fl=20840068
05-28 20:49:07.198  2564  2564 I ViewRootImpl@27a192f[NavigationBar0]:   pfl=31002000
05-28 20:49:07.198  2564  2564 I ViewRootImpl@27a192f[NavigationBar0]:   bhv=DEFAULT
05-28 20:49:07.198  2564  2564 I ViewRootImpl@27a192f[NavigationBar0]:  providedInternalInsets=null Insets{left=0, top=132, right=0, bottom=0} null null null null null null null null null null null null null null null null null null null null null null naviIconColor=0} 
05-28 20:49:07.198  2564  2564 I ViewRootImpl@27a192f[NavigationBar0]:   rot[1]={(0,0)(fillx192) gr=BOTTOM CENTER_VERTICAL layoutInDisplayCutoutMode=always ty=NAVIGATION_BAR fmt=TRANSLUCENT receive insets ignoring z-order
05-28 20:49:07.198  2564  2564 I ViewRootImpl@27a192f[NavigationBar0]:   fl=20840068
05-28 20:49:07.198  2564  2564 I ViewRootImpl@27a192f[NavigationBar0]:   pfl=31002000
05-28 20:49:07.198  2564  2564 I ViewRootImpl@27a192f[NavigationBar0]:   bhv=DEFAULT
05-28 20:49:07.198  2564  2564 I ViewRootImpl@27a192f[NavigationBar0]:  providedInternalInsets=null Insets{left=0, top=132, right=0, bottom=0} null null null null null null null null null null null null null null null null null null null null null null naviIconColor=0} 
05-28 20:49:07.198  2564  2564 I ViewRootImpl@27a192f[NavigationBar0]:   rot[2]={(0,0)(fillx192) gr=BOTTOM CENTER_VERTICAL layoutInDisplayCutoutMode=always ty=NAVIGATION_BAR fmt=TRANSLUCENT receive insets ignoring z-order
05-28 20:49:07.198  2564  2564 I ViewRootImpl@27a192f[NavigationBar0]:   fl=20840068
05-28 20:49:07.198  2564  2564 I ViewRootImpl@27a192f[NavigationBar0]:   pfl=31002000
05-28 20:49:07.198  2564  2564 I ViewRootImpl@27a192f[NavigationBar0]:   bhv=DEFAULT
05-28 20:49:07.198  2564  2564 I ViewRootImpl@27a192f[NavigationBar0]:  providedInternalInsets=null Insets{left=0, top=132, right=0, bottom=0} null null null null null null null null null null null null null null null null null null null null null null naviIconColor=0} 
05-28 20:49:07.198  2564  2564 I ViewRootImpl@27a192f[NavigationBar0]:   rot[3]={(0,0)(fillx192) gr=BOTTOM CENTER_VERTICAL layoutInDisplayCutoutMode=always ty=NAVIGATION_BAR fmt=TRANSLUCENT receive insets ignoring z-order
05-28 20:49:07.198  2564  2564 I ViewRootImpl@27a192f[NavigationBar0]:   fl=20840068
05-28 20:49:07.198  2564  2564 I ViewRootImpl@27a192f[NavigationBar0]:   pfl=31002000
05-28 20:49:07.198  2564  2564 I ViewRootImpl@27a192f[NavigationBar0]:   bhv=DEFAULT
05-28 20:49:07.198  2564  2564 I ViewRootImpl@27a192f[NavigationBar0]:  providedInternalInsets=null Insets{left=0, top=132, right=0, bottom=0} null null null null null null null null null null null null null null null null null null null null null null naviIconColor=0} naviIconColor=0}
05-28 20:49:07.198  1256  5799 V WindowManager: Relayout Window{811eab6 u0 NavigationBar0}: viewVisibility=0 req=1440x192 d0
05-28 20:49:07.200  1127  1719 I SurfaceFlinger: id=27940 Removed com.samsung.android.spay.pay.HintService$_27220#27940 (214)
05-28 20:49:07.200 27220 27220 I ViewRootImpl@7099df8[HintService]: Relayout returned: old=(476,3104,964,3200) new=(476,3104,964,3200) req=(488,96)8 dur=10 res=0x2 s={false 0x0} ch=true seqId=1
05-28 20:49:07.200 27220 27220 I SAMSUNGWALLET: [Hint_PayHintService] onReceive() action=com.samsung.keyguard.KEYGUARD_STATE_UPDATE
05-28 20:49:07.201 27220 27220 I SAMSUNGWALLET: [Hint_PayHintService] Lock Status - update, showing : false , bouncer showing : false , occluded : false , timestamp : 1748436547176
05-28 20:49:07.201  1256  5799 V WindowManager: Relayout hash=811eab6, pid=2564, syncId=-1: mAttrs={(0,0)(fillx192) gr=BOTTOM CENTER_VERTICAL sim={adjust=pan} layoutInDisplayCutoutMode=always ty=NAVIGATION_BAR fmt=TRANSLUCENT receive insets ignoring z-order
05-28 20:49:07.201  1256  5799 V WindowManager:   fl=840068
05-28 20:49:07.201  1256  5799 V WindowManager:   pfl=33002000
05-28 20:49:07.201  1256  5799 V WindowManager:   bhv=DEFAULT
05-28 20:49:07.201  1256  5799 V WindowManager:  providedInternalInsets=null Insets{left=0, top=132, right=0, bottom=0} null null null null null null null null null null null null null null null null null null null null null null
05-28 20:49:07.201  1256  5799 V WindowManager:   paramsForRotation=
05-28 20:49:07.201  1256  5799 V WindowManager:   rot[0]={(0,0)(fillx192) gr=BOTTOM CENTER_VERTICAL layoutInDisplayCutoutMode=always ty=NAVIGATION_BAR fmt=TRANSLUCENT receive insets ignoring z-order
05-28 20:49:07.201  1256  5799 V WindowManager:   fl=20840068
05-28 20:49:07.201  1256  5799 V WindowManager:   pfl=31002000
05-28 20:49:07.201  1256  5799 V WindowManager:   bhv=DEFAULT
05-28 20:49:07.201  1256  5799 V WindowManager:  providedInternalInsets=null Insets{left=0, top=132, right=0, bottom=0} null null null null null null null null null null null null null null null null null null null null null null naviIconColor=0} 
05-28 20:49:07.201  1256  5799 V WindowManager:   rot[1]={(0,0)(fillx192) gr=BOTTOM CENTER_VERTICAL layoutInDisplayCutoutMode=always ty=NAVIGATION_BAR fmt=TRANSLUCENT receive insets ignoring z-order
05-28 20:49:07.201  1256  5799 V WindowManager:   fl=20840068
05-28 20:49:07.201  1256  5799 V WindowManager:   pfl=31002000
05-28 20:49:07.201  1256  5799 V WindowManager:   bhv=DEFAULT
05-28 20:49:07.201  1256  5799 V WindowManager:  providedInternalInsets=null Insets{left=0, top=132, right=0, bottom=0} null null null null null null null null null null null null null null null null null null null null null null naviIconColor=0} 
05-28 20:49:07.201  1256  5799 V WindowManager:   rot[2]={(0,0)(fillx192) gr=BOTTOM CENTER_VERTICAL layoutInDisplayCutoutMode=always ty=NAVIGATION_BAR fmt=TRANSLUCENT receive insets ignoring z-order
05-28 20:49:07.201  1256  5799 V WindowManager:   fl=20840068
05-28 20:49:07.201  1256  5799 V WindowManager:   pfl=31002000
05-28 20:49:07.201  1256  5799 V WindowManager:   bhv=DEFAULT
