05-28 20:49:06.034  2564  2564 D SecQSFragmentAnimator_QSCinema: [panelExpansionDragDownPxAmount:1268] qsExpanded:false, qsFullyExpanded:false, qsExpansionPosition:0, qsExpandImmediate:false, qsCollapsingWhilePanelClosing:false &&&  panelExpansionFraction:1, panelExpansionDragDownPxAmount:1267 ***   panelExpanded:true, panelExpanding:false %%%   barState:1, overScrolling:false, userId:-1, isRunningPanelOnHeightAnimation:false
05-28 20:49:06.042  1316  1807 D SemNativeCarrierFeature_vendor: getInstance
05-28 20:49:06.049  2564  2564 I FaceWidgetPositionAlgorithm: setup() mStatusBarHeight = 104, mDarkAmount = 0.07505241, mQsTopPadding = 1148, notificationStackHeight = 0, mPanelExpansion = 0.0, mHeight = 3200, mFaceWidgetContainerHeight = 508, mCurrentClockType = 7, notificationType = 0, hasVisibleNotifs = false
05-28 20:49:06.049  2564  2564 I FaceWidgetPositionAlgorithm: getClockContainerHeight() supplier = 412, bottom margin = 96, real height = 508
05-28 20:49:06.049  2564  2564 I FaceWidgetPositionAlgorithm: getMediaContainerHeight() height = 0 container Visibility = 8, isValid = false, mIsDozing = false, fraction = 1.0, source = 0, target = 0
05-28 20:49:06.049  2564  2564 I FaceWidgetPositionAlgorithm: getMediaContainerHeight() supplier = 0
05-28 20:49:06.049  2564  2564 I FaceWidgetPositionAlgorithm: getClockContainerHeight() supplier = 412, bottom margin = 0, real height = 508
05-28 20:49:06.055  1316  1509 D SemNativeCarrierFeature_vendor: getInstance
05-28 20:49:06.057  3749  4067 I EPDG -- EpdgIpcMessageFactory: ipcMainCmd: 8
05-28 20:49:06.057  3749  4067 I EPDG -- SIM1 [RILRECEIVER]: [Rx]: Main: IPC_NET_CMD Sub: IPC_NET_REGIST Param: FF 03 
05-28 20:49:06.057  3749  4067 I EPDG -- SIM1 [RILRECEIVER]: RX [NET_REGIST] -- RESPONSE -- EPDG NOT AVAILABLE
05-28 20:49:06.057  3749  4067 I EPDG -- SIM1 [IPCDISPATCHER]: [Tx]: Main: IPC_NET_CMD Sub: IPC_NET_REGIST Cmd Type: IPC_CMD_RESP Param: 30 03 01 00 00 00 00 00 00 00 00 00 00 00 00 00 00 00 00 00 
05-28 20:49:06.057  3749  4008 I EPDG -- : EpdgModemSender(): send
05-28 20:49:06.057  3749  3809 I EPDG -- SIM1 [EpdgHandler]: Event received: RIL_EPDG_STATUS_QUERY cid - 1
05-28 20:49:06.058  1316  2076 D SemNativeCarrierFeature_vendor: getInstance
05-28 20:49:06.059  1364  9841 I bauth_TLC_Communicator: Check the Trustlet return code is completed
05-28 20:49:06.059  1364  9841 I bauth_FPBAuthService: check_opcode status = 2, opcode = 6, func_ret_val = 0, function_status = 1, timeout = 0
05-28 20:49:06.059  1364  9841 I bauth_FPBAuthService: FPBAuthService, 2964
05-28 20:49:06.059  1364  9841 I bauth_FPBAuthService: FPBAuthService, 2970
05-28 20:49:06.059  1364  9841 I bauth_FPBAuthService: fpop : 100022
05-28 20:49:06.059  1364  9841 I bauth_FPBAuthService: FPBAuthService, 5857
05-28 20:49:06.059  1364  9841 I bauth_TLC_Communicator: Call FP cmd 0x6
05-28 20:49:06.060  2564  2681 D MobileStatusTracker(0/15): onSignalStrengthsChanged level=2, vendorLevel=3
05-28 20:49:06.061  1256  2266 I FingerprintService: handleAcquired: acquiredInfo=6, vendor=10003
05-28 20:49:06.061  1256  2266 D FingerprintService: onAcquired: 6, 10003
05-28 20:49:06.061  2564  2681 D MobileSignalController(0/15): notifyListener: enabled=true, connected=true, dataConnected=false, networkType=LTE (LTE), emergencyOnly=false, roaming=true, isDefault=false, dataActivity=, level=3, ca=false, mmWave=false, disabledDataIcon=false, simCard=ETC
05-28 20:49:06.061  1256  2266 V Biometrics/AcquisitionClient: Acquired: 6 10003, shouldSend: true
05-28 20:49:06.062  1256  6632 D SemInputCommandService: getFodPosition: devid:1
05-28 20:49:06.062  2564  2763 I FingerprintManager: handleMessage = 101, 6, 10003
05-28 20:49:06.062  2564  2564 D KeyguardFingerprint: handleFingerprintAuth fpMsg index = 0 / type = 4
05-28 20:49:06.063  2564  2564 D KeyguardFingerprint: onAuthenticationAcquired( 6  )
05-28 20:49:06.063  2564  2564 D KeyguardFingerprint: handleFingerprintAcquired( 6  )
05-28 20:49:06.063  2564  2564 W KeyguardFingerprint: handleFingerprintAuth dispatchCount = 1 / elapsed time: 0ms
05-28 20:49:06.063  1058  1058 I sysinput:Touch: readInformation:225, fod_pos: OK
05-28 20:49:06.064  1256  6632 D SysinputHAL_V1_3: getProperty(TSP_1): FOD_POS:00000000000000000000000000000000000000000000000000000000000000000000
05-28 20:49:06.064  2564  2681 D NetworkController: SignalStrength from intent slotId=0
05-28 20:49:06.066  2564  2564 I FaceWidgetPositionAlgorithm: setup() mStatusBarHeight = 104, mDarkAmount = 0.060648493, mQsTopPadding = 1148, notificationStackHeight = 0, mPanelExpansion = 0.0, mHeight = 3200, mFaceWidgetContainerHeight = 508, mCurrentClockType = 7, notificationType = 0, hasVisibleNotifs = false
05-28 20:49:06.066  2564  2564 I FaceWidgetPositionAlgorithm: getClockContainerHeight() supplier = 412, bottom margin = 96, real height = 508
05-28 20:49:06.066  2564  2564 I FaceWidgetPositionAlgorithm: getMediaContainerHeight() height = 0 container Visibility = 8, isValid = false, mIsDozing = false, fraction = 1.0, source = 0, target = 0
05-28 20:49:06.066  2564  2564 I FaceWidgetPositionAlgorithm: getMediaContainerHeight() supplier = 0
05-28 20:49:06.066  2564  2564 I FaceWidgetPositionAlgorithm: getClockContainerHeight() supplier = 412, bottom margin = 0, real height = 508
05-28 20:49:06.066  1364  9841 E bauth_TLC_Communicator: return value from qsapp is wrong : 39
05-28 20:49:06.066  1364  9841 I bauth_FPBAuthService: check_opcode status = 2, opcode = 0, func_ret_val = 39, function_status = 1, timeout = 0
05-28 20:49:06.066  1364  9841 I bauth_FPBAuthService: FPBAuthService, 2874
05-28 20:49:06.066  1364  9841 I bauth_FPBAuthService: fpop : 100022
05-28 20:49:06.066  1364  9841 E bauth_FPBAuthService: BAuth_Identify_Do Fail BAD_QUALITY or Identify Fail : 39 
05-28 20:49:06.066  1364  9841 I bauth_FPBAuthService: FPBAuthService, 6202
05-28 20:49:06.066  1364  9841 I bauth_FPBAuthService: fpop : 100025
05-28 20:49:06.066  1364  9841 I bauth_FPBAuthService: FPBAuthService, 6211
05-28 20:49:06.066  1364  9841 I bauth_FPBAuthService: fpop : 100011
05-28 20:49:06.066  1364  9841 I bauth_TLC_Communicator: Call FP cmd 0xc (75)
05-28 20:49:06.067  1364  9841 I bauth_TLC_Communicator: Check Input Data Param buf addr =      0x0 , length = 0
05-28 20:49:06.067  1256  2266 I FingerprintService: handleAcquired: acquiredInfo=6, vendor=10003
05-28 20:49:06.067  1256  2266 D FingerprintService: onAcquired: 6, 10003
05-28 20:49:06.068  7962  7962 I BSS_SysUiManager: handleMessage = 7, 202, 10003
05-28 20:49:06.069  1256  2266 V Biometrics/AcquisitionClient: Acquired: 6 10003, shouldSend: true
05-28 20:49:06.069  1256  2266 I FingerprintService: handleAcquired: acquiredInfo=6, vendor=10006
05-28 20:49:06.069  1256  2266 D FingerprintService: onAcquired: 6, 10006
05-28 20:49:06.069  1256  2266 V Biometrics/AcquisitionClient: Acquired: 6 10006, shouldSend: true
05-28 20:49:06.069  1256  2266 I FingerprintService: handleAcquired: acquiredInfo=5, vendor=0
05-28 20:49:06.069  1256  2266 D FingerprintService: onAcquired: 5, 0
05-28 20:49:06.070  1256  2266 V Biometrics/AcquisitionClient: Acquired: 5 0, shouldSend: true
05-28 20:49:06.070  1256  2267 I FaceService: semResumeAuth called from pid=1256
05-28 20:49:06.070  1256  2268 W Face10  : daemonResumeAuth skipped
05-28 20:49:06.070  1256  2267 W ContextImpl: Calling a method in the system process without a qualified user: android.app.ContextImpl.sendBroadcast:1252 com.android.server.biometrics.SemBioAnalyticsManager.fpHandleData:764 com.android.server.biometrics.SemBioAnalyticsManager.lambda$fpInsertLog$1:425 com.android.server.biometrics.SemBioAnalyticsManager.$r8$lambda$M4hU1IP5T4L-6VlYXAh94T3CnPM:0 com.android.server.biometrics.SemBioAnalyticsManager$$ExternalSyntheticLambda1.run:4 
05-28 20:49:06.070  2564  2763 I FingerprintManager: handleMessage = 101, 6, 10003
05-28 20:49:06.070  2564  2564 D KeyguardFingerprint: handleFingerprintAuth fpMsg index = 0 / type = 4
05-28 20:49:06.070  2564  2564 D KeyguardFingerprint: onAuthenticationAcquired( 6  )
05-28 20:49:06.070  2564  2564 D KeyguardFingerprint: handleFingerprintAcquired( 6  )
05-28 20:49:06.070  2564  2564 W KeyguardFingerprint: handleFingerprintAuth dispatchCount = 1 / elapsed time: 0ms
05-28 20:49:06.071  2564  2763 I FingerprintManager: handleMessage = 101, 6, 10006
05-28 20:49:06.072  4486  4486 W ContextImpl: Calling a method in the system process without a qualified user: android.app.ContextImpl.startService:1926 android.content.ContextWrapper.startService:834 android.content.ContextWrapper.startService:834 com.sec.android.diagmonagent.sa.receiver.CFLogReceiver.a:4 com.sec.android.diagmonagent.sa.receiver.CFLogReceiver.onReceive:4 
05-28 20:49:06.072  2564  2564 D KeyguardFingerprint: handleFingerprintAuth fpMsg index = 0 / type = 4
05-28 20:49:06.072  2564  2564 D KeyguardFingerprint: onAuthenticationAcquired( 6  )
05-28 20:49:06.072  2564  2564 D KeyguardFingerprint: handleFingerprintAcquired( 6  )
05-28 20:49:06.072  2564  2564 W KeyguardFingerprint: handleFingerprintAuth dispatchCount = 1 / elapsed time: 0ms
05-28 20:49:06.074  5291  9937 I [MCFDs]_ContinuityBleAdv@edc5678: startAdvertiser - md(a)[021841 B18E35E3781100800B070157 361018F0 1731 3421DD78 ], 432
05-28 20:49:06.074  5291  9937 I BluetoothAdapter: STATE_ON
05-28 20:49:06.074  5291  9937 I BluetoothAdapter: STATE_ON
05-28 20:49:06.074  1256  2855 D SLocation: SPManager - removeUpdate - SP
05-28 20:49:06.074  1256  2855 D SLocation: RequestSamsungPosition - unbindService SecPhoneServiceConnection.
05-28 20:49:06.077  8735  8764 I bt_stack: [INFO:le_advertising_manager.cc(137)] StartAdvertisingSet in shim layer
05-28 20:49:06.077  8735  8764 W bt_stack: le_advertising_manager :: allocate_advertiser - id : 0
05-28 20:49:06.077  8735  8764 I bt_stack: [INFO:le_advertising_manager.cc(157)] create advertising set, reg_id:-1380, id:0
05-28 20:49:06.077  8735  9090 W bt_stack: le_advertising_manager :: create_extended_advertiser - id : 0
05-28 20:49:06.077  2564  2763 I FingerprintManager: handleMessage = 101, 5, 0
05-28 20:49:06.077  8735  9090 W bt_stack: le_advertising_manager :: enable_advertiser - id : 0
05-28 20:49:06.077  2564  2564 D KeyguardFingerprint: handleFingerprintAuth fpMsg index = 0 / type = 4
05-28 20:49:06.077  2564  2564 D KeyguardFingerprint: onAuthenticationAcquired( 5  )
05-28 20:49:06.077  2564  2564 D KeyguardFingerprint: handleFingerprintAcquired( 5  )
05-28 20:49:06.077  2564  2564 D KeyguardFingerprint: onAuthenticationHelp( helpMsgId = 5 , helpString = 请按时间长一些。 )
05-28 20:49:06.078  2564  4188 D SystemUIAnalytics: sendEventLog , , 3
05-28 20:49:06.079  1316  1509 D SemNativeCarrierFeature_vendor: getInstance
05-28 20:49:06.082  1256  3092 D VibratorManagerService: vibrate - uid: 10042, opPkg: com.android.systemui, effect: Mono{mEffect=Composed{segments=[SemHaptic{mType=50138}], repeat=-1, mMagnitudeType=TYPE_TOUCH}}, attrs: VibrationAttributes: Usage=UNKNOWN Audio Usage= USAGE_UNKNOWN tags= Flags=0, reason: null, token: android.os.BinderProxy@5b94ad3
05-28 20:49:06.082  1256  3092 D VibratorManagerService: converted usage = TOUCH(18)
05-28 20:49:06.082  1256  3092 D VibratorManagerService: semIndexVibrate : EFFECT_UNLOCK_JIGGLE(114), repeat: -1, usage: TOUCH(18), magnitude: 4000
05-28 20:49:06.082  1256  3092 D VibratorManagerService: Starting vibrate for vibration  4394
05-28 20:49:06.083  1256  2125 D SemHapticStep: sepIndex=114, intensity=4000, repeat=false
05-28 20:49:06.083  1256  2125 D SemHapticStep: Turning on vibrator 0 for ms
05-28 20:49:06.083  1256  2125 I VibratorController: vibratorPerformPrebakedHapticPattern started
05-28 20:49:06.083  1256  9924 D WifiConnectivityMonitor.DnsThread:  [|203]
05-28 20:49:06.084  2564  2564 D KeyguardSecIndicationPolicy:  add T Event pos =   UPPER, type =      BIOMETRICS_HELP, id =  2172, text = 您的手指需放在传感器上更久一点, duration = 3000
05-28 20:49:06.084  2564  2564 D KeyguardSecIndicationPolicy:   update top pos =   UPPER, item = [id=1|ty=EMPTY_LOW|pr=1|txt=|ti=duration=PERSISTENT|an=false] -> [id=2172|ty=BIOMETRICS_HELP|pr=60|txt=您的手指需放在传感器上更久一点|ti=duration=3000|an=false]
05-28 20:49:06.084   632  1678 I servicemanager: Could not find android.hardware.vibrator.IVibrator/default in the VINTF manifest.
05-28 20:49:06.085  1256  2298 D WifiConnectivityMonitor.NetworkStatsAnalyzer: DNS resultType : 0, responseTime : 203
05-28 20:49:06.085  8735  9079 E BtGatt.GattService: [GSIM LOG]: gsimLogHandler, msg: MESSAGE_ADV_SET_START, appName: com.samsung.android.mcfds, id: 0, isLegacy: true
05-28 20:49:06.085  1256  2296 D OpenNetworkQos[4.00]: updateBssidLatestDnsResultType - result: 0
05-28 20:49:06.085  1256  2296 D OpenNetworkQos[4.00]: updateBssidNoInternet: mBssidNoInternet = false
05-28 20:49:06.085  1256  2296 D OpenNetworkQos[4.00]: getOpenNetworkQosNoInternetStatus: false
05-28 20:49:06.085  1256  2296 D OpenNetworkQos[4.00]: getOpenNetworkQosScores: 30 25 30 
05-28 20:49:06.085  1256  2296 D SettingsProvider: isChangeAllowed() : name = wifi_wcm_qos_sharing_score_summary
05-28 20:49:06.085  1256  2296 I WifiProfileShare: network QoS data was changed (internet), updateQoSData networkType: true, qosData: false
05-28 20:49:06.085  1064  1064 E SecVibrator-HAL2.2_A: sehPerformPrebakedHapticPattern pattern : 114, amplitude : 4000
05-28 20:49:06.085  1064  1064 E SecVibrator-HAL2.2_A: sehPerformPrebakedHapticPattern one shoot starts
05-28 20:49:06.085  1064  1064 E SecVibrator-HAL2.2_A: >> writeNode node:/timed_output/vibrator/intensity val:4000
05-28 20:49:06.085  1256  3706 V WifiProfileShare.Caster: checkAndGetShareData - device locked
05-28 20:49:06.086  5291  5291 I [MCFDs]_ContinuityBleAdv@edc5678: onAdvertisingSetStarted - status=0
05-28 20:49:06.086  7962  7962 I BSS_SysUiManager: handleMessage = 7, 202, 10003
05-28 20:49:06.087  7962  7962 I BSS_SysUiManager: handleMessage = 7, 202, 10006
05-28 20:49:06.087  7962  7962 I BSS_SysUiManager: handleMessage = 7, 201, 5
05-28 20:49:06.087  2564  2564 W KeyguardFingerprint: handleFingerprintAuth dispatchCount = 2 / elapsed time: 10ms
05-28 20:49:06.087  2564  2564 W KeyguardFingerprint: handleFingerprintAuth dispatchCount = 0 / elapsed time: 0ms
05-28 20:49:06.088  2564  2564 I FaceWidgetPositionAlgorithm: setup() mStatusBarHeight = 104, mDarkAmount = 0.04758588, mQsTopPadding = 1148, notificationStackHeight = 0, mPanelExpansion = 0.0, mHeight = 3200, mFaceWidgetContainerHeight = 508, mCurrentClockType = 7, notificationType = 0, hasVisibleNotifs = false
05-28 20:49:06.088  2564  2564 I FaceWidgetPositionAlgorithm: getClockContainerHeight() supplier = 412, bottom margin = 96, real height = 508
05-28 20:49:06.088  2564  2564 I FaceWidgetPositionAlgorithm: getMediaContainerHeight() height = 0 container Visibility = 8, isValid = false, mIsDozing = false, fraction = 1.0, source = 0, target = 0
05-28 20:49:06.088  2564  2564 I FaceWidgetPositionAlgorithm: getMediaContainerHeight() supplier = 0
05-28 20:49:06.088  2564  2564 I FaceWidgetPositionAlgorithm: getClockContainerHeight() supplier = 412, bottom margin = 0, real height = 508
05-28 20:49:06.088  2564  2564 I FaceWidgetPositionAlgorithm: getClockContainerHeight() supplier = 412, bottom margin = 96, real height = 508
05-28 20:49:06.088  2564  2564 I FaceWidgetPositionAlgorithm: getMediaContainerHeight() height = 0 container Visibility = 8, isValid = false, mIsDozing = false, fraction = 1.0, source = 0, target = 0
05-28 20:49:06.088  2564  2564 I FaceWidgetPositionAlgorithm: getMediaContainerHeight() supplier = 0
05-28 20:49:06.088  2564  2564 I FaceWidgetPositionAlgorithm: getClockContainerHeight() supplier = 412, bottom margin = 0, real height = 508
05-28 20:49:06.089  2564  2564 I FaceWidgetPositionAlgorithm: getClockContainerHeight() supplier = 412, bottom margin = 96, real height = 508
05-28 20:49:06.089  2564  2564 I FaceWidgetPositionAlgorithm: getMediaContainerHeight() height = 0 container Visibility = 8, isValid = false, mIsDozing = false, fraction = 1.0, source = 0, target = 0
05-28 20:49:06.089  2564  2564 I FaceWidgetPositionAlgorithm: getMediaContainerHeight() supplier = 0
05-28 20:49:06.089  2564  2564 I FaceWidgetPositionAlgorithm: getClockContainerHeight() supplier = 412, bottom margin = 0, real height = 508
05-28 20:49:06.090  1064  1064 E SecVibrator-HAL2.2_A: << writeNode node OK 5
05-28 20:49:06.090  1064  1064 E SecVibrator-HAL2.2_A: >> writeNode node:/timed_output/vibrator/cp_trigger_index val:114
05-28 20:49:06.090  1064  1064 E SecVibrator-HAL2.2_A: << writeNode node OK 4
05-28 20:49:06.090  1064  1064 E SecVibrator-HAL2.2_A: >> writeNode node:/timed_output/vibrator/enable val:1000
05-28 20:49:06.091  1256  2708 W ContextImpl: Calling a method in the system process without a qualified user: android.app.ContextImpl.sendBroadcastMultiplePermissions:1335 android.content.Context.sendBroadcastMultiplePermissions:2285 com.android.server.TelephonyRegistry.broadcastDataConnectionStateChanged:3329 com.android.server.TelephonyRegistry.notifyDataConnectionForSubscriber:2065 com.android.internal.telephony.ITelephonyRegistry$Stub.onTransact:578 
05-28 20:49:06.091  2483  2782 I VolteServiceModule: onPreciseDataConnectionStateChanged: state= state: DISCONNECTED, transport: WWAN, id: -1, network type: LTE, APN Setting: [ApnSetting] ims, 3540, 46001, ims, , null, , null, null, 0, ims, IPV4V6, IP, true, 0, false, 20, 0, 300, 0, 0, null, , false, UNKNOWN, UNKNOWN, 0, -1, -1, false, link properties: {LinkAddresses: [ ] DnsAddresses: [ ] Domains: null MTU: 0 Routes: [ ]}, fail cause: PDN_THROTTLED(0xfffffff8)
05-28 20:49:06.091  1256  1658 W BroadcastQueue: Appop Denial: receiving Intent { act=android.intent.action.ANY_DATA_STATE flg=0x10 (has extras) } to ProcessRecord{7fb5df3 2454:com.android.phone/1001} (pid=2454, uid=1001) excludes appop android:read_phone_state due to sender android (uid 1001)
05-28 20:49:06.092  2483  2546 I PhoneStateTracker<0>: onPreciseDataConnectionStateChanged: state= state: DISCONNECTED, transport: WWAN, id: -1, network type: LTE, APN Setting: [ApnSetting] ims, 3540, 46001, ims, , null, , null, null, 0, ims, IPV4V6, IP, true, 0, false, 20, 0, 300, 0, 0, null, , false, UNKNOWN, UNKNOWN, 0, -1, -1, false, link properties: {LinkAddresses: [ ] DnsAddresses: [ ] Domains: null MTU: 0 Routes: [ ]}, fail cause: PDN_THROTTLED(0xfffffff8)
05-28 20:49:06.092  2483  2546 I RegiMgr-Handler<0>: onPreciseDataConnectionStateChanged
05-28 20:49:06.092  2483  2546 I RegiMgr-Handler: handleMessage: EVENT_PDN_FAILED
05-28 20:49:06.092  2483  2546 I RegiMgr-NetEvtCtr: slot[0]: onPdnFailed: PDN_THROTTLED
05-28 20:49:06.092  2483  2546 E #IMSCR  : 05-28 20:49:06 0x1101000A:0,PDN FAIL:PDN_THROTTLED
05-28 20:49:06.092  2483  2546 I RegiGvnBase<0>: onPdnRequestFailed: PDN_THROTTLED
05-28 20:49:06.093  2483  2546 I RegiGvnBase: getPdnFailureReasons : [NETWORK_SELECTION_ONGOING]
05-28 20:49:06.093  1064  1064 E SecVibrator-HAL2.2_A: << writeNode node OK 5
05-28 20:49:06.093  1064  1064 E SecVibrator-HAL2.2_A: sehPerformPrebakedHapticPattern one shoot end
05-28 20:49:06.093  2483  2546 I SimManager: getRilSimOperator: ETC
05-28 20:49:06.093  2483  2546 I SimManager<1>: hasIsim: [false]
05-28 20:49:06.093  2483  2546 I SimManager: mSimState:LOADED, mIsimLoaded:false, hasIsim():false
05-28 20:49:06.093  2483  2546 I SimManager: getRilSimOperator: ETC
05-28 20:49:06.093  2483  2546 I SimManager<1>: hasIsim: [false]
05-28 20:49:06.093  2483  2546 I RegiMgr-Handler: handleMessage: EVENT_TRY_REGISTER
05-28 20:49:06.093  2564  6910 D SamsungAnalytics605033: SendLog Result = 0
05-28 20:49:06.093  2483  2546 I RegiMgr<1>: tryRegister:
05-28 20:49:06.093  2483  2546 I RegiMgr<0>: RegisterTask(s): CU Mobile VoLTE (CONNECTING), CU Internet RCS (IDLE), CU WIFI RCS (IDLE)
05-28 20:49:06.093  2483  2546 I RegiMgr<1>: RegisterTask(s): CSL Mobile VoLTE (IDLE)
05-28 20:49:06.093  2483  2546 I RcsPolicyMgr<1>: pendingRcsRegister: mActiveDataPhoneId = 1
05-28 20:49:06.093  2483  2546 I RegisterTask: isSuspended: mSuspended(false) mSuspendByIrat(false)
05-28 20:49:06.093  2483  2546 I RegiMgr<1>: [CSL Mobile VoLTE|IDLE] checkForTryRegister id: 128
05-28 20:49:06.093  2483  2546 I RegiMgr : isPdnConnected: false, PdnType: 11
05-28 20:49:06.093  1086  1086 I SSC_DAEMON: physical_sensor_test_req_msg Sensor type :0, Msg type:3
05-28 20:49:06.094  2483  2546 I PdnController: getDefaultNetworkBearer:  WIFI
05-28 20:49:06.094  2483  2546 I PdnController<1>: isNetworkAvailable: isEpdgConnected=false getDataNetworkType()=13
05-28 20:49:06.096  2483  2546 I RegiMgr-Utils<1>: findBestNetwork: LTE
05-28 20:49:06.096  2483  2546 I RegiGvnBase<1>: isReadyToDualRegister : true
05-28 20:49:06.096  1086  1934 I SSC_DAEMON: accel_motor_state_event: 1, 1
05-28 20:49:06.096  1316  1807 D SemNativeCarrierFeature_vendor: getInstance
05-28 20:49:06.096  1086  1934 I SSC_DAEMON: LCE motor: 1
05-28 20:49:06.097  1086  1934 I SSC_DAEMON: SBOM motor: 1
05-28 20:49:06.097  2483  2546 I RegiMgr<1>: [CSL Mobile VoLTE|IDLE] checkInitialRegistrationIsReady: APM ON [false], Roamimg [true]
05-28 20:49:06.097  2483  2546 I RcsPolicyMgr<1>: pendingRcsRegister: mActiveDataPhoneId = 1
05-28 20:49:06.097  2483  2546 I ImsProfile: isRttSupportByCallApp : true ttyType : 1
05-28 20:49:06.097  2483  2546 I RegiMgr-Utils<1>: getPriorityRegiedTask : isPriority  High? true
05-28 20:49:06.097  2483  2546 I RegiGvnBase: checkRegiStatus: getState()=IDLE mIsUpdateRegistering=false
05-28 20:49:06.098  1002  8344 E libprotobuf-native: [libprotobuf ERROR external/protobuf/src/google/protobuf/message_lite.cc:123] Can't parse message of type "sns_std_sensor_event" because it is missing required fields: (cannot determine missing fields for lite message)
05-28 20:49:06.099  2483  2546 I RegiGvnBase: getVoiceTechType: VOLTE
05-28 20:49:06.099  2564  2564 I FaceWidgetPositionAlgorithm: setup() mStatusBarHeight = 104, mDarkAmount = 0.03672644, mQsTopPadding = 1148, notificationStackHeight = 0, mPanelExpansion = 0.0, mHeight = 3200, mFaceWidgetContainerHeight = 508, mCurrentClockType = 7, notificationType = 0, hasVisibleNotifs = false
05-28 20:49:06.099  2564  2564 I FaceWidgetPositionAlgorithm: getClockContainerHeight() supplier = 412, bottom margin = 96, real height = 508
05-28 20:49:06.099  2564  2564 I FaceWidgetPositionAlgorithm: getMediaContainerHeight() height = 0 container Visibility = 8, isValid = false, mIsDozing = false, fraction = 1.0, source = 0, target = 0
05-28 20:49:06.099  2564  2564 I FaceWidgetPositionAlgorithm: getMediaContainerHeight() supplier = 0
05-28 20:49:06.099  2564  2564 I FaceWidgetPositionAlgorithm: getClockContainerHeight() supplier = 412, bottom margin = 0, real height = 508
05-28 20:49:06.103  1256  1256 D SemWifiService: onServiceStateChanged : state - 0, dataNetworkType : 13
05-28 20:49:06.104  1256  2855 D SLocation: CellLocationManager - onServiceStateChanged 0
05-28 20:49:06.105  2483  2546 I ConfigTrigger<1>: isWaitAutoConfig:
05-28 20:49:06.105  1256  1256 D SemWifiApServiceImpl: onServiceStateChanged : 0dataNetworkType : 13
05-28 20:49:06.105  1256  1256 W NSLocationMonitor: onServiceStateChanged, state=0 / channel=1725
05-28 20:49:06.105  1256  1256 I NSLocationMonitor: networkType[13]=LTE / nrState=false
05-28 20:49:06.105  1256  1256 W NSLocationMonitor: onServiceStateChanged, state=0 / channel=1725
05-28 20:49:06.105  1256  1256 I NSLocationMonitor: networkType[13]=LTE / nrState=false
05-28 20:49:06.105  3428  3463 W NetworkManager_FLP: updateServiceStateChanged, serviceState=0 / isRegistered=true / channel=1725 / networkTypeName=LTE / nr=false
05-28 20:49:06.105  3428  3463 W NetworkManager_FLP: updateServiceStateChanged, serviceState=0 / isRegistered=true / channel=1725 / networkTypeName=LTE / nr=false
05-28 20:49:06.106  1256  2272 V SemWifiBackOff.5G: checkAndSetup nrFrequencyRange=0 / prevNrFrequencyRange=0
05-28 20:49:06.106  1256  2272 V SemWifiBackOff.5G: restore back off mode, current: [NONE]
05-28 20:49:06.106  2483  2782 I VolteServiceModule: onServiceStateChanged({mVoiceRegState=0(IN_SERVICE), mDataRegState=0(IN_SERVICE), mChannelNumber=1725, duplexMode()=1, mCellBandwidths=[15000], mOperatorAlphaLong=YES OPTUS, mOperatorAlphaShort=Optus, isManualNetworkSelection=false(automatic), getRilVoiceRadioTechnology=14(LTE), getRilDataRadioTechnology=14(LTE), mCssIndicator=unsupported, mNetworkId=*1, mSystemId=*1, mCdmaRoamingIndicator=-1, mCdmaDefaultRoamingIndicator=-1, VoiceRegType=0, Snap=0, MobileData=IN_SERVICE, MobileDataRoamingType=International Roaming, MobileDataRat=LTE, PsOnly=false, FemtocellInd=0, SprDisplayRoam=false, OptRadioTech=0, MsimSubmode=0, IsVoiceCallAvailable=true, mIsEmergencyOnly=false, isUsingCarrierAggregation=false, mArfcnRsrpBoost=0, mNetworkRegistrationInfos=[NetworkRegistrationInfo{ domain=CS transportType=WWAN registrationState=ROAMING roamingType=INTERNATIONAL accessNetworkTechnology=LTE rejectCause=0 emergencyEnabled=false availableServices=[VOICE,SMS,VIDEO] cellIdentity=CellIdentityLte:{ mCi=2*****07 mPci=151 mTac=5***0 mEarfcn=1725 mBands=[3] mBandwidth=2147483647 mMcc=505 mMnc=02 mAlphaLong=YES OPTUS mAlphaShort=Optus mAdditionalPlmns={} mCsgInfo=null} voiceSpecificInfo=VoiceSpecificRegistrationInfo { mCssSupported=false mRoamingIndicator=0 mSystemIsInPrl=0 mDefaultRoamingIndicator=0} dataSpecificInfo=null nrState=**** rRplmn=50502 isUsingCarrierAggregation=false}, NetworkRegistrationInfo{ domain=PS transportType=WWAN registrationState=ROAMING roamingType=INTERNATIONAL accessNetworkTechnology=LTE rejectCause=0 emergencyEnabled=false availableServices=[DATA] cellIdentity=CellIdentityLte:{ mCi=2*****07 mPci=151 mTac=5***0 mEarfcn=1725 mBands=[3] mBandwidth=2147483647 mMcc=505 mMnc=02 mAlphaLong=YES OPTUS mAlphaShort=Optus mAdditionalPlmns={} mCsgInfo=null} voiceSpecificInfo=null dataSpecificInfo=android.telephony.DataSpecificRegistrationInfo :{ maxDataCalls = 16 isDcNrRestricted = true isNrAvailable = false isEnDcAvailable = false LteVopsSupportInfo :  mVopsSupport = 3 mEmcBearerSupport = 2 } nrState=**** rRplmn=50502 isUsingCarrierAggregation=false}], mNrFrequencyRange=0, mOperatorAlphaLongRaw=YES OPTUS, mOperatorAlphaShortRaw=Optus, mIsDataRoamingFromRegistration=true, mIsIwlanPreferred=false})
05-28 20:49:06.106  2483  2782 I VolteServiceModule: mIsLteEpsOnlyAttached(1):false
05-28 20:49:06.106  2564  2681 D MobileStatusTracker(1/13): onServiceStateChanged voiceState=0 dataState=0
05-28 20:49:06.107  2564  2681 D MobileSignalController(1/13): notifyListener: enabled=true, connected=true, dataConnected=false, networkType=LTE (LTE), emergencyOnly=false, roaming=true, isDefault=false, dataActivity=, level=5, ca=false, mmWave=false, disabledDataIcon=false, simCard=ETC
05-28 20:49:06.107  3749  3809 I EPDG -- SIM1 [NetController]: WWAN Voice Regi: 0 Roaming: 3
05-28 20:49:06.107  3749  3809 I EPDG -- SIM1 [NetController]: WWAN Data Regi: 0 Rat: 13 Roaming: true
05-28 20:49:06.107  1256  3092 I LocationAccessPolicy: checkLocationPermission - callingUid: 10102, callingPid: 5482, resultForFine: DENIED_HARD
05-28 20:49:06.107  1256  3092 I LocationAccessPolicy: checkLocationPermission - callingUid: 10102, callingPid: 5482, resultForCoarse: DENIED_HARD
05-28 20:49:06.108 18482 18544 I Rubin   : [115] ka.n$e.run(SourceFile:1) : Start Country Analysis
05-28 20:49:06.108  3749  3809 I EPDG -- SIM1 [EpdgSubScription]: getIsAirplaneMode: returning: false
05-28 20:49:06.108  5482  5482 I ImsTelephonyStateTracker: [C] onServiceStateChanged()
05-28 20:49:06.109  5482  6184 I ImsSim1Manager: [C] onServiceStateChanged state : 0, old : 0
05-28 20:49:06.109  3749  3809 I EPDG -- SIM1 [NetController]: getIsRssiDisabledForProfiling: returning: false
05-28 20:49:06.109  5482  6184 I ImsSim1Manager: [C] checkVoiceNetwork voice network : 13
05-28 20:49:06.110  3749  3809 I EPDG -- SIM1 [NetController]: onNetworkStatusChanged: voiceNetType: 13 mActiveVoiceRat: 13
05-28 20:49:06.110  3749  3809 I EPDG -- SIM1 [NetController]: onNetworkStatusChanged : mCellularAvailable = true
05-28 20:49:06.110  1256  3092 W ContextImpl: Calling a method in the system process without a qualified user: android.app.ContextImpl.sendBroadcastMultiplePermissions:1285 com.android.server.TelephonyRegistry.broadcastServiceStateChanged:3130 com.android.server.TelephonyRegistry.notifyServiceStateForPhoneId:1630 com.android.internal.telephony.ITelephonyRegistry$Stub.onTransact:499 android.os.Binder.execTransactInternal:1321 
05-28 20:49:06.110  2483  2546 I RegiMgr-Utils: selectPdnType: rat=13pdn=11
05-28 20:49:06.110  2483  2546 I RegiMgr<1>: getServiceForNetwork: network 13
05-28 20:49:06.111  2483  2546 I RegiMgr<1>: getServiceForNetwork: service {mmtel, smsip, mmtel-video}
05-28 20:49:06.111  1256  3092 W ContextImpl: Calling a method in the system process without a qualified user: android.app.ContextImpl.sendBroadcastMultiplePermissions:1335 android.content.Context.sendBroadcastMultiplePermissions:2285 com.android.server.TelephonyRegistry.broadcastServiceStateChanged:3134 com.android.server.TelephonyRegistry.notifyServiceStateForPhoneId:1630 com.android.internal.telephony.ITelephonyRegistry$Stub.onTransact:499 
05-28 20:49:06.112  1256  1256 D SemWifiService: received: android.intent.action.SERVICE_STATE
05-28 20:49:06.112  1256  1658 W BroadcastQueue: Permission Denial: receiving Intent { act=android.intent.action.SERVICE_STATE flg=0x1000010 (has extras) } to com.google.android.cellbroadcastreceiver/com.android.cellbroadcastreceiver.CellBroadcastReceiver requires android.permission.READ_PHONE_STATE due to sender android (uid 1001)
05-28 20:49:06.112  2564  2681 D NetworkController: ServiceState from intent slotId=1
05-28 20:49:06.113  1256  1658 W BroadcastQueue: Appop Denial: receiving Intent { act=android.intent.action.SERVICE_STATE flg=0x1000010 (has extras) } to ProcessRecord{8b17670 1256:system/1000} (pid=1256, uid=1000) excludes appop android:read_phone_state due to sender android (uid 1001)
05-28 20:49:06.113  1256  3092 W ContextImpl: Calling a method in the system process without a qualified user: android.app.ContextImpl.sendBroadcastMultiplePermissions:1335 android.content.Context.sendBroadcastMultiplePermissions:2285 com.android.server.TelephonyRegistry.broadcastServiceStateChanged:3141 com.android.server.TelephonyRegistry.notifyServiceStateForPhoneId:1630 com.android.internal.telephony.ITelephonyRegistry$Stub.onTransact:499 
05-28 20:49:06.113  1256  1658 W BroadcastQueue: Appop Denial: receiving Intent { act=android.intent.action.SERVICE_STATE flg=0x1000010 (has extras) } to ProcessRecord{7fb5df3 2454:com.android.phone/1001} (pid=2454, uid=1001) excludes appop android:read_phone_state due to sender android (uid 1001)
05-28 20:49:06.113  1256  1658 W BroadcastQueue: Appop Denial: receiving Intent { act=android.intent.action.SERVICE_STATE flg=0x1000010 (has extras) } to ProcessRecord{4d7badc 2564:com.android.systemui/u0a42} (pid=2564, uid=10042) excludes appop android:read_phone_state due to sender android (uid 1001)
05-28 20:49:06.113  1256  1658 W BroadcastQueue: Appop Denial: receiving Intent { act=android.intent.action.SERVICE_STATE flg=0x1000010 (has extras) } to ProcessRecord{7fb5df3 2454:com.android.phone/1001} (pid=2454, uid=1001) excludes appop android:read_phone_state due to sender android (uid 1001)
05-28 20:49:06.113  1256  1658 W BroadcastQueue: Appop Denial: receiving Intent { act=android.intent.action.SERVICE_STATE flg=0x1000010 (has extras) } to ProcessRecord{7fb5df3 2454:com.android.phone/1001} (pid=2454, uid=1001) excludes appop android:read_phone_state due to sender android (uid 1001)
05-28 20:49:06.113  1256  1658 W BroadcastQueue: Appop Denial: receiving Intent { act=android.intent.action.SERVICE_STATE flg=0x1000010 (has extras) } to ProcessRecord{8b17670 1256:system/1000} (pid=1256, uid=1000) excludes appop android:read_phone_state due to sender android (uid 1001)
05-28 20:49:06.113  1256  1658 W BroadcastQueue: Permission Denial: receiving Intent { act=android.intent.action.SERVICE_STATE flg=0x1000010 (has extras) } to com.google.android.cellbroadcastreceiver/com.android.cellbroadcastreceiver.CellBroadcastReceiver requires android.permission.ACCESS_FINE_LOCATION due to sender android (uid 1001)
05-28 20:49:06.114  2483  2546 I ConfigTrigger<1>: isValidAcsVersion:
05-28 20:49:06.114  1256  3092 W ContextImpl: Calling a method in the system process without a qualified user: android.app.ContextImpl.sendBroadcastMultiplePermissions:1335 android.content.Context.sendBroadcastMultiplePermissions:2285 com.android.server.TelephonyRegistry.broadcastServiceStateChanged:3145 com.android.server.TelephonyRegistry.notifyServiceStateForPhoneId:1630 com.android.internal.telephony.ITelephonyRegistry$Stub.onTransact:499 
05-28 20:49:06.114  1256  1658 W BroadcastQueue: Appop Denial: receiving Intent { act=android.intent.action.SERVICE_STATE flg=0x1000010 (has extras) } to ProcessRecord{8b17670 1256:system/1000} (pid=1256, uid=1000) excludes appop android:fine_location due to sender android (uid 1001)
05-28 20:49:06.115  1256  1658 W BroadcastQueue: Appop Denial: receiving Intent { act=android.intent.action.SERVICE_STATE flg=0x1000010 (has extras) } to ProcessRecord{7fb5df3 2454:com.android.phone/1001} (pid=2454, uid=1001) excludes appop android:fine_location due to sender android (uid 1001)
05-28 20:49:06.115  1256  1658 W BroadcastQueue: Appop Denial: receiving Intent { act=android.intent.action.SERVICE_STATE flg=0x1000010 (has extras) } to ProcessRecord{4d7badc 2564:com.android.systemui/u0a42} (pid=2564, uid=10042) excludes appop android:fine_location due to sender android (uid 1001)
05-28 20:49:06.115  1256  1658 W BroadcastQueue: Appop Denial: receiving Intent { act=android.intent.action.SERVICE_STATE flg=0x1000010 (has extras) } to ProcessRecord{7fb5df3 2454:com.android.phone/1001} (pid=2454, uid=1001) excludes appop android:fine_location due to sender android (uid 1001)
05-28 20:49:06.115  2483  2546 I ConfigProvider: query uri:xxxxx
05-28 20:49:06.115  1256  1658 W BroadcastQueue: Appop Denial: receiving Intent { act=android.intent.action.SERVICE_STATE flg=0x1000010 (has extras) } to ProcessRecord{7fb5df3 2454:com.android.phone/1001} (pid=2454, uid=1001) excludes appop android:fine_location due to sender android (uid 1001)
05-28 20:49:06.115  1256  1658 W BroadcastQueue: Appop Denial: receiving Intent { act=android.intent.action.SERVICE_STATE flg=0x1000010 (has extras) } to ProcessRecord{8b17670 1256:system/1000} (pid=1256, uid=1000) excludes appop android:fine_location due to sender android (uid 1001)
05-28 20:49:06.116  2564  2564 I FaceWidgetPositionAlgorithm: setup() mStatusBarHeight = 104, mDarkAmount = 0.027639398, mQsTopPadding = 1148, notificationStackHeight = 0, mPanelExpansion = 0.0, mHeight = 3200, mFaceWidgetContainerHeight = 508, mCurrentClockType = 7, notificationType = 0, hasVisibleNotifs = false
05-28 20:49:06.116  2564  2564 I FaceWidgetPositionAlgorithm: getClockContainerHeight() supplier = 412, bottom margin = 96, real height = 508
05-28 20:49:06.116  2564  2564 I FaceWidgetPositionAlgorithm: getMediaContainerHeight() height = 0 container Visibility = 8, isValid = false, mIsDozing = false, fraction = 1.0, source = 0, target = 0
05-28 20:49:06.116  2564  2564 I FaceWidgetPositionAlgorithm: getMediaContainerHeight() supplier = 0
05-28 20:49:06.116  2564  2564 I FaceWidgetPositionAlgorithm: getClockContainerHeight() supplier = 412, bottom margin = 0, real height = 508
05-28 20:49:06.116  1256  1658 W BroadcastQueue: Permission Denial: receiving Intent { act=android.intent.action.SERVICE_STATE flg=0x1000010 (has extras) } to com.google.android.cellbroadcastreceiver/com.android.cellbroadcastreceiver.CellBroadcastReceiver requires android.permission.READ_PHONE_STATE due to sender android (uid 1001)
05-28 20:49:06.117  2454  2454 D ServiceStateProvider: subId=13
05-28 20:49:06.117  2483  2546 I ConfigProvider: queryStorage path content://com.samsung.rcs.autoconfigurationprovider/parameter/version#simslot1
05-28 20:49:06.118  1256  3092 D SecContentProvider2: query(), uri = 18 selection = isRCSEnabled
05-28 20:49:06.118  1256  3092 I PhoneRestrictionPolicy: isRCSEnabledInternal(), showMsg: false, columnName: enableRCS
05-28 20:49:06.118  1256  3092 E PhoneRestrictionPolicy: getEmergencyCall >>false
05-28 20:49:06.119  1256  3092 I PhoneRestrictionPolicy: isRCSEnabledInternal(), showMsg: false, columnName: enableRCSForSimSlot1
05-28 20:49:06.119  1256  3092 E PhoneRestrictionPolicy: getEmergencyCall >>false
05-28 20:49:06.119  1256  2855 D SLocation: CellLocationManager - onCellLocationChanged 13 / 1
05-28 20:49:06.119  2483  2546 I ConfigTrigger<1>: RCS switch: true, version: 0, isRcsAcsCompleted: false
05-28 20:49:06.119  2483  2546 I ConfigTrigger<1>: RCS switch is on & config version: 0. This shouldn't happen!
05-28 20:49:06.120  2483  2546 I RegiGvnBase<1>: by VoPS policy: remove all service
05-28 20:49:06.120  2483  2546 I RegiMgr<1>: getServiceForNetwork: filtered service []
05-28 20:49:06.120  2483  2546 I RegiMgr<1>: CSL Mobile VoLTE: no ims service for current rat13
05-28 20:49:06.120  1256  1658 W BroadcastQueue: Appop Denial: receiving Intent { act=android.intent.action.SERVICE_STATE flg=0x1000010 (has extras) } to ProcessRecord{8b17670 1256:system/1000} (pid=1256, uid=1000) excludes appop android:read_phone_state due to sender android (uid 1001)
05-28 20:49:06.120  1256  1658 W BroadcastQueue: Appop Denial: receiving Intent { act=android.intent.action.SERVICE_STATE flg=0x1000010 (has extras) } to ProcessRecord{7fb5df3 2454:com.android.phone/1001} (pid=2454, uid=1001) excludes appop android:read_phone_state due to sender android (uid 1001)
05-28 20:49:06.120  1256  1658 W BroadcastQueue: Appop Denial: receiving Intent { act=android.intent.action.SERVICE_STATE flg=0x1000010 (has extras) } to ProcessRecord{4d7badc 2564:com.android.systemui/u0a42} (pid=2564, uid=10042) excludes appop android:read_phone_state due to sender android (uid 1001)
05-28 20:49:06.120  1256  1658 W BroadcastQueue: Appop Denial: receiving Intent { act=android.intent.action.SERVICE_STATE flg=0x1000010 (has extras) } to ProcessRecord{7fb5df3 2454:com.android.phone/1001} (pid=2454, uid=1001) excludes appop android:read_phone_state due to sender android (uid 1001)
05-28 20:49:06.120  1256  1658 W BroadcastQueue: Appop Denial: receiving Intent { act=android.intent.action.SERVICE_STATE flg=0x1000010 (has extras) } to ProcessRecord{7fb5df3 2454:com.android.phone/1001} (pid=2454, uid=1001) excludes appop android:read_phone_state due to sender android (uid 1001)
05-28 20:49:06.120  1256  1658 W BroadcastQueue: Appop Denial: receiving Intent { act=android.intent.action.SERVICE_STATE flg=0x1000010 (has extras) } to ProcessRecord{8b17670 1256:system/1000} (pid=1256, uid=1000) excludes appop android:read_phone_state due to sender android (uid 1001)
05-28 20:49:06.121  2483  2546 I PdnController: slot[1]: stopPdnConnectivity: network 11, callback is null
05-28 20:49:06.121  2483  2546 E PdnController<1>: requestStopNetwork: callback not found
05-28 20:49:06.121  2483  2546 E #IMSCR  : 05-28 20:49:06 0x1101000B:1,FILTERED ALL:11
05-28 20:49:06.121  2564  2564 D KeyguardUpdateMonitor: received broadcast android.intent.action.SERVICE_STATE
05-28 20:49:06.121  2483  2546 E #IMSREGI: (1, CSL Mobile VoLTE) NOT_TRIGGERED : reason - VOPS_OFF
05-28 20:49:06.122  1316  1807 D SemNativeCarrierFeature_vendor: getInstance
05-28 20:49:06.122  2564  2564 V KeyguardUpdateMonitor: action android.intent.action.SERVICE_STATE serviceState={mVoiceRegState=0(IN_SERVICE), mDataRegState=0(IN_SERVICE), mChannelNumber=1725, duplexMode()=1, mCellBandwidths=[15000], mOperatorAlphaLong=YES OPTUS, mOperatorAlphaShort=Optus, isManualNetworkSelection=false(automatic), getRilVoiceRadioTechnology=14(LTE), getRilDataRadioTechnology=14(LTE), mCssIndicator=unsupported, mNetworkId=*1, mSystemId=*1, mCdmaRoamingIndicator=-1, mCdmaDefaultRoamingIndicator=-1, VoiceRegType=0, Snap=0, MobileData=IN_SERVICE, MobileDataRoamingType=International Roaming, MobileDataRat=LTE, PsOnly=false, FemtocellInd=0, SprDisplayRoam=false, OptRadioTech=0, MsimSubmode=0, IsVoiceCallAvailable=true, mIsEmergencyOnly=false, isUsingCarrierAggregation=false, mArfcnRsrpBoost=0, mNetworkRegistrationInfos=[NetworkRegistrationInfo{ domain=CS transportType=WWAN registrationState=ROAMING roamingType=INTERNATIONAL accessNetworkTechnology=LTE rejectCause=0 emergencyEnabled=false availableServices=[VOICE,SMS,VIDEO] cellIdentity=CellIdentityLte:{ mCi=2*****07 mPci=151 mTac=5***0 mEarfcn=1725 mBands=[3] mBandwidth=2147483647 mMcc=505 mMnc=02 mAlphaLong=YES OPTUS mAlphaShort=Optus mAdditionalPlmns={} mCsgInfo=null} voiceSpecificInfo=VoiceSpecificRegistrationInfo { mCssSupported=false mRoamingIndicator=0 mSystemIsInPrl=0 mDefaultRoamingIndicator=0} dataSpecificInfo=null nrState=**** rRplmn=50502 isUsingCarrierAggregation=false}, NetworkRegistrationInfo{ domain=PS transportType=WWAN registrationState=ROAMING roamingType=INTERNATIONAL accessNetworkTechnology=LTE rejectCause=0 emergencyEnabled=false availableServices=[DATA] cellIdentity=CellIdentityLte:{ mCi=2*****07 mPci=151 mTac=5***0 mEarfcn=1725 mBands=[3] mBandwidth=2147483647 mMcc=505 mMnc=02 mAlphaLong=YES OPTUS mAlphaShort=Optus mAdditionalPlmns={} mCsgInfo=null} voiceSpecificInfo=null dataSpecificInfo=android.telephony.DataSpecificRegistrationInfo :{ maxDataCalls = 16 isDcNrRestricted = true isNrAvailable = false isEnDcAvailable = false LteVopsSupportInfo :  mVopsSupport = 3 mEmcBearerSupport = 2 } nrState=**** rRplmn=50502 isUsingCarrierAggregation=false}], mNrFrequencyRange=0, mOperatorAlphaLongRaw=YES OPTUS, mOperatorAlphaShortRaw=Optus, mIsDataRoamingFromRegistration=true, mIsIwlanPreferred=false} subId=13
05-28 20:49:06.122  2564  2564 D MultiSIMController: onReceive() - action = android.intent.action.SERVICE_STATE
05-28 20:49:06.122  2483  2546 I PdnController<1>: Active Phone Id = 1 MobileConnected = false
05-28 20:49:06.122  2483  2546 I PhoneStateTracker<1>: onServiceStateChanged: state={mVoiceRegState=0(IN_SERVICE), mDataRegState=0(IN_SERVICE), mChannelNumber=1725, duplexMode()=1, mCellBandwidths=[15000], mOperatorAlphaLong=YES OPTUS, mOperatorAlphaShort=Optus, isManualNetworkSelection=false(automatic), getRilVoiceRadioTechnology=14(LTE), getRilDataRadioTechnology=14(LTE), mCssIndicator=unsupported, mNetworkId=*1, mSystemId=*1, mCdmaRoamingIndicator=-1, mCdmaDefaultRoamingIndicator=-1, VoiceRegType=0, Snap=0, MobileData=IN_SERVICE, MobileDataRoamingType=International Roaming, MobileDataRat=LTE, PsOnly=false, FemtocellInd=0, SprDisplayRoam=false, OptRadioTech=0, MsimSubmode=0, IsVoiceCallAvailable=true, mIsEmergencyOnly=false, isUsingCarrierAggregation=false, mArfcnRsrpBoost=0, mNetworkRegistrationInfos=[NetworkRegistrationInfo{ domain=CS transportType=WWAN registrationState=ROAMING roamingType=INTERNATIONAL accessNetworkTechnology=LTE rejectCause=0 emergencyEnabled=false availableServices=[VOICE,SMS,VIDEO] cellIdentity=CellIdentityLte:{ mCi=2*****07 mPci=151 mTac=5***0 mEarfcn=1725 mBands=[3] mBandwidth=2147483647 mMcc=505 mMnc=02 mAlphaLong=YES OPTUS mAlphaShort=Optus mAdditionalPlmns={} mCsgInfo=null} voiceSpecificInfo=VoiceSpecificRegistrationInfo { mCssSupported=false mRoamingIndicator=0 mSystemIsInPrl=0 mDefaultRoamingIndicator=0} dataSpecificInfo=null nrState=**** rRplmn=50502 isUsingCarrierAggregation=false}, NetworkRegistrationInfo{ domain=PS transportType=WWAN registrationState=ROAMING roamingType=INTERNATIONAL accessNetworkTechnology=LTE rejectCause=0 emergencyEnabled=false availableServices=[DATA] cellIdentity=CellIdentityLte:{ mCi=2*****07 mPci=151 mTac=5***0 mEarfcn=1725 mBands=[3] mBandwidth=2147483647 mMcc=505 mMnc=02 mAlphaLong=YES OPTUS mAlphaShort=Optus mAdditionalPlmns={} mCsgInfo=null} voiceSpecificInfo=null dataSpecificInfo=android.telephony.DataSpecificRegistrationInfo :{ maxDataCalls = 16 isDcNrRestricted = true isNrAvailable = false isEnDcAvailable = false LteVopsSupportInfo :  mVopsSupport = 3 mEmcBearerSupport = 2 } nrState=**** rRplmn=50502 isUsingCarrierAggregation=false}], mNrFrequencyRange=0, mOperatorAlphaLongRaw=YES OPTUS, mOperatorAlphaShortRaw=Optus, mIsDataRoamingFromRegistration=true, mIsIwlanPreferred=false}Changed=
05-28 20:49:06.122  2483  2546 I PdnController<1>: notifyDataConnectionState
05-28 20:49:06.122  2483  2546 I PdnController<1>: initialize PendedEPDGWeakSignal flag
05-28 20:49:06.122  2483  2546 I PdnController<1>: setPendedEPDGWeakSignal
05-28 20:49:06.122  2483  2546 I PdnController<1>: notifyDataConnectionState: needNotify=false networkType=13 isEpdgConnected=false dataNetType=13=>13 dataRegState=0=>0
05-28 20:49:06.122  2483  2546 I PhoneStateTracker<1>: notifySnapshotState: snapshotState=0 old=0
05-28 20:49:06.123  2483  2546 I PdnController: handleMessage: what 107
05-28 20:49:06.123  2483  2546 I PdnController: slot[1]: requestStopNetwork: network 11, callback is null
05-28 20:49:06.123  2483  2546 I GeolocationCon: handleMessage : what = SERVICE_STATE_CHANGED
05-28 20:49:06.123  2483  2546 I GeolocationCon: matchTimingReqLocation ,match=6, timing=4
05-28 20:49:06.123  2483  2546 I GeolocationCon<1>: onNetworkCountryIsoChanged: mCountryIso = au, iso = au
05-28 20:49:06.127  4834  4834 D CellBroadcastReceiver: onReceive Intent { act=android.intent.action.SERVICE_STATE flg=0x1000010 cmp=com.google.android.cellbroadcastreceiver/com.android.cellbroadcastreceiver.CellBroadcastReceiver (has extras) }
05-28 20:49:06.129  2454  2454 I Telephony: TelecomAccountRegistry$AccountEntry: isRttCurrentlySupported -- regular acct,, hasVoiceAvailability: false, isRttSupported: true, alwaysAllowWhileRoaming: false, isRoaming: true, isOnWfc: false
05-28 20:49:06.129  2454  2454 I Telephony: TelecomAccountRegistry$AccountEntry: isRttCurrentlySupported -- regular acct,, hasVoiceAvailability: false, isRttSupported: true, alwaysAllowWhileRoaming: false, isRoaming: true, isOnWfc: false
05-28 20:49:06.129  2454  2454 V PhoneGlobals: handleServiceStateChanged
05-28 20:49:06.129  2454  2454 D NotificationMgr: updateNetworkSelection, Use Samsung codes instead of AOSP codes
05-28 20:49:06.129  2454  2454 V PhoneGlobals: subId=13, mDefaultDataSubId=13, ss roaming=true
05-28 20:49:06.129  2454  2454 V PhoneGlobals: updateDataRoamingStatus
05-28 20:49:06.131  2454  2454 V PhoneGlobals: dataAllowed=false, reasons=Data disallowed reasons: DATA_DISABLED
05-28 20:49:06.131  1364  9841 I bauth_TLC_Communicator: Check the Trustlet return code is completed
05-28 20:49:06.131  1364  9841 I bauth_FPBAuthService: cbd 75 528 0
05-28 20:49:06.131  1364  9841 I bauth_FPBAuthService: Sensor Temp: 22.119001
05-28 20:49:06.131  1364  9841 I bauth_FPBAuthService: bin 0 - temp: 25.339808 timestamp: 1607064613 confidence: high
05-28 20:49:06.131  1364  9841 I bauth_FPBAuthService: bin 1 - temp: 20.347557 timestamp: 1605962701 confidence: high
05-28 20:49:06.131  1364  9841 I bauth_FPBAuthService: bin 2 - temp: 18.003526 timestamp: 1606197656 confidence: high
05-28 20:49:06.131  1364  9841 I bauth_FPBAuthService: bin 3 - temp: 28.489041 timestamp: 1606245179 confidence: high
05-28 20:49:06.131  1364  9841 I bauth_FPBAuthService: bin 4 - temp: 29.974191 timestamp: 1606246719 confidence: high
05-28 20:49:06.131  1364  9841 I bauth_FPBAuthService: bin 5 - temp: 15.945788 timestamp: 1606464364 confidence: high
05-28 20:49:06.131  1364  9841 I bauth_FPBAuthService: bin 6 - temp: 31.584595 timestamp: 1606251493 confidence: high
05-28 20:49:06.131  1364  9841 I bauth_FPBAuthService: bin 7 - temp: 14.245917 timestamp: 1606922809 confidence: high
05-28 20:49:06.131  1364  9841 I bauth_FPQCBAuthSensorControl: FPQCBAuthSensorControl, 299
05-28 20:49:06.131  1364  9841 I qfp-vendorlib: QFPControl_DeviceCpuSpeedup 0
05-28 20:49:06.131  1364  9841 I bauth_FPQCBAuthSensorControl: FPQCBAuthSensorControl, 299
05-28 20:49:06.131  1364  9841 I qfp-vendorlib: QFPControl_DeviceCpuSpeedup 2
05-28 20:49:06.131  1364  9841 I bauth_TLC_Communicator: Call FP cmd 0x7
05-28 20:49:06.132  2564  2564 I FaceWidgetPositionAlgorithm: setup() mStatusBarHeight = 104, mDarkAmount = 0.020141829, mQsTopPadding = 1148, notificationStackHeight = 0, mPanelExpansion = 0.0, mHeight = 3200, mFaceWidgetContainerHeight = 508, mCurrentClockType = 7, notificationType = 0, hasVisibleNotifs = false
05-28 20:49:06.133  2564  2564 I FaceWidgetPositionAlgorithm: getClockContainerHeight() supplier = 412, bottom margin = 96, real height = 508
05-28 20:49:06.133  2564  2564 I FaceWidgetPositionAlgorithm: getMediaContainerHeight() height = 0 container Visibility = 8, isValid = false, mIsDozing = false, fraction = 1.0, source = 0, target = 0
05-28 20:49:06.133  2564  2564 I FaceWidgetPositionAlgorithm: getMediaContainerHeight() supplier = 0
05-28 20:49:06.133  2564  2564 I FaceWidgetPositionAlgorithm: getClockContainerHeight() supplier = 412, bottom margin = 0, real height = 508
