05-28 20:49:05.838  8735  8992 D BtGatt.GattService: onScannerRegistered() - UUID=c6bb9732-5d0a-44b1-9c19-c91a70809061, scannerId=4, status=0
05-28 20:49:05.839  8735  9072 D BtGatt.ScanManager: configureFilterParamter() : onFoundTimeout | onLostTimeout | onFoundCount | numOfTrackingEntries | scanFilterRssiThreshold | trackableScanFilterRssiThreshold | matchMode
05-28 20:49:05.839  8735  9072 D BtGatt.ScanManager: configureFilterParamter() : __________500__|________10000__|___________1__|___________________0__|___________________-128__|____________________________-128__|________1_
05-28 20:49:05.839  8735  9072 I bt_stack: [INFO:le_scanning_manager.cc(198)] ScanFilterParamSetup in shim layer
05-28 20:49:05.839  8735  9072 I bt_stack: [INFO:le_scanning_manager.cc(240)] ScanFilterAdd in shim layer
05-28 20:49:05.839  8735  9072 D BtGatt.ScanManager: configureFilterParamter() : onFoundTimeout | onLostTimeout | onFoundCount | numOfTrackingEntries | scanFilterRssiThreshold | trackableScanFilterRssiThreshold | matchMode
05-28 20:49:05.840  8735  9072 D BtGatt.ScanManager: configureFilterParamter() : __________500__|________10000__|___________1__|___________________0__|___________________-128__|____________________________-128__|________1_
05-28 20:49:05.840  8735  9072 I bt_stack: [INFO:le_scanning_manager.cc(198)] ScanFilterParamSetup in shim layer
05-28 20:49:05.840 27220 27220 I SAMSUNGWALLET-SM: [SMoneyAppEventHandler] onReceive : android.intent.action.SCREEN_ON
05-28 20:49:05.840  1169  9928 I DeviceStatusMonitor: DeviceStatusMonitor.handleBroadcast():123 onReceive() : Action = android.intent.action.SCREEN_ON
05-28 20:49:05.840  1169  9928 I DeviceStatusMonitor: DeviceStatusMonitor.updateCountryInfo():139 updateCountryInfo(), notifyAnyway = false
05-28 20:49:05.841 27220 27601 I SAMSUNGWALLET-SM: [SMoneyAuthProvider] Locked State Timeout false
05-28 20:49:05.841  2454  2463 I System.out: Broadcast completed: result=0
05-28 20:49:05.841  8735  9072 I bt_stack: [INFO:le_scanning_manager.cc(240)] ScanFilterAdd in shim layer
05-28 20:49:05.841  8735  9072 D BtGatt.ScanManager: configureFilterParamter() : onFoundTimeout | onLostTimeout | onFoundCount | numOfTrackingEntries | scanFilterRssiThreshold | trackableScanFilterRssiThreshold | matchMode
05-28 20:49:05.842  8735  9072 D BtGatt.ScanManager: configureFilterParamter() : __________500__|________10000__|___________1__|___________________0__|___________________-128__|____________________________-128__|________1_
05-28 20:49:05.842  8735  9072 I bt_stack: [INFO:le_scanning_manager.cc(198)] ScanFilterParamSetup in shim layer
05-28 20:49:05.842  8735  8764 I BluetoothAdapter: STATE_ON
05-28 20:49:05.842 27220 27220 I SAMSUNGWALLET-BPC: [AlertController] screen receive action : android.intent.action.SCREEN_ON
05-28 20:49:05.843  1086  1934 I SSC_DAEMON: aor_event done 58
05-28 20:49:05.843  8735  8764 D ActivityAttributionService: notifyActivityAttributionInfo UID=1002 packageName=com.android.bluetooth deviceAddress=no_active_device_address
05-28 20:49:05.845  8735  9072 I bt_stack: [INFO:le_scanning_manager.cc(240)] ScanFilterAdd in shim layer
05-28 20:49:05.845  8735  9072 D BtGatt.ScanManager: configureFilterParamter() : onFoundTimeout | onLostTimeout | onFoundCount | numOfTrackingEntries | scanFilterRssiThreshold | trackableScanFilterRssiThreshold | matchMode
05-28 20:49:05.845  8735  9072 D BtGatt.ScanManager: configureFilterParamter() : __________500__|________10000__|___________1__|___________________0__|___________________-128__|____________________________-128__|________1_
05-28 20:49:05.845  8735  9072 I bt_stack: [INFO:le_scanning_manager.cc(198)] ScanFilterParamSetup in shim layer
05-28 20:49:05.845  8735  9072 I bt_stack: [INFO:le_scanning_manager.cc(240)] ScanFilterAdd in shim layer
05-28 20:49:05.845  8735  9072 D BtGatt.ScanManager: configureFilterParamter() : onFoundTimeout | onLostTimeout | onFoundCount | numOfTrackingEntries | scanFilterRssiThreshold | trackableScanFilterRssiThreshold | matchMode
05-28 20:49:05.845  8735  9072 D BtGatt.ScanManager: configureFilterParamter() : __________500__|________10000__|___________1__|___________________0__|___________________-128__|____________________________-128__|________1_
05-28 20:49:05.845  8735  9072 I bt_stack: [INFO:le_scanning_manager.cc(198)] ScanFilterParamSetup in shim layer
05-28 20:49:05.845  8735  9072 I bt_stack: [INFO:le_scanning_manager.cc(240)] ScanFilterAdd in shim layer
05-28 20:49:05.846  8735  9072 D BtGatt.ScanManager: configureFilterParamter() : onFoundTimeout | onLostTimeout | onFoundCount | numOfTrackingEntries | scanFilterRssiThreshold | trackableScanFilterRssiThreshold | matchMode
05-28 20:49:05.846  8735  9072 D BtGatt.ScanManager: configureFilterParamter() : __________500__|________10000__|___________1__|___________________0__|___________________-128__|____________________________-128__|________1_
05-28 20:49:05.846  8735  9072 I bt_stack: [INFO:le_scanning_manager.cc(198)] ScanFilterParamSetup in shim layer
05-28 20:49:05.846  8735  9072 I bt_stack: [INFO:le_scanning_manager.cc(240)] ScanFilterAdd in shim layer
05-28 20:49:05.846 27220 27220 I SAMSUNGWALLET: [Hint_PayHintService] onReceive() action=android.intent.action.SCREEN_ON
05-28 20:49:05.846  8735  9072 D BtGatt.ScanManager: configureFilterParamter() : onFoundTimeout | onLostTimeout | onFoundCount | numOfTrackingEntries | scanFilterRssiThreshold | trackableScanFilterRssiThreshold | matchMode
05-28 20:49:05.846  8735  9072 D BtGatt.ScanManager: configureFilterParamter() : __________500__|________10000__|___________1__|___________________0__|___________________-128__|____________________________-128__|________1_
05-28 20:49:05.846  8735  9072 I bt_stack: [INFO:le_scanning_manager.cc(198)] ScanFilterParamSetup in shim layer
05-28 20:49:05.846  8735  9072 I bt_stack: [INFO:le_scanning_manager.cc(240)] ScanFilterAdd in shim layer
05-28 20:49:05.847  8735  9072 D BtGatt.ScanManager: configureFilterParamter() : onFoundTimeout | onLostTimeout | onFoundCount | numOfTrackingEntries | scanFilterRssiThreshold | trackableScanFilterRssiThreshold | matchMode
05-28 20:49:05.847  8735  9072 D BtGatt.ScanManager: configureFilterParamter() : __________500__|________10000__|___________1__|___________________0__|___________________-128__|____________________________-128__|________1_
05-28 20:49:05.847  8735  9072 I bt_stack: [INFO:le_scanning_manager.cc(198)] ScanFilterParamSetup in shim layer
05-28 20:49:05.847  8735  9072 I bt_stack: [INFO:le_scanning_manager.cc(240)] ScanFilterAdd in shim layer
05-28 20:49:05.847  8735  9072 D BtGatt.ScanManager: configureFilterParamter() : onFoundTimeout | onLostTimeout | onFoundCount | numOfTrackingEntries | scanFilterRssiThreshold | trackableScanFilterRssiThreshold | matchMode
05-28 20:49:05.847  8735  9072 D BtGatt.ScanManager: configureFilterParamter() : __________500__|________10000__|___________1__|___________________0__|___________________-128__|____________________________-128__|________1_
05-28 20:49:05.847  8735  9072 I bt_stack: [INFO:le_scanning_manager.cc(198)] ScanFilterParamSetup in shim layer
05-28 20:49:05.847  1256  1331 D BaseRestrictionMgr: Package: com.tencent.mobileqq, userid: 0, hostingType: broadcast is Restricted by policy: 4 caller is: android
05-28 20:49:05.847  1256  1331 W BroadcastQueue: intent:Intent { act=android.intent.action.SCREEN_ON flg=0x50200010 (has extras) } is skipped in RestrictedPackage to ProcessRecord{ac0768f 15271:com.tencent.mobileqq:MSF/u0a367}
05-28 20:49:05.847  8735  9072 I bt_stack: [INFO:le_scanning_manager.cc(240)] ScanFilterAdd in shim layer
05-28 20:49:05.848  8735  9072 D BtGatt.ScanManager: configureFilterParamter() : onFoundTimeout | onLostTimeout | onFoundCount | numOfTrackingEntries | scanFilterRssiThreshold | trackableScanFilterRssiThreshold | matchMode
05-28 20:49:05.848  8735  9072 D BtGatt.ScanManager: configureFilterParamter() : __________500__|________10000__|___________1__|___________________0__|___________________-128__|____________________________-128__|________1_
05-28 20:49:05.848  8735  9072 I bt_stack: [INFO:le_scanning_manager.cc(198)] ScanFilterParamSetup in shim layer
05-28 20:49:05.848  8735  9072 I bt_stack: [INFO:le_scanning_manager.cc(240)] ScanFilterAdd in shim layer
05-28 20:49:05.848  1256  1658 D BaseRestrictionMgr: Package: com.tencent.mobileqq, userid: 0, hostingType: broadcast is Restricted by policy: 4 caller is: android
05-28 20:49:05.848  1256  1658 W BroadcastQueue: intent:Intent { act=android.intent.action.SCREEN_ON flg=0x50200010 (has extras) } is skipped in RestrictedPackage to ProcessRecord{2deb555 15212:com.tencent.mobileqq/u0a367}
05-28 20:49:05.848 27220 27220 I SAMSUNGWALLET: [Hint_PayHintService] Hint Status - already invisible, skip hide : [4000002] - 2
05-28 20:49:05.848  1256  1658 D BaseRestrictionMgr: Package: com.tencent.mobileqq, userid: 0, hostingType: broadcast is Restricted by policy: 4 caller is: android
05-28 20:49:05.848  1256  1658 W BroadcastQueue: intent:Intent { act=android.intent.action.SCREEN_ON flg=0x50200010 (has extras) } is skipped in RestrictedPackage to ProcessRecord{ac0768f 15271:com.tencent.mobileqq:MSF/u0a367}
05-28 20:49:05.848  1256  1658 D BaseRestrictionMgr: Package: com.tencent.mobileqq, userid: 0, hostingType: broadcast is Restricted by policy: 4 caller is: android
05-28 20:49:05.848  1256  1658 W BroadcastQueue: intent:Intent { act=android.intent.action.SCREEN_ON flg=0x50200010 (has extras) } is skipped in RestrictedPackage to ProcessRecord{2deb555 15212:com.tencent.mobileqq/u0a367}
05-28 20:49:05.848  1256  1658 D BaseRestrictionMgr: Package: com.tencent.mobileqq, userid: 0, hostingType: broadcast is Restricted by policy: 4 caller is: android
05-28 20:49:05.848  1256  1658 W BroadcastQueue: intent:Intent { act=android.intent.action.SCREEN_ON flg=0x50200010 (has extras) } is skipped in RestrictedPackage to ProcessRecord{2deb555 15212:com.tencent.mobileqq/u0a367}
05-28 20:49:05.848  1023  1023 I SDM     : StrategyImpl::SetIdleTimeoutMs: Idle timeout set to zero for command mode panels
05-28 20:49:05.849  1127  1127 D SurfaceFlinger: Finished setting power mode 2 on display 4630947232161729153
05-28 20:49:05.849  1256  2314 D SurfaceControl: Excessive delay in setPowerMode()
05-28 20:49:05.849  1256  2314 D LocalDisplayAdapter: !@display_state: ON took 148 ms
05-28 20:49:05.849  1256  2314 D SemInputDeviceManagerService: currentDisplayState[1]:ON(2)
05-28 20:49:05.849  1256  2314 D SemInputDeviceManagerService: LATE: Logical: ON(2) Physical: ON(2) [Using: ON(2)] displayType: 1
05-28 20:49:05.849  1256  2314 D LocalDisplayAdapter: notifyStateChangeFinish: com.samsung.android.hardware.secinputdev.SemInputDeviceManagerService$8@6d21dc took 0 ms
05-28 20:49:05.849  1256  2314 D DisplayPowerController[0]: setActualDisplayState: DOZE -> ON
05-28 20:49:05.849  1256  1687 D DisplayPowerController[0]: [ew] false
05-28 20:49:05.849  1256  1687 D DisplayPowerController[0]: [ew] clearEnableRequestTimeout -
05-28 20:49:05.849  1256  1687 D DisplayPowerController[0]: animateScreenStateChange: target=2, mLogicalDisplay.isEnabled()=true
05-28 20:49:05.849  1256  1687 D DisplayPowerController[0]: [ew] releaseSuspendBlocker: -
05-28 20:49:05.849  1256  1687 D DisplayPowerController[0]: animateScreenStateChange: target=2, mLogicalDisplay.isEnabled()=true
05-28 20:49:05.849  1256  1687 D DisplayPowerController[0]: [202][T: 177]  [CallerDiff: 1] [WMS:  0] [DSL: 0] [Panel:149]
05-28 20:49:05.850  1256  1687 D PowerManagerService: displayReady: true groupId=0
05-28 20:49:05.850  1256  1687 I LatencyTracker: ACTION_TURN_ON_SCREEN latency=177
05-28 20:49:05.850  1256  1687 D PowerManagerService: Setting HAL interactive mode to true
05-28 20:49:05.850  1256  1256 I WindowManager: Finished waking up... (why=ON_BECAUSE_OF_UNKNOWN)
05-28 20:49:05.850  1256  1256 V KeyguardServiceDelegate: onFinishedWakingUp()
05-28 20:49:05.850  2564  3427 D KeyguardService: onFinishedWakingUp
05-28 20:49:05.850  1256  1687 D PowerManagerService: handleSandman : stopDream
05-28 20:49:05.850  1256  1687 I DreamManagerService: Gently waking up from dream.
05-28 20:49:05.850 18482 18482 I Rubin   : [2] f9.c$a.b(SourceFile:3) : Analysis Condition Status - Screen State (OFF) : false, Power Connected : true
05-28 20:49:05.850  1256  1628 I DreamManagerService: Performing gentle wake from dream.
05-28 20:49:05.851  8735  9072 D BtGatt.ScanManager: configureFilterParamter() : onFoundTimeout | onLostTimeout | onFoundCount | numOfTrackingEntries | scanFilterRssiThreshold | trackableScanFilterRssiThreshold | matchMode
05-28 20:49:05.851  8735  9072 D BtGatt.ScanManager: configureFilterParamter() : __________500__|________10000__|___________1__|___________________0__|___________________-128__|____________________________-128__|________1_
05-28 20:49:05.851  8735  9072 I bt_stack: [INFO:le_scanning_manager.cc(198)] ScanFilterParamSetup in shim layer
05-28 20:49:05.851  8735  9072 I bt_stack: [INFO:le_scanning_manager.cc(240)] ScanFilterAdd in shim layer
05-28 20:49:05.851  8735  9072 D BtGatt.ScanManager: configureFilterParamter() : onFoundTimeout | onLostTimeout | onFoundCount | numOfTrackingEntries | scanFilterRssiThreshold | trackableScanFilterRssiThreshold | matchMode
05-28 20:49:05.851  1045  9930 I Sec MiscPowerHAL: !@sysfs_write +: /sys/class/power_supply/battery/lcd: 1
05-28 20:49:05.851  1045  9930 I Sec MiscPowerHAL: !@sysfs_write -: /sys/class/power_supply/battery/lcd: 1
05-28 20:49:05.851  8735  9072 D BtGatt.ScanManager: configureFilterParamter() : __________500__|________10000__|___________1__|___________________0__|___________________-128__|____________________________-128__|________1_
05-28 20:49:05.851  8735  9072 I bt_stack: [INFO:le_scanning_manager.cc(198)] ScanFilterParamSetup in shim layer
05-28 20:49:05.852 18482 18482 I Rubin   : [2] com.samsung.android.rubin.inferenceengine.contextanalytics.engine.loggers.r0$b.onReceive(SourceFile:2) : Action=android.intent.action.SCREEN_ON
05-28 20:49:05.853  1045  9929 I Sec MiscPowerHAL: !@sysfs_write +: /sys/class/sec/tsp/input/enabled: 1
05-28 20:49:05.853  8735  9072 I bt_stack: [INFO:le_scanning_manager.cc(240)] ScanFilterAdd in shim layer
05-28 20:49:05.853  8735  9072 D BtGatt.ScanManager: configureFilterParamter() : onFoundTimeout | onLostTimeout | onFoundCount | numOfTrackingEntries | scanFilterRssiThreshold | trackableScanFilterRssiThreshold | matchMode
05-28 20:49:05.853  8735  9072 D BtGatt.ScanManager: configureFilterParamter() : __________500__|________10000__|___________1__|___________________0__|___________________-128__|____________________________-128__|________1_
05-28 20:49:05.855  8735  9072 I bt_stack: [INFO:le_scanning_manager.cc(198)] ScanFilterParamSetup in shim layer
05-28 20:49:05.855 12955  9697 E LoadedApk: Exception : java.lang.NullPointerException: Attempt to invoke virtual method 'boolean android.os.Looper.isPerfLogEnable()' on a null object reference
05-28 20:49:05.856  1316  1807 D SemNativeCarrierFeature_vendor: getInstance
05-28 20:49:05.856  8735  9072 I bt_stack: [INFO:le_scanning_manager.cc(240)] ScanFilterAdd in shim layer
05-28 20:49:05.857  2564  2564 D AppController: AppControlSensorListener.onSensorChanged, Rotation: 0
05-28 20:49:05.857  2564  2564 I FaceWidgetPositionAlgorithm: setup() mStatusBarHeight = 104, mDarkAmount = 0.5961372, mQsTopPadding = 1148, notificationStackHeight = 0, mPanelExpansion = 0.0, mHeight = 3200, mFaceWidgetContainerHeight = 508, mCurrentClockType = 7, notificationType = 0, hasVisibleNotifs = false
05-28 20:49:05.857  2564  2564 I FaceWidgetPositionAlgorithm: getClockContainerHeight() supplier = 412, bottom margin = 96, real height = 508
05-28 20:49:05.857  2564  2564 I FaceWidgetPositionAlgorithm: getMediaContainerHeight() height = 0 container Visibility = 8, isValid = false, mIsDozing = false, fraction = 1.0, source = 0, target = 0
05-28 20:49:05.857  2564  2564 I FaceWidgetPositionAlgorithm: getMediaContainerHeight() supplier = 0
05-28 20:49:05.858  2564  2564 I FaceWidgetPositionAlgorithm: getClockContainerHeight() supplier = 412, bottom margin = 0, real height = 508
05-28 20:49:05.859  2564  2564 I AlwaysOnDisplayEx: onDozeAmountChanged linearAmount = 0.76032 / amount = 0.5961372 / mNeedAODClockTransition = false
05-28 20:49:05.859  1256  2706 D SemInputCommandService: getFodPosition: devid:1
05-28 20:49:05.860  8735  9072 D BtGatt.ScanManager: configureFilterParamter() : onFoundTimeout | onLostTimeout | onFoundCount | numOfTrackingEntries | scanFilterRssiThreshold | trackableScanFilterRssiThreshold | matchMode
05-28 20:49:05.860  8735  9072 D BtGatt.ScanManager: configureFilterParamter() : __________500__|________10000__|___________1__|___________________0__|___________________-128__|____________________________-128__|________1_
05-28 20:49:05.860  8735  9072 I bt_stack: [INFO:le_scanning_manager.cc(198)] ScanFilterParamSetup in shim layer
05-28 20:49:05.861  8735  9072 I bt_stack: [INFO:le_scanning_manager.cc(240)] ScanFilterAdd in shim layer
05-28 20:49:05.861  1058  1058 I sysinput:Touch: readInformation:225, fod_pos: OK
05-28 20:49:05.861  1256  2706 D SysinputHAL_V1_3: getProperty(TSP_1): FOD_POS:00000000000000000000000000000000000000000000000000000000000000000000
05-28 20:49:05.862  8735  9072 D BtGatt.ScanManager: configureFilterParamter() : onFoundTimeout | onLostTimeout | onFoundCount | numOfTrackingEntries | scanFilterRssiThreshold | trackableScanFilterRssiThreshold | matchMode
05-28 20:49:05.862  8735  9072 D BtGatt.ScanManager: configureFilterParamter() : __________500__|________10000__|___________1__|___________________0__|___________________-128__|____________________________-128__|________1_
05-28 20:49:05.862  8735  9072 I bt_stack: [INFO:le_scanning_manager.cc(198)] ScanFilterParamSetup in shim layer
05-28 20:49:05.863  8735  9072 I BluetoothAdapter: STATE_ON
05-28 20:49:05.864  8735  9072 I BluetoothAdapter: STATE_ON
05-28 20:49:05.864  8735  9072 I BluetoothAdapter: STATE_ON
05-28 20:49:05.864  8735  9079 E BtGatt.GattService: [GSIM LOG]: gsimLogHandler, msg: MESSAGE_SCAN_START, appName: com.samsung.android.mcfds, scannerId: 4, reportDelayMillis=0
05-28 20:49:05.864  8735  9072 I bt_stack: [INFO:le_scanning_manager.cc(269)] ScanFilterEnable in shim layer
05-28 20:49:05.865  8735  9072 I bt_stack: [INFO:le_scanning_manager.cc(240)] ScanFilterAdd in shim layer
05-28 20:49:05.865  8735  9072 D BtGatt.ScanManager: configureFilterParamter() : onFoundTimeout | onLostTimeout | onFoundCount | numOfTrackingEntries | scanFilterRssiThreshold | trackableScanFilterRssiThreshold | matchMode
05-28 20:49:05.865  8735  9072 D BtGatt.ScanManager: configureFilterParamter() : __________500__|________10000__|___________1__|___________________0__|___________________-128__|____________________________-128__|________1_
05-28 20:49:05.865  8735  9072 I bt_stack: [INFO:le_scanning_manager.cc(198)] ScanFilterParamSetup in shim layer
05-28 20:49:05.865  1127  1170 I VSyncReactor: Current= 60, TransitioningTo= 60, hwcPeriod= 60, Distance= 0
05-28 20:49:05.865  1127  1170 W HWComposer: Ignoring duplicate VSYNC event from HWC for display 4630947232161729153 (t=50117527970000)
05-28 20:49:05.868 12955  8924 E LoadedApk: Exception : java.lang.NullPointerException: Attempt to invoke virtual method 'boolean android.os.Looper.isPerfLogEnable()' on a null object reference
05-28 20:49:05.874 12955  9844 I NearbyUWB: (REDACTED) Screen unlocked: %s
05-28 20:49:05.874 12955 13327 I NearbyDiscovery: (REDACTED) FastPairHandler: Received action %s
05-28 20:49:05.875 12955 13327 I NearbyDiscovery: (REDACTED) OffloadFastPairScanner: eventType=%s, isInternalReq=%s, isOffloadScanning=%s, isOffloadScanningAllowed=%s
05-28 20:49:05.875 12955 13327 I NearbyDiscovery: (REDACTED) FastPairScanner: isScreenOn=%s, isLocationEnabled=%s, disableLocationRequirement=%s, isDiscoveryScanningEnabled=%s, during24GhzWifiWarmingUpPeriod=%s
05-28 20:49:05.875 12955 13327 I BluetoothAdapter: STATE_ON
05-28 20:49:05.875 12955 13327 I NearbyDiscovery: (REDACTED) FastPairScanner: eventType=%s, intReq=%s, scanning=%s, scanAllowed=%s, bleEnabled=%s, lockScanRate=%s, startScanningByLowPowerMode=%s
05-28 20:49:05.875 12955 13327 I NearbyDiscovery: FastPairController: onSystemStateChanged: skip due to flag disabled [CONTEXT service_id=265 ]
05-28 20:49:05.876 12955  8924 E LoadedApk: Exception : java.lang.NullPointerException: Attempt to invoke virtual method 'boolean android.os.Looper.isPerfLogEnable()' on a null object reference
05-28 20:49:05.876 26187 26217 I SystemBroadcastReceiver: [#CMH#] onReceive completed :  0
05-28 20:49:05.876 26187 26187 I PolicyManager: [#CMH#] onReceive action = EVENT_SCREEN_ON
05-28 20:49:05.876  1256  2708 D BaseRestrictionMgr: Package: com.tencent.mm, userid: 0, hostingType: broadcast is Restricted by policy: 4 caller is: android
05-28 20:49:05.876  1256  2708 W BroadcastQueue: intent:Intent { act=android.intent.action.SCREEN_ON flg=0x50200010 (has extras) } is skipped in RestrictedPackage to ProcessRecord{d2b51d0 32619:com.tencent.mm/u0a395}
05-28 20:49:05.877  1256  1658 D BaseRestrictionMgr: Package: com.tencent.mm, userid: 0, hostingType: broadcast is Restricted by policy: 4 caller is: android
05-28 20:49:05.877  1256  1658 W BroadcastQueue: intent:Intent { act=android.intent.action.SCREEN_ON flg=0x50200010 (has extras) } is skipped in RestrictedPackage to ProcessRecord{d2b51d0 32619:com.tencent.mm/u0a395}
05-28 20:49:05.878  1256  1658 D BaseRestrictionMgr: Package: com.tencent.mm, userid: 0, hostingType: broadcast is Restricted by policy: 4 caller is: android
05-28 20:49:05.878  1256  1658 W BroadcastQueue: intent:Intent { act=android.intent.action.SCREEN_ON flg=0x50200010 (has extras) } is skipped in RestrictedPackage to ProcessRecord{d2b51d0 32619:com.tencent.mm/u0a395}
05-28 20:49:05.878  1256  1658 D BaseRestrictionMgr: Package: com.tencent.mm, userid: 0, hostingType: broadcast is Restricted by policy: 4 caller is: android
05-28 20:49:05.878  1256  1658 W BroadcastQueue: intent:Intent { act=android.intent.action.SCREEN_ON flg=0x50200010 (has extras) } is skipped in RestrictedPackage to ProcessRecord{d2b51d0 32619:com.tencent.mm/u0a395}
05-28 20:49:05.878  1256  1658 D BaseRestrictionMgr: Package: com.tencent.mm, userid: 0, hostingType: broadcast is Restricted by policy: 4 caller is: android
05-28 20:49:05.878  1256  1658 W BroadcastQueue: intent:Intent { act=android.intent.action.SCREEN_ON flg=0x50200010 (has extras) } is skipped in RestrictedPackage to ProcessRecord{7c4561 21733:com.tencent.mm:push/u0a395}
05-28 20:49:05.878  1256  1658 D BaseRestrictionMgr: Package: com.tencent.mm, userid: 0, hostingType: broadcast is Restricted by policy: 4 caller is: android
05-28 20:49:05.878  1256  1658 W BroadcastQueue: intent:Intent { act=android.intent.action.SCREEN_ON flg=0x50200010 (has extras) } is skipped in RestrictedPackage to ProcessRecord{7c4561 21733:com.tencent.mm:push/u0a395}
05-28 20:49:05.878  1256  1658 D BaseRestrictionMgr: Package: com.tencent.mm, userid: 0, hostingType: broadcast is Restricted by policy: 4 caller is: android
05-28 20:49:05.878  1256  1658 W BroadcastQueue: intent:Intent { act=android.intent.action.SCREEN_ON flg=0x50200010 (has extras) } is skipped in RestrictedPackage to ProcessRecord{d2b51d0 32619:com.tencent.mm/u0a395}
05-28 20:49:05.878  1256  1658 D BaseRestrictionMgr: Package: com.tencent.mm, userid: 0, hostingType: broadcast is Restricted by policy: 4 caller is: android
05-28 20:49:05.878  1256  1658 W BroadcastQueue: intent:Intent { act=android.intent.action.SCREEN_ON flg=0x50200010 (has extras) } is skipped in RestrictedPackage to ProcessRecord{d2b51d0 32619:com.tencent.mm/u0a395}
05-28 20:49:05.878  1256  1658 D BaseRestrictionMgr: Package: com.tencent.mm, userid: 0, hostingType: broadcast is Restricted by policy: 4 caller is: android
05-28 20:49:05.878  1256  1658 W BroadcastQueue: intent:Intent { act=android.intent.action.SCREEN_ON flg=0x50200010 (has extras) } is skipped in RestrictedPackage to ProcessRecord{d2b51d0 32619:com.tencent.mm/u0a395}
05-28 20:49:05.878  1256  1658 D BaseRestrictionMgr: Package: com.tencent.mm, userid: 0, hostingType: broadcast is Restricted by policy: 4 caller is: android
05-28 20:49:05.878  1256  1658 W BroadcastQueue: intent:Intent { act=android.intent.action.SCREEN_ON flg=0x50200010 (has extras) } is skipped in RestrictedPackage to ProcessRecord{d2b51d0 32619:com.tencent.mm/u0a395}
05-28 20:49:05.878  1256  1658 D BaseRestrictionMgr: Package: com.tencent.mm, userid: 0, hostingType: broadcast is Restricted by policy: 4 caller is: android
05-28 20:49:05.878  1256  1658 W BroadcastQueue: intent:Intent { act=android.intent.action.SCREEN_ON flg=0x50200010 (has extras) } is skipped in RestrictedPackage to ProcessRecord{d2b51d0 32619:com.tencent.mm/u0a395}
05-28 20:49:05.882  1127  1170 W HWComposer: Ignoring duplicate VSYNC event from HWC for display 4630947232161729153 (t=50117544557000)
05-28 20:49:05.884  2564  2564 D KeyguardSecIndicationPolicy: remove e mpty pos = DEFAULT, type =         UNLOCK_GUIDE
05-28 20:49:05.885  2564  2564 D KeyguardSecIndicationPolicy:  remove Item pos = DEFAULT, type =         UNLOCK_GUIDE
05-28 20:49:05.885  2564  2564 D SecLifecycle: wakefulness=2
05-28 20:49:05.885  2564  2564 D KeyguardWallpaperEventHandler: onFinishedWakingUp()
05-28 20:49:05.885  2564  2564 D KeyguardWallpaperEventHandler: sendMessage(), what = 836 , obj = null , arg1 = -1 , arg2 = -1
05-28 20:49:05.885  2564  2564 D KeyguardSecIndicationPolicy: update Event pos = BIOMETRIC_ERROR, type =           EMPTY_HIGH, id =  2171, text = 
05-28 20:49:05.885  2564  2564 D KeyguardSecIndicationPolicy:   update top pos = BIOMETRIC_ERROR, item = [id=2138|ty=EMPTY_HIGH|pr=45|txt=|ti=duration=PERSISTENT|an=false] -> [id=2171|ty=EMPTY_HIGH|pr=45|txt=|ti=duration=PERSISTENT|an=false]
05-28 20:49:05.885  2564  2564 D FaceWidgetViewModel: onFinishedWakingUp()
05-28 20:49:05.885  2564  2564 D FaceWidgetViewModel: updateInfoParameters(waking up) isAODState = false, clockSidePadding = (96, 96), musicSidePadding = (40, 40)
05-28 20:49:05.885  2564  2564 D FaceWidgetViewModel: shouldContainerVisible() reason = (onFinishedWakingUp) true
05-28 20:49:05.886  2564  2564 D KeyguardPunchHoleVIView: onFinishedWakingUp
05-28 20:49:05.886  2564  2564 D KeyguardPunchHoleVIView: startVI() - return, face recognition is stopped
05-28 20:49:05.886  1256  2708 I DreamManagerService: Leaving dreamland.
05-28 20:49:05.886  1256  2708 D PowerManagerService: [api] release WakeLock DOZE_WAKE_LOCK                 'DreamManagerService' ACQ=-2m20s793ms (uid=1000 pid=1256 displayId=-1 lock=f55b908)
05-28 20:49:05.887  1256  1256 D PowerManagerService: [PWL] sb release: PowerManagerService.Broadcasts
05-28 20:49:05.888  1256  1628 I DreamManagerService: Performing gentle wake from dream.
05-28 20:49:05.888  1256  1628 I DreamController: Stopping dream: name=ComponentInfo{com.android.systemui/com.android.systemui.doze.DozeService}, isPreviewMode=false, canDoze=true, userId=0, reason='finished self'(from 'requested stopDream')
05-28 20:49:05.889  1256  1687 D PowerManagerService: [api] DreamReceiver: onReceive: android.intent.action.DREAMING_STOPPED
05-28 20:49:05.889  4727  4727 I CocktailBarUiHandler: ACTION_DREAMING_STOPPED
05-28 20:49:05.889  4727  4727 I AbstractCocktailPanelView: notifyPanelVisibilityChanged: visibility not changed 2 id: 1
05-28 20:49:05.889  4727  4727 I AbstractCocktailPanelView: setPanelVisible: f2 will be hidden: 1
05-28 20:49:05.889  4727  4727 I CocktailBarPanelVisibilityManager: updateActivePanelView:  vis=false onTransit=false -hide: 1 current Active: 1
05-28 20:49:05.890 27220 27220 I SAMSUNGWALLET: [Hint_PayHintService] onReceive() action=android.intent.action.DREAMING_STOPPED
05-28 20:49:05.890  2564 27090 D KeyguardViewMediator: onDreamingStopped
05-28 20:49:05.892  2564  2564 I FaceWidgetPositionAlgorithm: setup() mStatusBarHeight = 104, mDarkAmount = 0.43238428, mQsTopPadding = 1148, notificationStackHeight = 0, mPanelExpansion = 0.0, mHeight = 3200, mFaceWidgetContainerHeight = 508, mCurrentClockType = 7, notificationType = 0, hasVisibleNotifs = false
05-28 20:49:05.892  2564  2564 I FaceWidgetPositionAlgorithm: getClockContainerHeight() supplier = 412, bottom margin = 96, real height = 508
05-28 20:49:05.892  2564  2564 I FaceWidgetPositionAlgorithm: getMediaContainerHeight() height = 0 container Visibility = 8, isValid = false, mIsDozing = false, fraction = 1.0, source = 0, target = 0
05-28 20:49:05.892  2564  2564 I FaceWidgetPositionAlgorithm: getMediaContainerHeight() supplier = 0
05-28 20:49:05.892  1256  6632 D SemInputCommandService: getFodPosition: devid:1
05-28 20:49:05.892  2564  2564 I FaceWidgetPositionAlgorithm: getClockContainerHeight() supplier = 412, bottom margin = 0, real height = 508
05-28 20:49:05.892  2564  2564 I AlwaysOnDisplayEx: onDozeAmountChanged linearAmount = 0.69498 / amount = 0.43238428 / mNeedAODClockTransition = false
05-28 20:49:05.893  2564  2564 I FaceWidgetPositionAlgorithm: getClockContainerHeight() supplier = 412, bottom margin = 96, real height = 508
05-28 20:49:05.893  2564  2564 I FaceWidgetPositionAlgorithm: getMediaContainerHeight() height = 0 container Visibility = 8, isValid = false, mIsDozing = false, fraction = 1.0, source = 0, target = 0
05-28 20:49:05.893  2564  2564 I FaceWidgetPositionAlgorithm: getMediaContainerHeight() supplier = 0
05-28 20:49:05.893  2564  2564 I FaceWidgetPositionAlgorithm: getClockContainerHeight() supplier = 412, bottom margin = 0, real height = 508
05-28 20:49:05.893  2564  2564 I FaceWidgetPositionAlgorithm: getClockContainerHeight() supplier = 412, bottom margin = 96, real height = 508
05-28 20:49:05.893  2564  2564 I FaceWidgetPositionAlgorithm: getMediaContainerHeight() height = 0 container Visibility = 8, isValid = false, mIsDozing = false, fraction = 1.0, source = 0, target = 0
05-28 20:49:05.893  2564  2564 I FaceWidgetPositionAlgorithm: getMediaContainerHeight() supplier = 0
05-28 20:49:05.893  2564  2564 I FaceWidgetPositionAlgorithm: getClockContainerHeight() supplier = 412, bottom margin = 0, real height = 508
05-28 20:49:05.894  2564  2564 D KeyguardSecIndicationController: changeBiometricErrorIndication = 
05-28 20:49:05.894  1058  1058 I sysinput:Touch: readInformation:225, fod_pos: OK
05-28 20:49:05.894  1256  6632 D SysinputHAL_V1_3: getProperty(TSP_1): FOD_POS:00000000000000000000000000000000000000000000000000000000000000000000
05-28 20:49:05.898 27220 27677 I SAMSUNGWALLET: [Hint_SimpleHintProcessMonitor] isHomePackageRunning topPkgName = com.anonymous.kidmate, topClsName = com.anonymous.kidmate.MainActivity, return false , se : false
05-28 20:49:05.898  4727  4727 I Utils   : isCurrentUser current = 0, ownerId = 0
05-28 20:49:05.898  1127  1170 W HWComposer: Ignoring duplicate VSYNC event from HWC for display 4630947232161729153 (t=50117561149000)
05-28 20:49:05.898  4727  4727 I TrayVisibilityController: getComputedTrayVisible : keyguardState = 2
05-28 20:49:05.899  4727  4727 I TrayVisibilityController: updateTrayVisible: State=2 visible=1 mCurrentVisible=2 specificMode=0
05-28 20:49:05.899  4727  4727 I TrayStateController: onNotifyUpdateTray: state=2
05-28 20:49:05.899  4727  4727 I MSHandlerLifeCycle: check: return. pkg=com.samsung.android.app.cocktailbarservice isActivity=false callers=com.android.internal.policy.DecorView.setVisibility:4412 l4.r.F:11 l4.o.U0:41 l4.o$g.e:4 l4.o$g.c:7 
05-28 20:49:05.899  4727  4727 I MSHandlerLifeCycle: removeMultiSplitHandler: no exist. decor=DecorView@ba0f9af[CocktailBarService]
05-28 20:49:05.899  4727  4727 I MSHandlerLifeCycle: check: return. pkg=com.samsung.android.app.cocktailbarservice isActivity=false callers=com.android.internal.policy.DecorView.setVisibility:4412 l4.v.E:2 l4.o.U0:46 l4.o$g.e:4 l4.o$g.c:7 
05-28 20:49:05.899  4727  4727 I MSHandlerLifeCycle: removeMultiSplitHandler: no exist. decor=DecorView@ba0f9af[CocktailBarService]
05-28 20:49:05.901  2564  2564 D FaceWidgetContainerObserver: onChanged() FaceWidgetContainerLiveData{mIsContainerVisible=true, mClipLayoutVisibility=0, mRotation=0, mIsOwnerVisible=0, mOwnerInfoGravity=17, mAdditionalInfoGravity=17, mClockSideStartPadding=96, mClockSideEndPadding=96, mMusicSideStartPadding=40, mMusicSideEndPadding=40, mInfoSideStartPadding=96, mInfoSideEndPadding=96, mClipLayoutWidth = -1, mIsUpdateOwnerInfoText=true, mAdditionalInfoRemoteView=null, mHasCMAS=false, mIsAdditionalViewGoingToSleep=false, mConfig=CustomConfiguration{fontScale=1.0, screenLayout=268435810, orientation=1, screenWidthDp=360, screenHeightDp=759, smallestScreenWidthDp=360, densityDpi=640, uiMode=17, isRTL=false, mConfiguration={1.0 454mcc65535mnc [zh_CN_#Hans,en_AU,en_US] ldltr sw360dp w360dp h759dp 640dpi nrml long port finger -keyb/v/h -nav/h winConfig={ mBounds=Rect(0, 0 - 1440, 3200) mAppBounds=Rect(0, 104 - 1440, 3140) mMaxBounds=Rect(0, 0 - 1440, 3200) mDisplayRotation=ROTATION_0 mWindowingMode=fullscreen mDisplayWindowingMode=fullscreen mActivityType=undefined mAlwaysOnTop=undefined mRotation=ROTATION_0 mPopOver=undefined mStageConfig=undefined mFreeformTaskPinningState=undefined mFreeformStashState=undefined mDexTaskDockingState=undefined} s.6364 fontWeightAdjustment=0 ff=0 bf=0 bts=0 desktop/d dm/n ?dc ?dcui themeSeq=0 nightDim=0}}}
05-28 20:49:05.901  2564  2564 D FaceWidgetPagesController: onGravityChanged()
05-28 20:49:05.902  2564  2564 D FaceWidgetClockPage: setClockGravity() gravity = 49
05-28 20:49:05.902  2564  2564 D DozeService: onDreamingStopped: 
05-28 20:49:05.903  2564  2564 I DozeMachine: transition: old=DOZE_AOD req=FINISH new=FINISH
05-28 20:49:05.903  2564  2564 D PluginAODManager: enableTouch : true FaceWidgetContainerWrapper = com.android.systemui.facewidget.plugin.FaceWidgetContainerWrapper@7fcd438
05-28 20:49:05.904  2564  2564 D DozeService: stopAlwaysOnDisplay: mAODPlugin=com.samsung.android.app.aodservice.plugin.PluginAODImpl@2e7c070
05-28 20:49:05.904  2564  2564 V KeyguardUpdateMonitor: *** unregister callback for com.android.systemui.doze.PluginAODManager$1@85a8a3
05-28 20:49:05.904  2564  2564 D PluginAODManager: removeUpdateMonitor mWakefulness=2
05-28 20:49:05.904  2564  2564 D PluginAODManager: removeNotiCollectionListener: 
05-28 20:49:05.904  2564  2564 I PluginAODImpl: onDreamingStopped()
05-28 20:49:05.904  2564  2564 I AlwaysOnDisplayEx: !@AlwaysOnDisplayEx: onDestroy hashCode=30219287
05-28 20:49:05.904  2564  2564 I AODUiTimer: removeAODTimeTickTimerListener
05-28 20:49:05.904  2564  2564 W AODAlarmTimer_AOD_CHARGING_INFO_TICK: stop : not yet started 
05-28 20:49:05.904  2564  2564 I AODStateMachine: request : (CHARGING) --> (IDLE) : canTransition (true)
05-28 20:49:05.904  2564  2564 I AODCommonUtils: isSupportLiveClockImageProcessing liveClockVersion = 6
05-28 20:49:05.904  2564  2564 I AODCommonUtils: isSupportLiveClock: false
05-28 20:49:05.904  2564  2564 I AlwaysOnDisplayEx: clearLiveClock do not support liveclock
05-28 20:49:05.904  2564  9932 I AlwaysOnDisplayEx: clearAODTspRect
05-28 20:49:05.904  2564  2564 I AbsSettings: getStringInner: from cache a / display_time_start = 0
05-28 20:49:05.904  2564  2564 I DozeMachine: transition: old=FINISH req=DOZE new=FINISH
05-28 20:49:05.905  2564  2564 I MODManager: clearMODIfNeeded: finish MOD
05-28 20:49:05.905  1256  6632 I AODManagerService: updateAODTspRectInternal union: key : com.samsung.android.app.aodservice rect : Rect(0, 0 - 0, 0)
05-28 20:49:05.905  2564  2564 I AOD_CONFIG@AODConfigurationController: [transitionTo] CHARGING >> IDLE
05-28 20:49:05.905  2564  2564 E AOD_CONFIG@AODConfigurationController: Skipping unregisterMonitor MONITOR_SEMCONTEXT - no registered monitor
05-28 20:49:05.905  2564  2564 E AOD_CONFIG@AODConfigurationController: Skipping unregisterMonitor MONITOR_BROADCAST_PSM - no registered monitor
05-28 20:49:05.905  2564  2564 E AOD_CONFIG@AODConfigurationController: Skipping unregisterMonitor MONITOR_BROADCAST_WALLPAPER - no registered monitor
05-28 20:49:05.905  2564  2564 E AOD_CONFIG@AODConfigurationController: Skipping unregisterMonitor MONITOR_FOLD_STATE - no registered monitor
05-28 20:49:05.905  2564  2564 E AOD_CONFIG@AODConfigurationController: Skipping unregisterMonitor MONITOR_BROADCAST_ROAMING - no registered monitor
05-28 20:49:05.905  2564  2564 I AODFaceWidgetModel: dismissDashboard: restartAOD=false
05-28 20:49:05.905 27220 27220 I SAMSUNGWALLET: [Hint_PayHintService] Hint Status - SHOW, y : 0.0
05-28 20:49:05.905 27220 27220 I SAMSUNGWALLET: [Hint_PayHintService] getWindowLayoutParams
05-28 20:49:05.906 27220 27220 I SAMSUNGWALLET: [Hint_PayHintService] S fit
05-28 20:49:05.906 27220 27677 I SAMSUNGWALLET: [SimpleCardManagerImpl] Focus card exists in list. type=1 id=abt***********************
05-28 20:49:05.906  2564  2564 I FaceWidgetDashboardManager: dismissFaceWidgetFullScreen
05-28 20:49:05.906  2564  2564 D FaceWidgetDashBoard: close() - 1(returned) : showing is false
05-28 20:49:05.906  2564  2564 W AODAlarmTimer_AOD_CHARGING_INFO_TICK: stop : not yet started 
05-28 20:49:05.906  4727  4727 I HandleSettingUtils: getTriggerMarginOnTop retY=475 halfHandleSize=228 getTriggerPosition=10.584219
05-28 20:49:05.907  2564  2564 I AODBatteryManager: updateBatteryData: ACTION_BATTERY_CHANGED
05-28 20:49:05.907  2564  2564 I AODBatteryManager: saveBatteryData : AOD BatteryData [mBatteryLevel=63, mBatteryStatus=CHARGING, mBatteryPlugType=USB, mBatteryPlugged=true, mRemainingChargeTime=3008000, mBatteryChargingType=1, mBatteryChargerType=NORMAL, mBatteryOnline=NOT_DEFINED, mBatterySwellingMode=NONE, mBatteryProtectMode=false]
05-28 20:49:05.907  2564  2564 I ChargingInfoManager: updateChargingInfo: newState = AOD ChargingInfo [mState=BATTERY_AND_REMAIN_TIME, mIsCharging=true, mIsFullyCharged=false, mIsBatteryProtectMode=false], oldState = AOD ChargingInfo [mState=BATTERY_AND_REMAIN_TIME, mIsCharging=true, mIsFullyCharged=false, mIsBatteryProtectMode=false]
05-28 20:49:05.907  2564  9932 I AODCommonSettingsUtils: tap to show enable. return 0 to work as show always : true
05-28 20:49:05.907  2564  9932 I AODCommonSettingsUtils: tap to show enable. return 0 to work as show always : false
05-28 20:49:05.907  2564  2564 I AODCommonUtils: isStandAloneDesktopMode : desktopModeState = SemDesktopModeState(DISABLED, STATE_UNDEFINED, DISPLAY_TYPE_NONE)
05-28 20:49:05.908  4727  4727 I TrayStateController: setUiState 0 : 2 --> 0
05-28 20:49:05.908  2564  2564 I CommonUtils: isOnlyEmergencyMode: false/false
05-28 20:49:05.908  2564  2564 I AODUiController: IDLE break by interactive
05-28 20:49:05.909  2564  2564 D ScoverManager: unregisterListener
05-28 20:49:05.909  2564  2564 I MODManager: unregister
05-28 20:49:05.909  1256  2708 D EdgeLightingListenerManager: unregister : pkg = com.android.systemui, mListeners = 1
05-28 20:49:05.910  2564  2564 I AOD_BRIGHTNESS@BrightnessManager: releaseForceState: EDGE LIGHTING
05-28 20:49:05.910  2564  2564 E MODManager: hideSubUIChargingInfo skip because mAODChargingInfoSubUiPresenter is null
05-28 20:49:05.910  1256  2708 D AODManagerService: unregisterAODDozeCallbackInternal
05-28 20:49:05.910  2564  2564 I MODManager: unregisterFingerprintListener called
05-28 20:49:05.911  1256  6632 D FingerprintService.Ext: unregisterAodController: 2564
05-28 20:49:05.911  2564  2564 E SQLiteLog: (10) POSIX Error : 11 SQLite Error : 3850
05-28 20:49:05.911  2564  2564 E SQLiteLog: (10) LOCK : Getting lock (4) failed due to (11). The current owner is (8455).
05-28 20:49:05.911  2564  2564 I ChargingInfoManager: removeMessages: 
05-28 20:49:05.911  2564  2564 W AODAlarmTimer_HIDE_CHARGING_INFO_TIMER: stop : not yet started 
05-28 20:49:05.911  2564  2564 D PluginInstanceManager: stopListening
05-28 20:49:05.911  2564  2564 I DozeService: onDestroy: com.android.systemui.doze.DozeService@ed92f5a
05-28 20:49:05.912  2564  2564 D KeyguardUpdateMonitor: handleDreamingStateChanged() dreaming : true -> false, screen saver : false -> false
05-28 20:49:05.912  2564  2564 D KeyguardUpdateMonitor: updateBiometricListeningState()
05-28 20:49:05.912  2564  2564 D KeyguardFingerprint: shouldListenForFingerprint ( isFingerprintEnabled = true , mKeyguardIsVisible = true , mDeviceInteractive = true , mBouncerIsOrWillBeShowing = false , mBouncerFullyShown = false , mGoingToSleep = false , mSwitchingUser = false , mIsDreamingForBiometrics = false , mKeyguardUnlocking = false , mKeyguardGoingAway = false , mKeyguardShowing = true , mKeyguardOccluded = false , mSystemReady = true , mHasFocus = true
05-28 20:49:05.912  2564  2564 D KeyguardFingerprint: updateFingerprintListeningState#mFingerprintRunningState=1 shouldListenForFingerprint=true isUdfpsEnrolled=false bioType : 1
05-28 20:49:05.913  2564  2564 I FaceWidgetPositionAlgorithm: setup() mStatusBarHeight = 104, mDarkAmount = 0.36711675, mQsTopPadding = 1148, notificationStackHeight = 0, mPanelExpansion = 0.0, mHeight = 3200, mFaceWidgetContainerHeight = 508, mCurrentClockType = 7, notificationType = 0, hasVisibleNotifs = false
05-28 20:49:05.913  2564  2564 I FaceWidgetPositionAlgorithm: getClockContainerHeight() supplier = 412, bottom margin = 96, real height = 508
05-28 20:49:05.913  2564  2564 I FaceWidgetPositionAlgorithm: getMediaContainerHeight() height = 0 container Visibility = 8, isValid = false, mIsDozing = false, fraction = 1.0, source = 0, target = 0
05-28 20:49:05.913  2564  2564 I FaceWidgetPositionAlgorithm: getMediaContainerHeight() supplier = 0
05-28 20:49:05.913  2564  2564 I FaceWidgetPositionAlgorithm: getClockContainerHeight() supplier = 412, bottom margin = 0, real height = 508
05-28 20:49:05.913  2564  2564 I FaceWidgetPositionAlgorithm: getClockContainerHeight() supplier = 412, bottom margin = 96, real height = 508
05-28 20:49:05.914  2564  2564 I FaceWidgetPositionAlgorithm: getMediaContainerHeight() height = 0 container Visibility = 8, isValid = false, mIsDozing = false, fraction = 1.0, source = 0, target = 0
05-28 20:49:05.914  2564  2564 I FaceWidgetPositionAlgorithm: getMediaContainerHeight() supplier = 0
05-28 20:49:05.914  2564  2564 I FaceWidgetPositionAlgorithm: getClockContainerHeight() supplier = 412, bottom margin = 0, real height = 508
05-28 20:49:05.914  2564  2564 I FaceWidgetPositionAlgorithm: getClockContainerHeight() supplier = 412, bottom margin = 96, real height = 508
05-28 20:49:05.914  2564  2564 I FaceWidgetPositionAlgorithm: getMediaContainerHeight() height = 0 container Visibility = 8, isValid = false, mIsDozing = false, fraction = 1.0, source = 0, target = 0
05-28 20:49:05.914  2564  2564 I FaceWidgetPositionAlgorithm: getMediaContainerHeight() supplier = 0
05-28 20:49:05.914  2564  2564 I FaceWidgetPositionAlgorithm: getClockContainerHeight() supplier = 412, bottom margin = 0, real height = 508
05-28 20:49:05.914  1045  9929 I Sec MiscPowerHAL: !@sysfs_write -: /sys/class/sec/tsp/input/enabled: 1
05-28 20:49:05.915  1127  1170 W HWComposer: Ignoring duplicate VSYNC event from HWC for display 4630947232161729153 (t=50117577747000)
05-28 20:49:05.916  2564  2564 D PluginInstanceManager: onPluginDisconnected
05-28 20:49:05.916  2564  2564 D DozeService: onPluginDisconnected: PluginAOD plugin=com.samsung.android.app.aodservice.plugin.PluginAODImpl@2e7c070
05-28 20:49:05.916  2564  2564 D DozeService: stopAlwaysOnDisplay: mAODPlugin=null
05-28 20:49:05.916  2564  2564 I PluginAODImpl: onDestroy()
05-28 20:49:05.916  4727  4727 I ViewRootImpl@897c1ab[CocktailBarService]: performTraversals mFirst=false windowShouldResize=false viewVisibilityChanged=true mForceNextWindowRelayout=false params=null
05-28 20:49:05.917  2564  2564 I FaceWidgetPositionAlgorithm: setup() mStatusBarHeight = 104, mDarkAmount = 0.3121184, mQsTopPadding = 1148, notificationStackHeight = 0, mPanelExpansion = 0.0, mHeight = 3200, mFaceWidgetContainerHeight = 508, mCurrentClockType = 7, notificationType = 0, hasVisibleNotifs = false
05-28 20:49:05.917  2564  2564 I FaceWidgetPositionAlgorithm: getClockContainerHeight() supplier = 412, bottom margin = 96, real height = 508
05-28 20:49:05.917  2564  2564 I FaceWidgetPositionAlgorithm: getMediaContainerHeight() height = 0 container Visibility = 8, isValid = false, mIsDozing = false, fraction = 1.0, source = 0, target = 0
05-28 20:49:05.917  2564  2564 I FaceWidgetPositionAlgorithm: getMediaContainerHeight() supplier = 0
05-28 20:49:05.917  1256  1331 V WindowManager: Relayout Window{5d39861 u0 com.samsung.android.app.cocktailbarservice/com.samsung.android.app.cocktailbarservice.CocktailBarService}: viewVisibility=0 req=67x456 d0
05-28 20:49:05.917  2564  2564 I FaceWidgetPositionAlgorithm: getClockContainerHeight() supplier = 412, bottom margin = 0, real height = 508
05-28 20:49:05.917 27220 27220 I ViewRootImpl@7099df8[HintService]: performTraversals mFirst=false windowShouldResize=false viewVisibilityChanged=true mForceNextWindowRelayout=false params=null
05-28 20:49:05.917  1256  1331 D RestrictionPolicy: isScreenCaptureEnabled : ret=true userId=0
05-28 20:49:05.919  1127  1172 I SurfaceFlinger: id=27939 createSurf, flag=40004, com.samsung.android.app.cocktailbarservice/com.samsung.android.app.cocktailbarservice.CocktailBarService$_4727#27939
05-28 20:49:05.920  1256  1331 D WindowManager: makeSurface duration=2 name=com.samsung.android.app.cocktailbarservice/com.samsung.android.app.cocktailbarservice.CocktailBarService$_4727
05-28 20:49:05.921 14104 14104 I MCFQS   : (BleScanRepository) updateBleScan()-[td:main] screenOn new REQUEST_ONLY
05-28 20:49:05.921 14104 14104 I MCFQS   : (BleScanRepository) startBleScan()-[td:main] (data:[420108],mask:[ffffe8]) , cb=169295508
05-28 20:49:05.921 14104 14104 I BluetoothAdapter: STATE_ON
05-28 20:49:05.921 14104 14104 I BluetoothAdapter: STATE_ON
05-28 20:49:05.921 14104 14104 I BluetoothAdapter: STATE_ON
05-28 20:49:05.921  1256  6632 V WindowManager: Relayout Window{47e2a7c u0 com.samsung.android.spay.pay.HintService}: viewVisibility=0 req=488x96 d0
05-28 20:49:05.922  1256  6632 D RestrictionPolicy: isScreenCaptureEnabled : ret=true userId=0
05-28 20:49:05.922  1127  1172 I SurfaceFlinger: id=27940 createSurf, flag=40004, com.samsung.android.spay.pay.HintService$_27220#27940
05-28 20:49:05.922  1256  1331 V WindowManager: Relayout hash=5d39861, pid=4727, syncId=-1: mAttrs={(0,475)(67x456) gr=TOP RIGHT CENTER sim={adjust=nothing} layoutInDisplayCutoutMode=shortEdges ty=2226 fmt=TRANSPARENT
05-28 20:49:05.922  1256  1331 V WindowManager:   fl=81800508
05-28 20:49:05.922  1256  1331 V WindowManager:   pfl=2000050
05-28 20:49:05.922  1256  1331 V WindowManager:   vsysui=10
05-28 20:49:05.922  1256  1331 V WindowManager:   apr=LIGHT_NAVIGATION_BARS
05-28 20:49:05.922  1256  1331 V WindowManager:   bhv=SHOW_TRANSIENT_BARS_BY_SWIPE
05-28 20:49:05.922  1256  1331 V WindowManager:   fitTypes=NAVIGATION_BARS CAPTION_BAR
05-28 20:49:05.922  1256  1331 V WindowManager:  dimAmount=0.0 dimDuration=0 naviIconColor=0
05-28 20:49:05.922  1256  1331 V WindowManager:   sfl=620000}
05-28 20:49:05.922  1256  6632 D WindowManager: makeSurface duration=1 name=com.samsung.android.spay.pay.HintService$_27220
05-28 20:49:05.923  1256  6632 D DisplayPolicyExt: notifySamsungPayInfo: true, Rect(476, 3104 - 964, 3200)
05-28 20:49:05.923  2564  2564 D Navbar.NavigationBar: notifySamsungPayInfo displayId : 0, visible: true
05-28 20:49:05.923  4727  4727 I ViewRootImpl@897c1ab[CocktailBarService]: updateBlastSurfaceIfNeeded mBlastBufferQueue=null isSameSurfaceControl=false
05-28 20:49:05.923  2564  2564 V Navbar.Store: ------------handleEvent(0) OnUpdateSpayVisibility(showing=true, width=488) [Module] NavigationBar
05-28 20:49:05.924  2564  2564 V Navbar.Store: --------------[Band]GESTURE_PACK_SET_HINT_VISIBILITY
05-28 20:49:05.924  2564  2564 V Navbar.Store: --------------[Band] (afterAction) GESTURE_PACK_SET_HINT_VISIBILITY
05-28 20:49:05.924  2564  2564 V Navbar.Store: ----------------apply(0) UpdateGestureHintVisibility
05-28 20:49:05.924  2564  2564 V Navbar.Store: ----------------NavBarStates canShowGestureHint: false
05-28 20:49:05.924  3042  3081 I TouchInteractionService: notifyPayInfo, visible = true, width = 488
05-28 20:49:05.924  3042  3042 W SGestureDeviceStateImpl: updateSpayHandlerRegion, show = true, width = 488
05-28 20:49:05.924  1256  2706 D SemInputCommandService: getFodPosition: devid:1
05-28 20:49:05.924  8735  8764 D BtGatt.ContextMap: add() - appUid: 5025, appPid: 14104, appName: android.uid.mdxkit
05-28 20:49:05.925  8735  8764 I bt_stack: [INFO:le_scanning_manager.cc(165)] RegisterScanner in shim layer
05-28 20:49:05.925  8735  8992 D BtGatt.GattService: onScannerRegistered() - UUID=4ba0ac50-9051-484b-91e5-dfc9c6155fc7, scannerId=5, status=0
05-28 20:49:05.925  1256  6632 V WindowManager: Relayout hash=47e2a7c, pid=27220, syncId=-1: mAttrs={(0,0)(488x96) gr=BOTTOM CENTER sim={adjust=pan} layoutInDisplayCutoutMode=shortEdges ty=NAVIGATION_BAR_PANEL fmt=TRANSLUCENT
05-28 20:49:05.925  1256  6632 V WindowManager:   fl=1800308
05-28 20:49:05.925  1256  6632 V WindowManager:   pfl=12000040
05-28 20:49:05.925  1256  6632 V WindowManager:   bhv=DEFAULT
05-28 20:49:05.925  1256  6632 V WindowManager:   fitTypes=NAVIGATION_BARS
05-28 20:49:05.925  1256  6632 V WindowManager:   fitSides=LEFT RIGHT naviIconColor=0}
05-28 20:49:05.926 27220 27220 I ViewRootImpl@7099df8[HintService]: updateBlastSurfaceIfNeeded mBlastBufferQueue=null isSameSurfaceControl=false
